     kworker/0:1-1261  [000] d...  6524.289643: sched_switch: prev_comm=kworker/0:1 prev_pid=1261 prev_prio=120 prev_state=I ==> next_comm=swapper/0 next_pid=0 next_prio=120
          <idle>-0     [001] dnh.  6524.289673: sched_wakeup: comm=kworker/u8:2 pid=119 prio=120 target_cpu=001
          <idle>-0     [001] d...  6524.289685: sched_switch: prev_comm=swapper/1 prev_pid=0 prev_prio=120 prev_state=R ==> next_comm=kworker/u8:2 next_pid=119 next_prio=120
            bash-911   [003] d...  6524.289700: sched_switch: prev_comm=bash prev_pid=911 prev_prio=120 prev_state=S ==> next_comm=swapper/3 next_pid=0 next_prio=120
    kworker/u8:2-119   [001] d...  6524.289700: sched_switch: prev_comm=kworker/u8:2 prev_pid=119 prev_prio=120 prev_state=I ==> next_comm=swapper/1 next_pid=0 next_prio=120
          <idle>-0     [000] dnh.  6524.289702: sched_wakeup: comm=sshd pid=908 prio=120 target_cpu=000
          <idle>-0     [000] d...  6524.289715: sched_switch: prev_comm=swapper/0 prev_pid=0 prev_prio=120 prev_state=R ==> next_comm=sshd next_pid=908 next_prio=120
            sshd-908   [000] d...  6524.289861: sched_switch: prev_comm=sshd prev_pid=908 prev_prio=120 prev_state=S ==> next_comm=swapper/0 next_pid=0 next_prio=120
          <idle>-0     [000] dns.  6524.437357: sched_wakeup: comm=sshd pid=908 prio=120 target_cpu=000
          <idle>-0     [000] dnH.  6524.437366: sched_wakeup: comm=kworker/0:1 pid=1261 prio=120 target_cpu=000
          <idle>-0     [000] dns.  6524.437384: sched_wakeup: comm=ksoftirqd/0 pid=9 prio=120 target_cpu=000
          <idle>-0     [000] d...  6524.437399: sched_switch: prev_comm=swapper/0 prev_pid=0 prev_prio=120 prev_state=R ==> next_comm=ksoftirqd/0 next_pid=9 next_prio=120
     ksoftirqd/0-9     [000] d...  6524.437412: sched_switch: prev_comm=ksoftirqd/0 prev_pid=9 prev_prio=120 prev_state=S ==> next_comm=sshd next_pid=908 next_prio=120
          <idle>-0     [001] dnh.  6524.437509: sched_wakeup: comm=kworker/u8:2 pid=119 prio=120 target_cpu=001
          <idle>-0     [001] d...  6524.437522: sched_switch: prev_comm=swapper/1 prev_pid=0 prev_prio=120 prev_state=R ==> next_comm=kworker/u8:2 next_pid=119 next_prio=120
            sshd-908   [000] d...  6524.437536: sched_switch: prev_comm=sshd prev_pid=908 prev_prio=120 prev_state=S ==> next_comm=kworker/0:1 next_pid=1261 next_prio=120
          <idle>-0     [003] dnh.  6524.437539: sched_wakeup: comm=bash pid=911 prio=120 target_cpu=003
          <idle>-0     [003] d...  6524.437553: sched_switch: prev_comm=swapper/3 prev_pid=0 prev_prio=120 prev_state=R ==> next_comm=bash next_pid=911 next_prio=120
    kworker/u8:2-119   [001] d...  6524.437572: sched_switch: prev_comm=kworker/u8:2 prev_pid=119 prev_prio=120 prev_state=I ==> next_comm=swapper/1 next_pid=0 next_prio=120
     kworker/0:1-1261  [000] d...  6524.437573: sched_switch: prev_comm=kworker/0:1 prev_pid=1261 prev_prio=120 prev_state=I ==> next_comm=swapper/0 next_pid=0 next_prio=120
          <idle>-0     [001] dnh.  6524.437614: sched_wakeup: comm=kworker/u8:2 pid=119 prio=120 target_cpu=001
          <idle>-0     [001] d...  6524.437625: sched_switch: prev_comm=swapper/1 prev_pid=0 prev_prio=120 prev_state=R ==> next_comm=kworker/u8:2 next_pid=119 next_prio=120
            bash-911   [003] d...  6524.437641: sched_switch: prev_comm=bash prev_pid=911 prev_prio=120 prev_state=S ==> next_comm=swapper/3 next_pid=0 next_prio=120
    kworker/u8:2-119   [001] d...  6524.437642: sched_switch: prev_comm=kworker/u8:2 prev_pid=119 prev_prio=120 prev_state=I ==> next_comm=swapper/1 next_pid=0 next_prio=120
          <idle>-0     [000] dnh.  6524.437642: sched_wakeup: comm=sshd pid=908 prio=120 target_cpu=000
          <idle>-0     [000] d...  6524.437656: sched_switch: prev_comm=swapper/0 prev_pid=0 prev_prio=120 prev_state=R ==> next_comm=sshd next_pid=908 next_prio=120
            sshd-908   [000] d...  6524.437799: sched_switch: prev_comm=sshd prev_pid=908 prev_prio=120 prev_state=S ==> next_comm=swapper/0 next_pid=0 next_prio=120
          <idle>-0     [002] dnh.  6524.441621: sched_wakeup: comm=avahi-daemon pid=402 prio=120 target_cpu=002
          <idle>-0     [002] d...  6524.441635: sched_switch: prev_comm=swapper/2 prev_pid=0 prev_prio=120 prev_state=R ==> next_comm=avahi-daemon next_pid=402 next_prio=120
          <idle>-0     [000] dnh.  6524.441710: sched_wakeup: comm=rngd pid=383 prio=120 target_cpu=000
          <idle>-0     [000] d...  6524.441753: sched_switch: prev_comm=swapper/0 prev_pid=0 prev_prio=120 prev_state=R ==> next_comm=rngd next_pid=383 next_prio=120
            rngd-383   [000] d...  6524.441806: sched_switch: prev_comm=rngd prev_pid=383 prev_prio=120 prev_state=S ==> next_comm=swapper/0 next_pid=0 next_prio=120
    avahi-daemon-402   [002] d...  6524.441967: sched_switch: prev_comm=avahi-daemon prev_pid=402 prev_prio=120 prev_state=S ==> next_comm=swapper/2 next_pid=0 next_prio=120
          <idle>-0     [002] dnh.  6524.542058: sched_wakeup: comm=avahi-daemon pid=402 prio=120 target_cpu=002
          <idle>-0     [002] dnh.  6524.542068: sched_wakeup: comm=kworker/2:0 pid=1188 prio=120 target_cpu=002
          <idle>-0     [002] d...  6524.542084: sched_switch: prev_comm=swapper/2 prev_pid=0 prev_prio=120 prev_state=R ==> next_comm=kworker/2:0 next_pid=1188 next_prio=120
     kworker/2:0-1188  [002] d...  6524.542100: sched_switch: prev_comm=kworker/2:0 prev_pid=1188 prev_prio=120 prev_state=I ==> next_comm=avahi-daemon next_pid=402 next_prio=120
    avahi-daemon-402   [002] d...  6524.542279: sched_switch: prev_comm=avahi-daemon prev_pid=402 prev_prio=120 prev_state=S ==> next_comm=swapper/2 next_pid=0 next_prio=120
          <idle>-0     [000] dns.  6524.608384: sched_wakeup: comm=sshd pid=908 prio=120 target_cpu=000
          <idle>-0     [000] d...  6524.608409: sched_switch: prev_comm=swapper/0 prev_pid=0 prev_prio=120 prev_state=R ==> next_comm=sshd next_pid=908 next_prio=120
          <idle>-0     [001] dnh.  6524.608510: sched_wakeup: comm=kworker/u8:2 pid=119 prio=120 target_cpu=001
          <idle>-0     [001] d...  6524.608523: sched_switch: prev_comm=swapper/1 prev_pid=0 prev_prio=120 prev_state=R ==> next_comm=kworker/u8:2 next_pid=119 next_prio=120
    kworker/u8:2-119   [001] d...  6524.608539: sched_switch: prev_comm=kworker/u8:2 prev_pid=119 prev_prio=120 prev_state=I ==> next_comm=swapper/1 next_pid=0 next_prio=120
          <idle>-0     [003] dnh.  6524.608542: sched_wakeup: comm=bash pid=911 prio=120 target_cpu=003
            sshd-908   [000] d...  6524.608553: sched_switch: prev_comm=sshd prev_pid=908 prev_prio=120 prev_state=S ==> next_comm=swapper/0 next_pid=0 next_prio=120
          <idle>-0     [003] d...  6524.608555: sched_switch: prev_comm=swapper/3 prev_pid=0 prev_prio=120 prev_state=R ==> next_comm=bash next_pid=911 next_prio=120
          <idle>-0     [001] dnh.  6524.608618: sched_wakeup: comm=kworker/u8:2 pid=119 prio=120 target_cpu=001
          <idle>-0     [001] d...  6524.608629: sched_switch: prev_comm=swapper/1 prev_pid=0 prev_prio=120 prev_state=R ==> next_comm=kworker/u8:2 next_pid=119 next_prio=120
            bash-911   [003] d...  6524.608632: sched_switch: prev_comm=bash prev_pid=911 prev_prio=120 prev_state=S ==> next_comm=swapper/3 next_pid=0 next_prio=120
    kworker/u8:2-119   [001] d...  6524.608644: sched_switch: prev_comm=kworker/u8:2 prev_pid=119 prev_prio=120 prev_state=I ==> next_comm=swapper/1 next_pid=0 next_prio=120
          <idle>-0     [000] dnh.  6524.608646: sched_wakeup: comm=sshd pid=908 prio=120 target_cpu=000
          <idle>-0     [000] d...  6524.608659: sched_switch: prev_comm=swapper/0 prev_pid=0 prev_prio=120 prev_state=R ==> next_comm=sshd next_pid=908 next_prio=120
            sshd-908   [000] d...  6524.608809: sched_switch: prev_comm=sshd prev_pid=908 prev_prio=120 prev_state=S ==> next_comm=swapper/0 next_pid=0 next_prio=120
          <idle>-0     [000] dnH.  6524.650090: sched_wakeup: comm=kworker/0:1 pid=1261 prio=120 target_cpu=000
          <idle>-0     [000] d...  6524.650115: sched_switch: prev_comm=swapper/0 prev_pid=0 prev_prio=120 prev_state=R ==> next_comm=kworker/0:1 next_pid=1261 next_prio=120
     kworker/0:1-1261  [000] d...  6524.650181: sched_switch: prev_comm=kworker/0:1 prev_pid=1261 prev_prio=120 prev_state=I ==> next_comm=swapper/0 next_pid=0 next_prio=120
          <idle>-0     [001] dnh.  6524.779730: sched_wakeup: comm=lxpanel pid=587 prio=120 target_cpu=001
          <idle>-0     [001] dnh.  6524.779741: sched_wakeup: comm=kworker/1:0 pid=1258 prio=120 target_cpu=001
          <idle>-0     [001] d...  6524.779755: sched_switch: prev_comm=swapper/1 prev_pid=0 prev_prio=120 prev_state=R ==> next_comm=kworker/1:0 next_pid=1258 next_prio=120
     kworker/1:0-1258  [001] d...  6524.779771: sched_switch: prev_comm=kworker/1:0 prev_pid=1258 prev_prio=120 prev_state=I ==> next_comm=lxpanel next_pid=587 next_prio=120
         lxpanel-587   [001] d...  6524.779874: sched_switch: prev_comm=lxpanel prev_pid=587 prev_prio=120 prev_state=S ==> next_comm=swapper/1 next_pid=0 next_prio=120
          <idle>-0     [000] dns.  6524.880069: sched_wakeup: comm=kworker/0:1 pid=1261 prio=120 target_cpu=000
          <idle>-0     [000] d...  6524.880112: sched_switch: prev_comm=swapper/0 prev_pid=0 prev_prio=120 prev_state=R ==> next_comm=kworker/0:1 next_pid=1261 next_prio=120
     kworker/0:1-1261  [000] dn..  6524.880132: sched_wakeup: comm=kworker/0:0 pid=1059 prio=120 target_cpu=000
     kworker/0:1-1261  [000] d...  6524.880137: sched_switch: prev_comm=kworker/0:1 prev_pid=1261 prev_prio=120 prev_state=D ==> next_comm=kworker/0:0 next_pid=1059 next_prio=120
     kworker/0:0-1059  [000] d.h.  6524.880147: sched_wakeup: comm=kworker/0:1 pid=1261 prio=120 target_cpu=000
     kworker/0:0-1059  [000] d...  6524.880158: sched_switch: prev_comm=kworker/0:0 prev_pid=1059 prev_prio=120 prev_state=I ==> next_comm=kworker/0:1 next_pid=1261 next_prio=120
     kworker/0:1-1261  [000] dn..  6524.880174: sched_wakeup: comm=kworker/0:0 pid=1059 prio=120 target_cpu=000
     kworker/0:1-1261  [000] d...  6524.880177: sched_switch: prev_comm=kworker/0:1 prev_pid=1261 prev_prio=120 prev_state=D ==> next_comm=kworker/0:0 next_pid=1059 next_prio=120
     kworker/0:0-1059  [000] d.h.  6524.880185: sched_wakeup: comm=kworker/0:1 pid=1261 prio=120 target_cpu=000
     kworker/0:0-1059  [000] d...  6524.880194: sched_switch: prev_comm=kworker/0:0 prev_pid=1059 prev_prio=120 prev_state=I ==> next_comm=kworker/0:1 next_pid=1261 next_prio=120
     kworker/0:1-1261  [000] dn..  6524.880211: sched_wakeup: comm=kworker/0:0 pid=1059 prio=120 target_cpu=000
     kworker/0:1-1261  [000] d...  6524.880213: sched_switch: prev_comm=kworker/0:1 prev_pid=1261 prev_prio=120 prev_state=D ==> next_comm=kworker/0:0 next_pid=1059 next_prio=120
     kworker/0:0-1059  [000] d.h.  6524.880221: sched_wakeup: comm=kworker/0:1 pid=1261 prio=120 target_cpu=000
     kworker/0:0-1059  [000] d...  6524.880230: sched_switch: prev_comm=kworker/0:0 prev_pid=1059 prev_prio=120 prev_state=I ==> next_comm=kworker/0:1 next_pid=1261 next_prio=120
     kworker/0:1-1261  [000] dn..  6524.880246: sched_wakeup: comm=kworker/0:0 pid=1059 prio=120 target_cpu=000
     kworker/0:1-1261  [000] d...  6524.880249: sched_switch: prev_comm=kworker/0:1 prev_pid=1261 prev_prio=120 prev_state=D ==> next_comm=kworker/0:0 next_pid=1059 next_prio=120
     kworker/0:0-1059  [000] d.h.  6524.880257: sched_wakeup: comm=kworker/0:1 pid=1261 prio=120 target_cpu=000
     kworker/0:0-1059  [000] d...  6524.880266: sched_switch: prev_comm=kworker/0:0 prev_pid=1059 prev_prio=120 prev_state=I ==> next_comm=kworker/0:1 next_pid=1261 next_prio=120
     kworker/0:1-1261  [000] dn..  6524.880282: sched_wakeup: comm=kworker/0:0 pid=1059 prio=120 target_cpu=000
     kworker/0:1-1261  [000] d...  6524.880285: sched_switch: prev_comm=kworker/0:1 prev_pid=1261 prev_prio=120 prev_state=D ==> next_comm=kworker/0:0 next_pid=1059 next_prio=120
     kworker/0:0-1059  [000] d.h.  6524.880292: sched_wakeup: comm=kworker/0:1 pid=1261 prio=120 target_cpu=000
     kworker/0:0-1059  [000] d...  6524.880301: sched_switch: prev_comm=kworker/0:0 prev_pid=1059 prev_prio=120 prev_state=I ==> next_comm=kworker/0:1 next_pid=1261 next_prio=120
     kworker/0:1-1261  [000] d...  6524.880350: sched_switch: prev_comm=kworker/0:1 prev_pid=1261 prev_prio=120 prev_state=I ==> next_comm=swapper/0 next_pid=0 next_prio=120
          <idle>-0     [002] dnH.  6525.040106: sched_wakeup: comm=kworker/2:0 pid=1188 prio=120 target_cpu=002
          <idle>-0     [002] dns.  6525.040117: sched_wakeup: comm=ksoftirqd/2 pid=21 prio=120 target_cpu=002
          <idle>-0     [002] d...  6525.040130: sched_switch: prev_comm=swapper/2 prev_pid=0 prev_prio=120 prev_state=R ==> next_comm=ksoftirqd/2 next_pid=21 next_prio=120
     ksoftirqd/2-21    [002] d...  6525.040148: sched_switch: prev_comm=ksoftirqd/2 prev_pid=21 prev_prio=120 prev_state=S ==> next_comm=kworker/2:0 next_pid=1188 next_prio=120
     kworker/2:0-1188  [002] d...  6525.040187: sched_switch: prev_comm=kworker/2:0 prev_pid=1188 prev_prio=120 prev_state=I ==> next_comm=swapper/2 next_pid=0 next_prio=120
          <idle>-0     [000] dns.  6525.111528: sched_wakeup: comm=sshd pid=908 prio=120 target_cpu=000
          <idle>-0     [000] d...  6525.111552: sched_switch: prev_comm=swapper/0 prev_pid=0 prev_prio=120 prev_state=R ==> next_comm=sshd next_pid=908 next_prio=120
          <idle>-0     [001] dnh.  6525.111653: sched_wakeup: comm=kworker/u8:2 pid=119 prio=120 target_cpu=001
          <idle>-0     [001] d...  6525.111666: sched_switch: prev_comm=swapper/1 prev_pid=0 prev_prio=120 prev_state=R ==> next_comm=kworker/u8:2 next_pid=119 next_prio=120
    kworker/u8:2-119   [001] d...  6525.111684: sched_switch: prev_comm=kworker/u8:2 prev_pid=119 prev_prio=120 prev_state=I ==> next_comm=swapper/1 next_pid=0 next_prio=120
          <idle>-0     [003] dnh.  6525.111685: sched_wakeup: comm=bash pid=911 prio=120 target_cpu=003
            sshd-908   [000] d...  6525.111695: sched_switch: prev_comm=sshd prev_pid=908 prev_prio=120 prev_state=S ==> next_comm=swapper/0 next_pid=0 next_prio=120
          <idle>-0     [003] d...  6525.111699: sched_switch: prev_comm=swapper/3 prev_pid=0 prev_prio=120 prev_state=R ==> next_comm=bash next_pid=911 next_prio=120
          <idle>-0     [001] dnh.  6525.111761: sched_wakeup: comm=kworker/u8:2 pid=119 prio=120 target_cpu=001
          <idle>-0     [001] d...  6525.111772: sched_switch: prev_comm=swapper/1 prev_pid=0 prev_prio=120 prev_state=R ==> next_comm=kworker/u8:2 next_pid=119 next_prio=120
            bash-911   [003] d...  6525.111775: sched_switch: prev_comm=bash prev_pid=911 prev_prio=120 prev_state=S ==> next_comm=swapper/3 next_pid=0 next_prio=120
    kworker/u8:2-119   [001] d...  6525.111787: sched_switch: prev_comm=kworker/u8:2 prev_pid=119 prev_prio=120 prev_state=I ==> next_comm=swapper/1 next_pid=0 next_prio=120
          <idle>-0     [000] dnh.  6525.111788: sched_wakeup: comm=sshd pid=908 prio=120 target_cpu=000
          <idle>-0     [000] d...  6525.111797: sched_switch: prev_comm=swapper/0 prev_pid=0 prev_prio=120 prev_state=R ==> next_comm=sshd next_pid=908 next_prio=120
            sshd-908   [000] d...  6525.111945: sched_switch: prev_comm=sshd prev_pid=908 prev_prio=120 prev_state=S ==> next_comm=swapper/0 next_pid=0 next_prio=120
          <idle>-0     [000] dns.  6525.120074: sched_wakeup: comm=kworker/0:1 pid=1261 prio=120 target_cpu=000
          <idle>-0     [002] dns.  6525.120074: sched_wakeup: comm=kworker/2:0 pid=1188 prio=120 target_cpu=002
          <idle>-0     [002] d...  6525.120108: sched_switch: prev_comm=swapper/2 prev_pid=0 prev_prio=120 prev_state=R ==> next_comm=kworker/2:0 next_pid=1188 next_prio=120
          <idle>-0     [000] d...  6525.120116: sched_switch: prev_comm=swapper/0 prev_pid=0 prev_prio=120 prev_state=R ==> next_comm=kworker/0:1 next_pid=1261 next_prio=120
     kworker/2:0-1188  [002] d.h.  6525.120135: sched_wakeup: comm=kworker/2:0 pid=1188 prio=120 target_cpu=002
     kworker/2:0-1188  [002] d...  6525.120152: sched_switch: prev_comm=kworker/2:0 prev_pid=1188 prev_prio=120 prev_state=D ==> next_comm=swapper/2 next_pid=0 next_prio=120
     kworker/0:1-1261  [000] dn..  6525.120153: sched_wakeup: comm=kworker/0:0 pid=1059 prio=120 target_cpu=000
     kworker/0:1-1261  [000] d...  6525.120157: sched_switch: prev_comm=kworker/0:1 prev_pid=1261 prev_prio=120 prev_state=D ==> next_comm=kworker/0:0 next_pid=1059 next_prio=120
          <idle>-0     [002] dnh.  6525.120171: sched_wakeup: comm=kworker/2:0 pid=1188 prio=120 target_cpu=002
          <idle>-0     [002] d...  6525.120182: sched_switch: prev_comm=swapper/2 prev_pid=0 prev_prio=120 prev_state=R ==> next_comm=kworker/2:0 next_pid=1188 next_prio=120
     kworker/0:0-1059  [000] d.s.  6525.120186: sched_wakeup: comm=kworker/0:1 pid=1261 prio=120 target_cpu=000
     kworker/0:0-1059  [000] d...  6525.120198: sched_switch: prev_comm=kworker/0:0 prev_pid=1059 prev_prio=120 prev_state=I ==> next_comm=kworker/0:1 next_pid=1261 next_prio=120
     kworker/2:0-1188  [002] d...  6525.120245: sched_switch: prev_comm=kworker/2:0 prev_pid=1188 prev_prio=120 prev_state=I ==> next_comm=swapper/2 next_pid=0 next_prio=120
          <idle>-0     [002] dnh.  6525.120254: sched_wakeup: comm=kworker/2:0 pid=1188 prio=120 target_cpu=002
     kworker/0:1-1261  [000] d...  6525.120257: sched_switch: prev_comm=kworker/0:1 prev_pid=1261 prev_prio=120 prev_state=I ==> next_comm=swapper/0 next_pid=0 next_prio=120
          <idle>-0     [002] d...  6525.120260: sched_switch: prev_comm=swapper/2 prev_pid=0 prev_prio=120 prev_state=R ==> next_comm=kworker/2:0 next_pid=1188 next_prio=120
     kworker/2:0-1188  [002] d...  6525.120286: sched_switch: prev_comm=kworker/2:0 prev_pid=1188 prev_prio=120 prev_state=I ==> next_comm=swapper/2 next_pid=0 next_prio=120
          <idle>-0     [000] dnH.  6525.160096: sched_wakeup: comm=kworker/0:1 pid=1261 prio=120 target_cpu=000
          <idle>-0     [000] d...  6525.160120: sched_switch: prev_comm=swapper/0 prev_pid=0 prev_prio=120 prev_state=R ==> next_comm=kworker/0:1 next_pid=1261 next_prio=120
     kworker/0:1-1261  [000] d...  6525.160183: sched_switch: prev_comm=kworker/0:1 prev_pid=1261 prev_prio=120 prev_state=I ==> next_comm=swapper/0 next_pid=0 next_prio=120
          <idle>-0     [000] dnh.  6525.263274: sched_wakeup: comm=rngd pid=383 prio=120 target_cpu=000
          <idle>-0     [000] dnh.  6525.263284: sched_wakeup: comm=kworker/0:1 pid=1261 prio=120 target_cpu=000
          <idle>-0     [000] d...  6525.263301: sched_switch: prev_comm=swapper/0 prev_pid=0 prev_prio=120 prev_state=R ==> next_comm=rngd next_pid=383 next_prio=120
            rngd-383   [000] d...  6525.263318: sched_switch: prev_comm=rngd prev_pid=383 prev_prio=120 prev_state=S ==> next_comm=kworker/0:1 next_pid=1261 next_prio=120
     kworker/0:1-1261  [000] d...  6525.263362: sched_switch: prev_comm=kworker/0:1 prev_pid=1261 prev_prio=120 prev_state=I ==> next_comm=swapper/0 next_pid=0 next_prio=120
          <idle>-0     [000] dns.  6525.282501: sched_wakeup: comm=sshd pid=908 prio=120 target_cpu=000
          <idle>-0     [000] d...  6525.282525: sched_switch: prev_comm=swapper/0 prev_pid=0 prev_prio=120 prev_state=R ==> next_comm=sshd next_pid=908 next_prio=120
          <idle>-0     [001] dnh.  6525.282624: sched_wakeup: comm=kworker/u8:2 pid=119 prio=120 target_cpu=001
          <idle>-0     [001] d...  6525.282636: sched_switch: prev_comm=swapper/1 prev_pid=0 prev_prio=120 prev_state=R ==> next_comm=kworker/u8:2 next_pid=119 next_prio=120
            sshd-908   [000] d...  6525.282650: sched_switch: prev_comm=sshd prev_pid=908 prev_prio=120 prev_state=S ==> next_comm=swapper/0 next_pid=0 next_prio=120
    kworker/u8:2-119   [001] d...  6525.282652: sched_switch: prev_comm=kworker/u8:2 prev_pid=119 prev_prio=120 prev_state=I ==> next_comm=swapper/1 next_pid=0 next_prio=120
          <idle>-0     [003] dnh.  6525.282653: sched_wakeup: comm=bash pid=911 prio=120 target_cpu=003
          <idle>-0     [003] d...  6525.282666: sched_switch: prev_comm=swapper/3 prev_pid=0 prev_prio=120 prev_state=R ==> next_comm=bash next_pid=911 next_prio=120
          <idle>-0     [001] dnh.  6525.282727: sched_wakeup: comm=kworker/u8:2 pid=119 prio=120 target_cpu=001
          <idle>-0     [001] d...  6525.282738: sched_switch: prev_comm=swapper/1 prev_pid=0 prev_prio=120 prev_state=R ==> next_comm=kworker/u8:2 next_pid=119 next_prio=120
            bash-911   [003] d...  6525.282741: sched_switch: prev_comm=bash prev_pid=911 prev_prio=120 prev_state=S ==> next_comm=swapper/3 next_pid=0 next_prio=120
    kworker/u8:2-119   [001] d...  6525.282753: sched_switch: prev_comm=kworker/u8:2 prev_pid=119 prev_prio=120 prev_state=I ==> next_comm=swapper/1 next_pid=0 next_prio=120
          <idle>-0     [000] dnh.  6525.282755: sched_wakeup: comm=sshd pid=908 prio=120 target_cpu=000
          <idle>-0     [000] d...  6525.282768: sched_switch: prev_comm=swapper/0 prev_pid=0 prev_prio=120 prev_state=R ==> next_comm=sshd next_pid=908 next_prio=120
            sshd-908   [000] d...  6525.282913: sched_switch: prev_comm=sshd prev_pid=908 prev_prio=120 prev_state=S ==> next_comm=swapper/0 next_pid=0 next_prio=120
          <idle>-0     [001] dnh.  6525.380439: sched_wakeup: comm=lxpanel pid=587 prio=120 target_cpu=001
          <idle>-0     [001] dnh.  6525.380449: sched_wakeup: comm=kworker/1:0 pid=1258 prio=120 target_cpu=001
          <idle>-0     [001] d...  6525.380463: sched_switch: prev_comm=swapper/1 prev_pid=0 prev_prio=120 prev_state=R ==> next_comm=kworker/1:0 next_pid=1258 next_prio=120
     kworker/1:0-1258  [001] d...  6525.380479: sched_switch: prev_comm=kworker/1:0 prev_pid=1258 prev_prio=120 prev_state=I ==> next_comm=lxpanel next_pid=587 next_prio=120
         lxpanel-587   [001] d...  6525.380592: sched_switch: prev_comm=lxpanel prev_pid=587 prev_prio=120 prev_state=S ==> next_comm=swapper/1 next_pid=0 next_prio=120
          <idle>-0     [000] dns.  6525.452459: sched_wakeup: comm=sshd pid=908 prio=120 target_cpu=000
          <idle>-0     [000] d...  6525.452482: sched_switch: prev_comm=swapper/0 prev_pid=0 prev_prio=120 prev_state=R ==> next_comm=sshd next_pid=908 next_prio=120
          <idle>-0     [001] dnh.  6525.452579: sched_wakeup: comm=kworker/u8:2 pid=119 prio=120 target_cpu=001
          <idle>-0     [001] d...  6525.452591: sched_switch: prev_comm=swapper/1 prev_pid=0 prev_prio=120 prev_state=R ==> next_comm=kworker/u8:2 next_pid=119 next_prio=120
            sshd-908   [000] d...  6525.452604: sched_switch: prev_comm=sshd prev_pid=908 prev_prio=120 prev_state=S ==> next_comm=swapper/0 next_pid=0 next_prio=120
    kworker/u8:2-119   [001] d...  6525.452609: sched_switch: prev_comm=kworker/u8:2 prev_pid=119 prev_prio=120 prev_state=I ==> next_comm=swapper/1 next_pid=0 next_prio=120
          <idle>-0     [003] dnh.  6525.452610: sched_wakeup: comm=bash pid=911 prio=120 target_cpu=003
          <idle>-0     [003] d...  6525.452623: sched_switch: prev_comm=swapper/3 prev_pid=0 prev_prio=120 prev_state=R ==> next_comm=bash next_pid=911 next_prio=120
          <idle>-0     [001] dnh.  6525.452682: sched_wakeup: comm=kworker/u8:2 pid=119 prio=120 target_cpu=001
          <idle>-0     [001] d...  6525.452694: sched_switch: prev_comm=swapper/1 prev_pid=0 prev_prio=120 prev_state=R ==> next_comm=kworker/u8:2 next_pid=119 next_prio=120
            bash-911   [003] d...  6525.452696: sched_switch: prev_comm=bash prev_pid=911 prev_prio=120 prev_state=S ==> next_comm=swapper/3 next_pid=0 next_prio=120
    kworker/u8:2-119   [001] d...  6525.452708: sched_switch: prev_comm=kworker/u8:2 prev_pid=119 prev_prio=120 prev_state=I ==> next_comm=swapper/1 next_pid=0 next_prio=120
          <idle>-0     [000] dnh.  6525.452710: sched_wakeup: comm=sshd pid=908 prio=120 target_cpu=000
          <idle>-0     [000] d...  6525.452723: sched_switch: prev_comm=swapper/0 prev_pid=0 prev_prio=120 prev_state=R ==> next_comm=sshd next_pid=908 next_prio=120
            sshd-908   [000] d...  6525.452867: sched_switch: prev_comm=sshd prev_pid=908 prev_prio=120 prev_state=S ==> next_comm=swapper/0 next_pid=0 next_prio=120
          <idle>-0     [000] dnH.  6525.500100: sched_wakeup: comm=kworker/0:1 pid=1261 prio=120 target_cpu=000
          <idle>-0     [000] d...  6525.500125: sched_switch: prev_comm=swapper/0 prev_pid=0 prev_prio=120 prev_state=R ==> next_comm=kworker/0:1 next_pid=1261 next_prio=120
     kworker/0:1-1261  [000] d...  6525.500175: sched_switch: prev_comm=kworker/0:1 prev_pid=1261 prev_prio=120 prev_state=I ==> next_comm=swapper/0 next_pid=0 next_prio=120
          <idle>-0     [000] dns.  6525.663147: sched_wakeup: comm=sshd pid=908 prio=120 target_cpu=000
          <idle>-0     [000] dnH.  6525.663156: sched_wakeup: comm=kworker/0:1 pid=1261 prio=120 target_cpu=000
          <idle>-0     [000] d...  6525.663179: sched_switch: prev_comm=swapper/0 prev_pid=0 prev_prio=120 prev_state=R ==> next_comm=sshd next_pid=908 next_prio=120
          <idle>-0     [001] dnh.  6525.663279: sched_wakeup: comm=kworker/u8:2 pid=119 prio=120 target_cpu=001
          <idle>-0     [001] d...  6525.663292: sched_switch: prev_comm=swapper/1 prev_pid=0 prev_prio=120 prev_state=R ==> next_comm=kworker/u8:2 next_pid=119 next_prio=120
            sshd-908   [000] d...  6525.663305: sched_switch: prev_comm=sshd prev_pid=908 prev_prio=120 prev_state=S ==> next_comm=kworker/0:1 next_pid=1261 next_prio=120
          <idle>-0     [003] dnh.  6525.663309: sched_wakeup: comm=bash pid=911 prio=120 target_cpu=003
          <idle>-0     [003] d...  6525.663322: sched_switch: prev_comm=swapper/3 prev_pid=0 prev_prio=120 prev_state=R ==> next_comm=bash next_pid=911 next_prio=120
    kworker/u8:2-119   [001] d...  6525.663327: sched_switch: prev_comm=kworker/u8:2 prev_pid=119 prev_prio=120 prev_state=I ==> next_comm=swapper/1 next_pid=0 next_prio=120
     kworker/0:1-1261  [000] d...  6525.663341: sched_switch: prev_comm=kworker/0:1 prev_pid=1261 prev_prio=120 prev_state=I ==> next_comm=swapper/0 next_pid=0 next_prio=120
            bash-911   [003] dns.  6525.670109: sched_wakeup: comm=kworker/3:1 pid=40 prio=120 target_cpu=003
          <idle>-0     [002] dnh.  6525.670159: sched_wakeup: comm=rcu_sched pid=10 prio=120 target_cpu=002
            bash-911   [003] d...  6525.670167: sched_switch: prev_comm=bash prev_pid=911 prev_prio=120 prev_state=R ==> next_comm=kworker/3:1 next_pid=40 next_prio=120
          <idle>-0     [002] d...  6525.670173: sched_switch: prev_comm=swapper/2 prev_pid=0 prev_prio=120 prev_state=R ==> next_comm=rcu_sched next_pid=10 next_prio=120
     kworker/3:1-40    [003] d...  6525.670208: sched_switch: prev_comm=kworker/3:1 prev_pid=40 prev_prio=120 prev_state=I ==> next_comm=bash next_pid=911 next_prio=120
       rcu_sched-10    [002] d...  6525.670216: sched_switch: prev_comm=rcu_sched prev_pid=10 prev_prio=120 prev_state=I ==> next_comm=swapper/2 next_pid=0 next_prio=120
            bash-911   [003] ....  6525.677818: sys_clone+0x14/0x3c <-ret_fast_syscall+0x0/0x28
            bash-911   [003] ....  6525.677838: <stack trace>
 => sys_clone+0x18/0x3c
 => ret_fast_syscall+0x0/0x28
 => 0xbea878e0
            bash-911   [003] ....  6525.677841: _do_fork+0x14/0x438 <-sys_clone+0x34/0x3c
            bash-911   [003] ....  6525.677852: <stack trace>
 => _do_fork+0x18/0x438
 => sys_clone+0x34/0x3c
 => ret_fast_syscall+0x0/0x28
 => 0xbea878e0
            bash-911   [003] ....  6525.677854: copy_process.part.5+0x14/0x1ad4 <-_do_fork+0xd8/0x438
            bash-911   [003] ....  6525.677864: <stack trace>
 => copy_process.part.5+0x18/0x1ad4
 => _do_fork+0xd8/0x438
 => sys_clone+0x34/0x3c
 => ret_fast_syscall+0x0/0x28
 => 0xbea878e0
            bash-911   [003] ....  6525.678442: sched_process_fork: comm=bash pid=911 child_comm=bash child_pid=1268
          <idle>-0     [001] d...  6525.678480: sched_switch: prev_comm=swapper/1 prev_pid=0 prev_prio=120 prev_state=R ==> next_comm=bash next_pid=1268 next_prio=120
            bash-911   [003] d...  6525.678687: sched_switch: prev_comm=bash prev_pid=911 prev_prio=120 prev_state=S ==> next_comm=swapper/3 next_pid=0 next_prio=120
          <idle>-0     [003] dnh.  6525.682528: sched_wakeup: comm=bash pid=911 prio=120 target_cpu=003
          <idle>-0     [003] d...  6525.682545: sched_switch: prev_comm=swapper/3 prev_pid=0 prev_prio=120 prev_state=R ==> next_comm=bash next_pid=911 next_prio=120
            bash-911   [003] d...  6525.682586: sched_switch: prev_comm=bash prev_pid=911 prev_prio=120 prev_state=S ==> next_comm=swapper/3 next_pid=0 next_prio=120
            bash-1268  [001] ....  6525.683200: do_exit+0x14/0xc18 <-do_group_exit+0x4c/0xe4
            bash-1268  [001] ....  6525.683220: <stack trace>
 => do_exit+0x18/0xc18
 => do_group_exit+0x4c/0xe4
 => __wake_up_parent+0x0/0x30
 => ret_fast_syscall+0x0/0x28
 => 0xbea87a08
            bash-1268  [001] ....  6525.683952: sched_process_exit: comm=bash pid=1268 prio=120
          <idle>-0     [003] dnh.  6525.683988: sched_wakeup: comm=bash pid=911 prio=120 target_cpu=003
          <idle>-0     [003] d...  6525.683999: sched_switch: prev_comm=swapper/3 prev_pid=0 prev_prio=120 prev_state=R ==> next_comm=bash next_pid=911 next_prio=120
            bash-1268  [001] d...  6525.684019: signal_generate: sig=17 errno=0 code=1 comm=bash pid=911 grp=1 res=0
            bash-1268  [001] d...  6525.684030: sched_switch: prev_comm=bash prev_pid=1268 prev_prio=120 prev_state=Z ==> next_comm=swapper/1 next_pid=0 next_prio=120
            bash-911   [003] d...  6525.684043: signal_deliver: sig=17 errno=0 code=1 sa_handler=55a6c sa_flags=14000000
          <idle>-0     [001] dnh.  6525.685232: sched_wakeup: comm=kworker/u8:2 pid=119 prio=120 target_cpu=001
          <idle>-0     [001] d...  6525.685242: sched_switch: prev_comm=swapper/1 prev_pid=0 prev_prio=120 prev_state=R ==> next_comm=kworker/u8:2 next_pid=119 next_prio=120
    kworker/u8:2-119   [001] d...  6525.685267: sched_switch: prev_comm=kworker/u8:2 prev_pid=119 prev_prio=120 prev_state=I ==> next_comm=swapper/1 next_pid=0 next_prio=120
            bash-911   [003] d...  6525.685269: sched_switch: prev_comm=bash prev_pid=911 prev_prio=120 prev_state=S ==> next_comm=swapper/3 next_pid=0 next_prio=120
          <idle>-0     [000] dnh.  6525.685271: sched_wakeup: comm=sshd pid=908 prio=120 target_cpu=000
          <idle>-0     [000] d...  6525.685291: sched_switch: prev_comm=swapper/0 prev_pid=0 prev_prio=120 prev_state=R ==> next_comm=sshd next_pid=908 next_prio=120
            sshd-908   [000] d...  6525.685503: sched_switch: prev_comm=sshd prev_pid=908 prev_prio=120 prev_state=S ==> next_comm=swapper/0 next_pid=0 next_prio=120
          <idle>-0     [002] dns.  6525.690090: sched_wakeup: comm=rcu_sched pid=10 prio=120 target_cpu=002
          <idle>-0     [002] d...  6525.690137: sched_switch: prev_comm=swapper/2 prev_pid=0 prev_prio=120 prev_state=R ==> next_comm=rcu_sched next_pid=10 next_prio=120
       rcu_sched-10    [002] d...  6525.690164: sched_switch: prev_comm=rcu_sched prev_pid=10 prev_prio=120 prev_state=I ==> next_comm=swapper/2 next_pid=0 next_prio=120
          <idle>-0     [002] dns.  6525.710081: sched_wakeup: comm=rcu_sched pid=10 prio=120 target_cpu=002
          <idle>-0     [002] d...  6525.710119: sched_switch: prev_comm=swapper/2 prev_pid=0 prev_prio=120 prev_state=R ==> next_comm=rcu_sched next_pid=10 next_prio=120
       rcu_sched-10    [002] d...  6525.710155: sched_switch: prev_comm=rcu_sched prev_pid=10 prev_prio=120 prev_state=I ==> next_comm=swapper/2 next_pid=0 next_prio=120
          <idle>-0     [002] dns.  6525.730080: sched_wakeup: comm=rcu_sched pid=10 prio=120 target_cpu=002
          <idle>-0     [002] d...  6525.730116: sched_switch: prev_comm=swapper/2 prev_pid=0 prev_prio=120 prev_state=R ==> next_comm=rcu_sched next_pid=10 next_prio=120
       rcu_sched-10    [002] d...  6525.730140: sched_switch: prev_comm=rcu_sched prev_pid=10 prev_prio=120 prev_state=I ==> next_comm=swapper/2 next_pid=0 next_prio=120
          <idle>-0     [002] dns.  6525.750080: sched_wakeup: comm=rcu_sched pid=10 prio=120 target_cpu=002
          <idle>-0     [002] d...  6525.750116: sched_switch: prev_comm=swapper/2 prev_pid=0 prev_prio=120 prev_state=R ==> next_comm=rcu_sched next_pid=10 next_prio=120
       rcu_sched-10    [002] d...  6525.750173: sched_switch: prev_comm=rcu_sched prev_pid=10 prev_prio=120 prev_state=I ==> next_comm=swapper/2 next_pid=0 next_prio=120
          <idle>-0     [002] dns.  6525.770084: sched_wakeup: comm=rcu_sched pid=10 prio=120 target_cpu=002
          <idle>-0     [002] dnH.  6525.770093: sched_wakeup: comm=kworker/2:0 pid=1188 prio=120 target_cpu=002
          <idle>-0     [002] d...  6525.770132: sched_switch: prev_comm=swapper/2 prev_pid=0 prev_prio=120 prev_state=R ==> next_comm=kworker/2:0 next_pid=1188 next_prio=120
     kworker/2:0-1188  [002] d...  6525.770152: sched_switch: prev_comm=kworker/2:0 prev_pid=1188 prev_prio=120 prev_state=I ==> next_comm=rcu_sched next_pid=10 next_prio=120
       rcu_sched-10    [002] d...  6525.770223: sched_switch: prev_comm=rcu_sched prev_pid=10 prev_prio=120 prev_state=I ==> next_comm=swapper/2 next_pid=0 next_prio=120
          <idle>-0     [000] dnH.  6525.900102: sched_wakeup: comm=kworker/0:1 pid=1261 prio=120 target_cpu=000
          <idle>-0     [000] d...  6525.900122: sched_switch: prev_comm=swapper/0 prev_pid=0 prev_prio=120 prev_state=R ==> next_comm=kworker/0:1 next_pid=1261 next_prio=120
     kworker/0:1-1261  [000] d...  6525.900171: sched_switch: prev_comm=kworker/0:1 prev_pid=1261 prev_prio=120 prev_state=I ==> next_comm=swapper/0 next_pid=0 next_prio=120
          <idle>-0     [000] dns.  6525.920082: sched_wakeup: comm=kworker/0:1 pid=1261 prio=120 target_cpu=000
          <idle>-0     [000] d...  6525.920114: sched_switch: prev_comm=swapper/0 prev_pid=0 prev_prio=120 prev_state=R ==> next_comm=kworker/0:1 next_pid=1261 next_prio=120
     kworker/0:1-1261  [000] d...  6525.920130: sched_switch: prev_comm=kworker/0:1 prev_pid=1261 prev_prio=120 prev_state=D ==> next_comm=swapper/0 next_pid=0 next_prio=120
          <idle>-0     [000] dnh.  6525.920140: sched_wakeup: comm=kworker/0:1 pid=1261 prio=120 target_cpu=000
          <idle>-0     [000] d...  6525.920147: sched_switch: prev_comm=swapper/0 prev_pid=0 prev_prio=120 prev_state=R ==> next_comm=kworker/0:1 next_pid=1261 next_prio=120
     kworker/0:1-1261  [000] d...  6525.920162: sched_switch: prev_comm=kworker/0:1 prev_pid=1261 prev_prio=120 prev_state=D ==> next_comm=swapper/0 next_pid=0 next_prio=120
          <idle>-0     [000] dnh.  6525.920170: sched_wakeup: comm=kworker/0:1 pid=1261 prio=120 target_cpu=000
          <idle>-0     [000] d...  6525.920176: sched_switch: prev_comm=swapper/0 prev_pid=0 prev_prio=120 prev_state=R ==> next_comm=kworker/0:1 next_pid=1261 next_prio=120
     kworker/0:1-1261  [000] d...  6525.920191: sched_switch: prev_comm=kworker/0:1 prev_pid=1261 prev_prio=120 prev_state=D ==> next_comm=swapper/0 next_pid=0 next_prio=120
          <idle>-0     [000] dnh.  6525.920199: sched_wakeup: comm=kworker/0:1 pid=1261 prio=120 target_cpu=000
          <idle>-0     [000] d...  6525.920205: sched_switch: prev_comm=swapper/0 prev_pid=0 prev_prio=120 prev_state=R ==> next_comm=kworker/0:1 next_pid=1261 next_prio=120
     kworker/0:1-1261  [000] d...  6525.920220: sched_switch: prev_comm=kworker/0:1 prev_pid=1261 prev_prio=120 prev_state=D ==> next_comm=swapper/0 next_pid=0 next_prio=120
          <idle>-0     [000] dnh.  6525.920227: sched_wakeup: comm=kworker/0:1 pid=1261 prio=120 target_cpu=000
          <idle>-0     [000] d...  6525.920233: sched_switch: prev_comm=swapper/0 prev_pid=0 prev_prio=120 prev_state=R ==> next_comm=kworker/0:1 next_pid=1261 next_prio=120
     kworker/0:1-1261  [000] d...  6525.920248: sched_switch: prev_comm=kworker/0:1 prev_pid=1261 prev_prio=120 prev_state=D ==> next_comm=swapper/0 next_pid=0 next_prio=120
          <idle>-0     [000] dnh.  6525.920256: sched_wakeup: comm=kworker/0:1 pid=1261 prio=120 target_cpu=000
          <idle>-0     [000] d...  6525.920262: sched_switch: prev_comm=swapper/0 prev_pid=0 prev_prio=120 prev_state=R ==> next_comm=kworker/0:1 next_pid=1261 next_prio=120
     kworker/0:1-1261  [000] d...  6525.920277: sched_switch: prev_comm=kworker/0:1 prev_pid=1261 prev_prio=120 prev_state=I ==> next_comm=swapper/0 next_pid=0 next_prio=120
          <idle>-0     [001] dnh.  6525.981142: sched_wakeup: comm=lxpanel pid=587 prio=120 target_cpu=001
          <idle>-0     [001] d...  6525.981160: sched_switch: prev_comm=swapper/1 prev_pid=0 prev_prio=120 prev_state=R ==> next_comm=lxpanel next_pid=587 next_prio=120
         lxpanel-587   [001] d...  6525.981307: sched_switch: prev_comm=lxpanel prev_pid=587 prev_prio=120 prev_state=S ==> next_comm=swapper/1 next_pid=0 next_prio=120
          <idle>-0     [002] dns.  6526.000082: sched_wakeup: comm=kworker/2:0 pid=1188 prio=120 target_cpu=002
          <idle>-0     [001] dns.  6526.000086: sched_wakeup: comm=kworker/1:0 pid=1258 prio=120 target_cpu=001
          <idle>-0     [002] d...  6526.000119: sched_switch: prev_comm=swapper/2 prev_pid=0 prev_prio=120 prev_state=R ==> next_comm=kworker/2:0 next_pid=1188 next_prio=120
          <idle>-0     [001] d...  6526.000136: sched_switch: prev_comm=swapper/1 prev_pid=0 prev_prio=120 prev_state=R ==> next_comm=kworker/1:0 next_pid=1258 next_prio=120
     kworker/2:0-1188  [002] d...  6526.000139: sched_switch: prev_comm=kworker/2:0 prev_pid=1188 prev_prio=120 prev_state=I ==> next_comm=swapper/2 next_pid=0 next_prio=120
     kworker/1:0-1258  [001] d...  6526.000168: sched_switch: prev_comm=kworker/1:0 prev_pid=1258 prev_prio=120 prev_state=I ==> next_comm=swapper/1 next_pid=0 next_prio=120
          <idle>-0     [000] dnh.  6526.096606: sched_wakeup: comm=rngd pid=383 prio=120 target_cpu=000
          <idle>-0     [000] d...  6526.096622: sched_switch: prev_comm=swapper/0 prev_pid=0 prev_prio=120 prev_state=R ==> next_comm=rngd next_pid=383 next_prio=120
            rngd-383   [000] d...  6526.096676: sched_switch: prev_comm=rngd prev_pid=383 prev_prio=120 prev_state=S ==> next_comm=swapper/0 next_pid=0 next_prio=120
          <idle>-0     [000] dns.  6526.160085: sched_wakeup: comm=kworker/0:1 pid=1261 prio=120 target_cpu=000
          <idle>-0     [000] d...  6526.160126: sched_switch: prev_comm=swapper/0 prev_pid=0 prev_prio=120 prev_state=R ==> next_comm=kworker/0:1 next_pid=1261 next_prio=120
     kworker/0:1-1261  [000] d.s.  6526.160179: sched_wakeup: comm=kworker/0:1 pid=1261 prio=120 target_cpu=000
          <idle>-0     [001] dnh.  6526.160219: sched_wakeup: comm=kworker/1:0 pid=1258 prio=120 target_cpu=001
          <idle>-0     [003] dnh.  6526.160227: sched_wakeup: comm=kworker/3:1 pid=40 prio=120 target_cpu=003
          <idle>-0     [001] d...  6526.160233: sched_switch: prev_comm=swapper/1 prev_pid=0 prev_prio=120 prev_state=R ==> next_comm=kworker/1:0 next_pid=1258 next_prio=120
          <idle>-0     [003] d...  6526.160243: sched_switch: prev_comm=swapper/3 prev_pid=0 prev_prio=120 prev_state=R ==> next_comm=kworker/3:1 next_pid=40 next_prio=120
     kworker/0:1-1261  [000] d...  6526.160245: sched_switch: prev_comm=kworker/0:1 prev_pid=1261 prev_prio=120 prev_state=I ==> next_comm=swapper/0 next_pid=0 next_prio=120
     kworker/1:0-1258  [001] d...  6526.160260: sched_switch: prev_comm=kworker/1:0 prev_pid=1258 prev_prio=120 prev_state=I ==> next_comm=swapper/1 next_pid=0 next_prio=120
     kworker/3:1-40    [003] d...  6526.160274: sched_switch: prev_comm=kworker/3:1 prev_pid=40 prev_prio=120 prev_state=I ==> next_comm=swapper/3 next_pid=0 next_prio=120
          <idle>-0     [000] dnH.  6526.340108: sched_wakeup: comm=kworker/0:1 pid=1261 prio=120 target_cpu=000
          <idle>-0     [000] d...  6526.340128: sched_switch: prev_comm=swapper/0 prev_pid=0 prev_prio=120 prev_state=R ==> next_comm=kworker/0:1 next_pid=1261 next_prio=120
     kworker/0:1-1261  [000] d...  6526.340176: sched_switch: prev_comm=kworker/0:1 prev_pid=1261 prev_prio=120 prev_state=I ==> next_comm=swapper/0 next_pid=0 next_prio=120
          <idle>-0     [001] dnh.  6526.581864: sched_wakeup: comm=lxpanel pid=587 prio=120 target_cpu=001
          <idle>-0     [001] dnh.  6526.581874: sched_wakeup: comm=kworker/1:0 pid=1258 prio=120 target_cpu=001
          <idle>-0     [001] d...  6526.581889: sched_switch: prev_comm=swapper/1 prev_pid=0 prev_prio=120 prev_state=R ==> next_comm=kworker/1:0 next_pid=1258 next_prio=120
     kworker/1:0-1258  [001] d...  6526.581904: sched_switch: prev_comm=kworker/1:0 prev_pid=1258 prev_prio=120 prev_state=I ==> next_comm=lxpanel next_pid=587 next_prio=120
         lxpanel-587   [001] d...  6526.581997: sched_switch: prev_comm=lxpanel prev_pid=587 prev_prio=120 prev_state=S ==> next_comm=swapper/1 next_pid=0 next_prio=120
          <idle>-0     [000] dnH.  6526.840112: sched_wakeup: comm=kworker/0:1 pid=1261 prio=120 target_cpu=000
          <idle>-0     [000] d...  6526.840130: sched_switch: prev_comm=swapper/0 prev_pid=0 prev_prio=120 prev_state=R ==> next_comm=kworker/0:1 next_pid=1261 next_prio=120
     kworker/0:1-1261  [000] d...  6526.840164: sched_switch: prev_comm=kworker/0:1 prev_pid=1261 prev_prio=120 prev_state=I ==> next_comm=swapper/0 next_pid=0 next_prio=120
          <idle>-0     [000] dns.  6526.960093: sched_wakeup: comm=kworker/0:1 pid=1261 prio=120 target_cpu=000
          <idle>-0     [000] d...  6526.960130: sched_switch: prev_comm=swapper/0 prev_pid=0 prev_prio=120 prev_state=R ==> next_comm=kworker/0:1 next_pid=1261 next_prio=120
     kworker/0:1-1261  [000] dn..  6526.960147: sched_wakeup: comm=kworker/0:0 pid=1059 prio=120 target_cpu=000
     kworker/0:1-1261  [000] d...  6526.960151: sched_switch: prev_comm=kworker/0:1 prev_pid=1261 prev_prio=120 prev_state=D ==> next_comm=kworker/0:0 next_pid=1059 next_prio=120
     kworker/0:0-1059  [000] d.h.  6526.960161: sched_wakeup: comm=kworker/0:1 pid=1261 prio=120 target_cpu=000
     kworker/0:0-1059  [000] d...  6526.960172: sched_switch: prev_comm=kworker/0:0 prev_pid=1059 prev_prio=120 prev_state=I ==> next_comm=kworker/0:1 next_pid=1261 next_prio=120
     kworker/0:1-1261  [000] dn..  6526.960188: sched_wakeup: comm=kworker/0:0 pid=1059 prio=120 target_cpu=000
     kworker/0:1-1261  [000] d...  6526.960191: sched_switch: prev_comm=kworker/0:1 prev_pid=1261 prev_prio=120 prev_state=D ==> next_comm=kworker/0:0 next_pid=1059 next_prio=120
     kworker/0:0-1059  [000] d.h.  6526.960199: sched_wakeup: comm=kworker/0:1 pid=1261 prio=120 target_cpu=000
     kworker/0:0-1059  [000] d...  6526.960208: sched_switch: prev_comm=kworker/0:0 prev_pid=1059 prev_prio=120 prev_state=I ==> next_comm=kworker/0:1 next_pid=1261 next_prio=120
     kworker/0:1-1261  [000] dn..  6526.960224: sched_wakeup: comm=kworker/0:0 pid=1059 prio=120 target_cpu=000
     kworker/0:1-1261  [000] d...  6526.960227: sched_switch: prev_comm=kworker/0:1 prev_pid=1261 prev_prio=120 prev_state=D ==> next_comm=kworker/0:0 next_pid=1059 next_prio=120
     kworker/0:0-1059  [000] d.h.  6526.960234: sched_wakeup: comm=kworker/0:1 pid=1261 prio=120 target_cpu=000
     kworker/0:0-1059  [000] d...  6526.960243: sched_switch: prev_comm=kworker/0:0 prev_pid=1059 prev_prio=120 prev_state=I ==> next_comm=kworker/0:1 next_pid=1261 next_prio=120
     kworker/0:1-1261  [000] dn..  6526.960259: sched_wakeup: comm=kworker/0:0 pid=1059 prio=120 target_cpu=000
     kworker/0:1-1261  [000] d...  6526.960262: sched_switch: prev_comm=kworker/0:1 prev_pid=1261 prev_prio=120 prev_state=D ==> next_comm=kworker/0:0 next_pid=1059 next_prio=120
     kworker/0:0-1059  [000] d.h.  6526.960269: sched_wakeup: comm=kworker/0:1 pid=1261 prio=120 target_cpu=000
     kworker/0:0-1059  [000] d...  6526.960278: sched_switch: prev_comm=kworker/0:0 prev_pid=1059 prev_prio=120 prev_state=I ==> next_comm=kworker/0:1 next_pid=1261 next_prio=120
     kworker/0:1-1261  [000] dn..  6526.960294: sched_wakeup: comm=kworker/0:0 pid=1059 prio=120 target_cpu=000
     kworker/0:1-1261  [000] d...  6526.960297: sched_switch: prev_comm=kworker/0:1 prev_pid=1261 prev_prio=120 prev_state=D ==> next_comm=kworker/0:0 next_pid=1059 next_prio=120
     kworker/0:0-1059  [000] d.h.  6526.960304: sched_wakeup: comm=kworker/0:1 pid=1261 prio=120 target_cpu=000
     kworker/0:0-1059  [000] d...  6526.960313: sched_switch: prev_comm=kworker/0:0 prev_pid=1059 prev_prio=120 prev_state=I ==> next_comm=kworker/0:1 next_pid=1261 next_prio=120
     kworker/0:1-1261  [000] d...  6526.960345: sched_switch: prev_comm=kworker/0:1 prev_pid=1261 prev_prio=120 prev_state=I ==> next_comm=swapper/0 next_pid=0 next_prio=120
          <idle>-0     [003] dnh.  6526.990200: sched_wakeup: comm=ssh-agent pid=557 prio=120 target_cpu=003
          <idle>-0     [003] d...  6526.990216: sched_switch: prev_comm=swapper/3 prev_pid=0 prev_prio=120 prev_state=R ==> next_comm=ssh-agent next_pid=557 next_prio=120
       ssh-agent-557   [003] d...  6526.990275: sched_switch: prev_comm=ssh-agent prev_pid=557 prev_prio=120 prev_state=S ==> next_comm=swapper/3 next_pid=0 next_prio=120
          <idle>-0     [000] dnh.  6527.035096: sched_wakeup: comm=gmain pid=564 prio=120 target_cpu=000
          <idle>-0     [000] d...  6527.035113: sched_switch: prev_comm=swapper/0 prev_pid=0 prev_prio=120 prev_state=R ==> next_comm=gmain next_pid=564 next_prio=120
           gmain-564   [000] d...  6527.035204: sched_switch: prev_comm=gmain prev_pid=564 prev_prio=120 prev_state=S ==> next_comm=swapper/0 next_pid=0 next_prio=120
          <idle>-0     [002] dns.  6527.040112: sched_wakeup: comm=kworker/2:0 pid=1188 prio=120 target_cpu=002
          <idle>-0     [002] dns.  6527.040138: sched_wakeup: comm=ksoftirqd/2 pid=21 prio=120 target_cpu=002
          <idle>-0     [002] d...  6527.040150: sched_switch: prev_comm=swapper/2 prev_pid=0 prev_prio=120 prev_state=R ==> next_comm=ksoftirqd/2 next_pid=21 next_prio=120
     ksoftirqd/2-21    [002] d...  6527.040169: sched_switch: prev_comm=ksoftirqd/2 prev_pid=21 prev_prio=120 prev_state=S ==> next_comm=kworker/2:0 next_pid=1188 next_prio=120
     kworker/2:0-1188  [002] d...  6527.040218: sched_switch: prev_comm=kworker/2:0 prev_pid=1188 prev_prio=120 prev_state=I ==> next_comm=swapper/2 next_pid=0 next_prio=120
          <idle>-0     [000] dnh.  6527.063276: sched_wakeup: comm=rngd pid=383 prio=120 target_cpu=000
          <idle>-0     [000] dnh.  6527.063286: sched_wakeup: comm=kworker/0:1 pid=1261 prio=120 target_cpu=000
          <idle>-0     [000] d...  6527.063301: sched_switch: prev_comm=swapper/0 prev_pid=0 prev_prio=120 prev_state=R ==> next_comm=rngd next_pid=383 next_prio=120
            rngd-383   [000] d...  6527.063316: sched_switch: prev_comm=rngd prev_pid=383 prev_prio=120 prev_state=S ==> next_comm=kworker/0:1 next_pid=1261 next_prio=120
     kworker/0:1-1261  [000] d...  6527.063361: sched_switch: prev_comm=kworker/0:1 prev_pid=1261 prev_prio=120 prev_state=I ==> next_comm=swapper/0 next_pid=0 next_prio=120
          <idle>-0     [000] dns.  6527.120102: sched_wakeup: comm=kworker/0:1 pid=1261 prio=120 target_cpu=000
          <idle>-0     [000] d...  6527.120131: sched_switch: prev_comm=swapper/0 prev_pid=0 prev_prio=120 prev_state=R ==> next_comm=kworker/0:1 next_pid=1261 next_prio=120
     kworker/0:1-1261  [000] d...  6527.120163: sched_switch: prev_comm=kworker/0:1 prev_pid=1261 prev_prio=120 prev_state=I ==> next_comm=swapper/0 next_pid=0 next_prio=120
          <idle>-0     [000] dns.  6527.141862: sched_wakeup: comm=sshd pid=908 prio=120 target_cpu=000
          <idle>-0     [000] dns.  6527.141882: sched_wakeup: comm=ksoftirqd/0 pid=9 prio=120 target_cpu=000
          <idle>-0     [000] d...  6527.141897: sched_switch: prev_comm=swapper/0 prev_pid=0 prev_prio=120 prev_state=R ==> next_comm=ksoftirqd/0 next_pid=9 next_prio=120
     ksoftirqd/0-9     [000] d...  6527.141912: sched_switch: prev_comm=ksoftirqd/0 prev_pid=9 prev_prio=120 prev_state=S ==> next_comm=sshd next_pid=908 next_prio=120
          <idle>-0     [001] dnh.  6527.142041: sched_wakeup: comm=kworker/u8:2 pid=119 prio=120 target_cpu=001
          <idle>-0     [001] d...  6527.142054: sched_switch: prev_comm=swapper/1 prev_pid=0 prev_prio=120 prev_state=R ==> next_comm=kworker/u8:2 next_pid=119 next_prio=120
          <idle>-0     [003] dnh.  6527.142076: sched_wakeup: comm=bash pid=911 prio=120 target_cpu=003
            sshd-908   [000] d...  6527.142086: sched_switch: prev_comm=sshd prev_pid=908 prev_prio=120 prev_state=S ==> next_comm=swapper/0 next_pid=0 next_prio=120
          <idle>-0     [003] d...  6527.142090: sched_switch: prev_comm=swapper/3 prev_pid=0 prev_prio=120 prev_state=R ==> next_comm=bash next_pid=911 next_prio=120
    kworker/u8:2-119   [001] d...  6527.142096: sched_switch: prev_comm=kworker/u8:2 prev_pid=119 prev_prio=120 prev_state=I ==> next_comm=swapper/1 next_pid=0 next_prio=120
          <idle>-0     [001] dnh.  6527.142172: sched_wakeup: comm=kworker/u8:2 pid=119 prio=120 target_cpu=001
          <idle>-0     [001] d...  6527.142184: sched_switch: prev_comm=swapper/1 prev_pid=0 prev_prio=120 prev_state=R ==> next_comm=kworker/u8:2 next_pid=119 next_prio=120
            bash-911   [003] d...  6527.142189: sched_switch: prev_comm=bash prev_pid=911 prev_prio=120 prev_state=S ==> next_comm=swapper/3 next_pid=0 next_prio=120
    kworker/u8:2-119   [001] d...  6527.142200: sched_switch: prev_comm=kworker/u8:2 prev_pid=119 prev_prio=120 prev_state=I ==> next_comm=swapper/1 next_pid=0 next_prio=120
