          <idle>-0     [000] dnh.  6527.142202: sched_wakeup: comm=sshd pid=908 prio=120 target_cpu=000
          <idle>-0     [000] d...  6527.142215: sched_switch: prev_comm=swapper/0 prev_pid=0 prev_prio=120 prev_state=R ==> next_comm=sshd next_pid=908 next_prio=120
            sshd-908   [000] d...  6527.142380: sched_switch: prev_comm=sshd prev_pid=908 prev_prio=120 prev_state=S ==> next_comm=swapper/0 next_pid=0 next_prio=120
          <idle>-0     [001] dnh.  6527.182564: sched_wakeup: comm=lxpanel pid=587 prio=120 target_cpu=001
          <idle>-0     [001] dnh.  6527.182574: sched_wakeup: comm=kworker/1:0 pid=1258 prio=120 target_cpu=001
          <idle>-0     [001] d...  6527.182588: sched_switch: prev_comm=swapper/1 prev_pid=0 prev_prio=120 prev_state=R ==> next_comm=kworker/1:0 next_pid=1258 next_prio=120
     kworker/1:0-1258  [001] d...  6527.182604: sched_switch: prev_comm=kworker/1:0 prev_pid=1258 prev_prio=120 prev_state=I ==> next_comm=lxpanel next_pid=587 next_prio=120
         lxpanel-587   [001] d...  6527.182724: sched_switch: prev_comm=lxpanel prev_pid=587 prev_prio=120 prev_state=S ==> next_comm=swapper/1 next_pid=0 next_prio=120
          <idle>-0     [000] dns.  6527.200096: sched_wakeup: comm=kworker/0:1 pid=1261 prio=120 target_cpu=000
          <idle>-0     [002] dns.  6527.200098: sched_wakeup: comm=kworker/2:0 pid=1188 prio=120 target_cpu=002
          <idle>-0     [000] d...  6527.200128: sched_switch: prev_comm=swapper/0 prev_pid=0 prev_prio=120 prev_state=R ==> next_comm=kworker/0:1 next_pid=1261 next_prio=120
          <idle>-0     [002] d...  6527.200135: sched_switch: prev_comm=swapper/2 prev_pid=0 prev_prio=120 prev_state=R ==> next_comm=kworker/2:0 next_pid=1188 next_prio=120
     kworker/0:1-1261  [000] d...  6527.200162: sched_switch: prev_comm=kworker/0:1 prev_pid=1261 prev_prio=120 prev_state=D ==> next_comm=swapper/0 next_pid=0 next_prio=120
     kworker/2:0-1188  [002] d.h.  6527.200164: sched_wakeup: comm=kworker/2:0 pid=1188 prio=120 target_cpu=002
          <idle>-0     [000] dns.  6527.200190: sched_wakeup: comm=kworker/0:1 pid=1261 prio=120 target_cpu=000
     kworker/2:0-1188  [002] d...  6527.200192: sched_switch: prev_comm=kworker/2:0 prev_pid=1188 prev_prio=120 prev_state=I ==> next_comm=swapper/2 next_pid=0 next_prio=120
          <idle>-0     [000] d...  6527.200199: sched_switch: prev_comm=swapper/0 prev_pid=0 prev_prio=120 prev_state=R ==> next_comm=kworker/0:1 next_pid=1261 next_prio=120
     kworker/0:1-1261  [000] d...  6527.200220: sched_switch: prev_comm=kworker/0:1 prev_pid=1261 prev_prio=120 prev_state=I ==> next_comm=swapper/0 next_pid=0 next_prio=120
          <idle>-0     [000] dnH.  6527.340122: sched_wakeup: comm=kworker/0:1 pid=1261 prio=120 target_cpu=000
          <idle>-0     [000] d...  6527.340141: sched_switch: prev_comm=swapper/0 prev_pid=0 prev_prio=120 prev_state=R ==> next_comm=kworker/0:1 next_pid=1261 next_prio=120
     kworker/0:1-1261  [000] d...  6527.340204: sched_switch: prev_comm=kworker/0:1 prev_pid=1261 prev_prio=120 prev_state=I ==> next_comm=swapper/0 next_pid=0 next_prio=120
          <idle>-0     [002] dnh.  6527.447986: sched_wakeup: comm=avahi-daemon pid=402 prio=120 target_cpu=002
          <idle>-0     [002] dnh.  6527.447995: sched_wakeup: comm=kworker/2:0 pid=1188 prio=120 target_cpu=002
          <idle>-0     [002] d...  6527.448009: sched_switch: prev_comm=swapper/2 prev_pid=0 prev_prio=120 prev_state=R ==> next_comm=kworker/2:0 next_pid=1188 next_prio=120
     kworker/2:0-1188  [002] d...  6527.448025: sched_switch: prev_comm=kworker/2:0 prev_pid=1188 prev_prio=120 prev_state=I ==> next_comm=avahi-daemon next_pid=402 next_prio=120
    avahi-daemon-402   [002] d...  6527.448399: sched_switch: prev_comm=avahi-daemon prev_pid=402 prev_prio=120 prev_state=S ==> next_comm=swapper/2 next_pid=0 next_prio=120
          <idle>-0     [002] dnh.  6527.548464: sched_wakeup: comm=avahi-daemon pid=402 prio=120 target_cpu=002
          <idle>-0     [002] dnh.  6527.548474: sched_wakeup: comm=kworker/2:0 pid=1188 prio=120 target_cpu=002
          <idle>-0     [002] d...  6527.548489: sched_switch: prev_comm=swapper/2 prev_pid=0 prev_prio=120 prev_state=R ==> next_comm=kworker/2:0 next_pid=1188 next_prio=120
     kworker/2:0-1188  [002] d...  6527.548504: sched_switch: prev_comm=kworker/2:0 prev_pid=1188 prev_prio=120 prev_state=I ==> next_comm=avahi-daemon next_pid=402 next_prio=120
    avahi-daemon-402   [002] d...  6527.548630: sched_switch: prev_comm=avahi-daemon prev_pid=402 prev_prio=120 prev_state=S ==> next_comm=swapper/2 next_pid=0 next_prio=120
          <idle>-0     [000] dns.  6527.589051: sched_wakeup: comm=sshd pid=908 prio=120 target_cpu=000
          <idle>-0     [000] d...  6527.589076: sched_switch: prev_comm=swapper/0 prev_pid=0 prev_prio=120 prev_state=R ==> next_comm=sshd next_pid=908 next_prio=120
          <idle>-0     [001] dnh.  6527.589187: sched_wakeup: comm=kworker/u8:2 pid=119 prio=120 target_cpu=001
          <idle>-0     [001] d...  6527.589201: sched_switch: prev_comm=swapper/1 prev_pid=0 prev_prio=120 prev_state=R ==> next_comm=kworker/u8:2 next_pid=119 next_prio=120
    kworker/u8:2-119   [001] d...  6527.589219: sched_switch: prev_comm=kworker/u8:2 prev_pid=119 prev_prio=120 prev_state=I ==> next_comm=swapper/1 next_pid=0 next_prio=120
          <idle>-0     [003] dnh.  6527.589222: sched_wakeup: comm=bash pid=911 prio=120 target_cpu=003
            sshd-908   [000] d...  6527.589232: sched_switch: prev_comm=sshd prev_pid=908 prev_prio=120 prev_state=S ==> next_comm=swapper/0 next_pid=0 next_prio=120
          <idle>-0     [003] d...  6527.589237: sched_switch: prev_comm=swapper/3 prev_pid=0 prev_prio=120 prev_state=R ==> next_comm=bash next_pid=911 next_prio=120
          <idle>-0     [001] dnh.  6527.589312: sched_wakeup: comm=kworker/u8:2 pid=119 prio=120 target_cpu=001
          <idle>-0     [001] d...  6527.589324: sched_switch: prev_comm=swapper/1 prev_pid=0 prev_prio=120 prev_state=R ==> next_comm=kworker/u8:2 next_pid=119 next_prio=120
            bash-911   [003] d...  6527.589328: sched_switch: prev_comm=bash prev_pid=911 prev_prio=120 prev_state=S ==> next_comm=swapper/3 next_pid=0 next_prio=120
    kworker/u8:2-119   [001] d...  6527.589339: sched_switch: prev_comm=kworker/u8:2 prev_pid=119 prev_prio=120 prev_state=I ==> next_comm=swapper/1 next_pid=0 next_prio=120
          <idle>-0     [000] dnh.  6527.589340: sched_wakeup: comm=sshd pid=908 prio=120 target_cpu=000
          <idle>-0     [000] d...  6527.589349: sched_switch: prev_comm=swapper/0 prev_pid=0 prev_prio=120 prev_state=R ==> next_comm=sshd next_pid=908 next_prio=120
            sshd-908   [000] d...  6527.589507: sched_switch: prev_comm=sshd prev_pid=908 prev_prio=120 prev_state=S ==> next_comm=swapper/0 next_pid=0 next_prio=120
          <idle>-0     [001] dns.  6527.600105: sched_wakeup: comm=kworker/u8:2 pid=119 prio=120 target_cpu=001
          <idle>-0     [001] dns.  6527.600115: sched_wakeup: comm=kworker/1:0 pid=1258 prio=120 target_cpu=001
          <idle>-0     [001] d...  6527.600159: sched_switch: prev_comm=swapper/1 prev_pid=0 prev_prio=120 prev_state=R ==> next_comm=kworker/1:0 next_pid=1258 next_prio=120
     kworker/1:0-1258  [001] d...  6527.600184: sched_switch: prev_comm=kworker/1:0 prev_pid=1258 prev_prio=120 prev_state=I ==> next_comm=kworker/u8:2 next_pid=119 next_prio=120
    kworker/u8:2-119   [001] d...  6527.600269: sched_switch: prev_comm=kworker/u8:2 prev_pid=119 prev_prio=120 prev_state=I ==> next_comm=swapper/1 next_pid=0 next_prio=120
          <idle>-0     [000] dns.  6527.693388: sched_wakeup: comm=sshd pid=908 prio=120 target_cpu=000
          <idle>-0     [000] dnH.  6527.693397: sched_wakeup: comm=kworker/0:1 pid=1261 prio=120 target_cpu=000
          <idle>-0     [000] dns.  6527.693416: sched_wakeup: comm=ksoftirqd/0 pid=9 prio=120 target_cpu=000
          <idle>-0     [000] d...  6527.693432: sched_switch: prev_comm=swapper/0 prev_pid=0 prev_prio=120 prev_state=R ==> next_comm=ksoftirqd/0 next_pid=9 next_prio=120
     ksoftirqd/0-9     [000] d...  6527.693447: sched_switch: prev_comm=ksoftirqd/0 prev_pid=9 prev_prio=120 prev_state=S ==> next_comm=sshd next_pid=908 next_prio=120
          <idle>-0     [001] dnh.  6527.693545: sched_wakeup: comm=kworker/u8:2 pid=119 prio=120 target_cpu=001
          <idle>-0     [001] d...  6527.693558: sched_switch: prev_comm=swapper/1 prev_pid=0 prev_prio=120 prev_state=R ==> next_comm=kworker/u8:2 next_pid=119 next_prio=120
            sshd-908   [000] d...  6527.693569: sched_switch: prev_comm=sshd prev_pid=908 prev_prio=120 prev_state=S ==> next_comm=kworker/0:1 next_pid=1261 next_prio=120
          <idle>-0     [003] dnh.  6527.693576: sched_wakeup: comm=bash pid=911 prio=120 target_cpu=003
          <idle>-0     [003] d...  6527.693590: sched_switch: prev_comm=swapper/3 prev_pid=0 prev_prio=120 prev_state=R ==> next_comm=bash next_pid=911 next_prio=120
    kworker/u8:2-119   [001] d...  6527.693625: sched_switch: prev_comm=kworker/u8:2 prev_pid=119 prev_prio=120 prev_state=I ==> next_comm=swapper/1 next_pid=0 next_prio=120
     kworker/0:1-1261  [000] d...  6527.693634: sched_switch: prev_comm=kworker/0:1 prev_pid=1261 prev_prio=120 prev_state=I ==> next_comm=swapper/0 next_pid=0 next_prio=120
          <idle>-0     [001] dnh.  6527.693658: sched_wakeup: comm=kworker/u8:2 pid=119 prio=120 target_cpu=001
          <idle>-0     [001] d...  6527.693669: sched_switch: prev_comm=swapper/1 prev_pid=0 prev_prio=120 prev_state=R ==> next_comm=kworker/u8:2 next_pid=119 next_prio=120
    kworker/u8:2-119   [001] d...  6527.693685: sched_switch: prev_comm=kworker/u8:2 prev_pid=119 prev_prio=120 prev_state=I ==> next_comm=swapper/1 next_pid=0 next_prio=120
            bash-911   [003] d...  6527.693686: sched_switch: prev_comm=bash prev_pid=911 prev_prio=120 prev_state=S ==> next_comm=swapper/3 next_pid=0 next_prio=120
          <idle>-0     [000] dnh.  6527.693687: sched_wakeup: comm=sshd pid=908 prio=120 target_cpu=000
          <idle>-0     [000] d...  6527.693700: sched_switch: prev_comm=swapper/0 prev_pid=0 prev_prio=120 prev_state=R ==> next_comm=sshd next_pid=908 next_prio=120
            sshd-908   [000] d...  6527.693848: sched_switch: prev_comm=sshd prev_pid=908 prev_prio=120 prev_state=S ==> next_comm=swapper/0 next_pid=0 next_prio=120
          <idle>-0     [001] dnh.  6527.783269: sched_wakeup: comm=lxpanel pid=587 prio=120 target_cpu=001
          <idle>-0     [001] d...  6527.783285: sched_switch: prev_comm=swapper/1 prev_pid=0 prev_prio=120 prev_state=R ==> next_comm=lxpanel next_pid=587 next_prio=120
         lxpanel-587   [001] d...  6527.783393: sched_switch: prev_comm=lxpanel prev_pid=587 prev_prio=120 prev_state=S ==> next_comm=swapper/1 next_pid=0 next_prio=120
          <idle>-0     [000] dnH.  6527.840126: sched_wakeup: comm=kworker/0:1 pid=1261 prio=120 target_cpu=000
          <idle>-0     [000] d...  6527.840146: sched_switch: prev_comm=swapper/0 prev_pid=0 prev_prio=120 prev_state=R ==> next_comm=kworker/0:1 next_pid=1261 next_prio=120
     kworker/0:1-1261  [000] d...  6527.840183: sched_switch: prev_comm=kworker/0:1 prev_pid=1261 prev_prio=120 prev_state=I ==> next_comm=swapper/0 next_pid=0 next_prio=120
          <idle>-0     [000] dnh.  6527.846606: sched_wakeup: comm=rngd pid=383 prio=120 target_cpu=000
          <idle>-0     [000] d...  6527.846622: sched_switch: prev_comm=swapper/0 prev_pid=0 prev_prio=120 prev_state=R ==> next_comm=rngd next_pid=383 next_prio=120
            rngd-383   [000] d...  6527.846636: sched_switch: prev_comm=rngd prev_pid=383 prev_prio=120 prev_state=S ==> next_comm=swapper/0 next_pid=0 next_prio=120
          <idle>-0     [000] dns.  6527.859792: sched_wakeup: comm=sshd pid=908 prio=120 target_cpu=000
          <idle>-0     [000] d...  6527.859815: sched_switch: prev_comm=swapper/0 prev_pid=0 prev_prio=120 prev_state=R ==> next_comm=sshd next_pid=908 next_prio=120
          <idle>-0     [001] dnh.  6527.859914: sched_wakeup: comm=kworker/u8:2 pid=119 prio=120 target_cpu=001
          <idle>-0     [001] d...  6527.859927: sched_switch: prev_comm=swapper/1 prev_pid=0 prev_prio=120 prev_state=R ==> next_comm=kworker/u8:2 next_pid=119 next_prio=120
            sshd-908   [000] d...  6527.859938: sched_switch: prev_comm=sshd prev_pid=908 prev_prio=120 prev_state=S ==> next_comm=swapper/0 next_pid=0 next_prio=120
    kworker/u8:2-119   [001] d...  6527.859944: sched_switch: prev_comm=kworker/u8:2 prev_pid=119 prev_prio=120 prev_state=I ==> next_comm=swapper/1 next_pid=0 next_prio=120
          <idle>-0     [003] dnh.  6527.859946: sched_wakeup: comm=bash pid=911 prio=120 target_cpu=003
          <idle>-0     [003] d...  6527.859959: sched_switch: prev_comm=swapper/3 prev_pid=0 prev_prio=120 prev_state=R ==> next_comm=bash next_pid=911 next_prio=120
          <idle>-0     [001] dnh.  6527.860023: sched_wakeup: comm=kworker/u8:2 pid=119 prio=120 target_cpu=001
          <idle>-0     [001] d...  6527.860035: sched_switch: prev_comm=swapper/1 prev_pid=0 prev_prio=120 prev_state=R ==> next_comm=kworker/u8:2 next_pid=119 next_prio=120
            bash-911   [003] d...  6527.860037: sched_switch: prev_comm=bash prev_pid=911 prev_prio=120 prev_state=S ==> next_comm=swapper/3 next_pid=0 next_prio=120
    kworker/u8:2-119   [001] d...  6527.860050: sched_switch: prev_comm=kworker/u8:2 prev_pid=119 prev_prio=120 prev_state=I ==> next_comm=swapper/1 next_pid=0 next_prio=120
          <idle>-0     [000] dnh.  6527.860051: sched_wakeup: comm=sshd pid=908 prio=120 target_cpu=000
          <idle>-0     [000] d...  6527.860064: sched_switch: prev_comm=swapper/0 prev_pid=0 prev_prio=120 prev_state=R ==> next_comm=sshd next_pid=908 next_prio=120
            sshd-908   [000] d...  6527.860247: sched_switch: prev_comm=sshd prev_pid=908 prev_prio=120 prev_state=S ==> next_comm=swapper/0 next_pid=0 next_prio=120
          <idle>-0     [000] dnh.  6527.976289: sched_wakeup: comm=thd pid=378 prio=120 target_cpu=000
          <idle>-0     [000] dnh.  6527.976299: sched_wakeup: comm=kworker/0:1 pid=1261 prio=120 target_cpu=000
          <idle>-0     [000] d...  6527.976315: sched_switch: prev_comm=swapper/0 prev_pid=0 prev_prio=120 prev_state=R ==> next_comm=thd next_pid=378 next_prio=120
             thd-378   [000] d...  6527.976348: sched_switch: prev_comm=thd prev_pid=378 prev_prio=120 prev_state=S ==> next_comm=kworker/0:1 next_pid=1261 next_prio=120
     kworker/0:1-1261  [000] d...  6527.976412: sched_switch: prev_comm=kworker/0:1 prev_pid=1261 prev_prio=120 prev_state=I ==> next_comm=swapper/0 next_pid=0 next_prio=120
          <idle>-0     [000] dns.  6528.000105: sched_wakeup: comm=kworker/0:1 pid=1261 prio=120 target_cpu=000
          <idle>-0     [000] d...  6528.000137: sched_switch: prev_comm=swapper/0 prev_pid=0 prev_prio=120 prev_state=R ==> next_comm=kworker/0:1 next_pid=1261 next_prio=120
     kworker/0:1-1261  [000] d...  6528.000158: sched_switch: prev_comm=kworker/0:1 prev_pid=1261 prev_prio=120 prev_state=D ==> next_comm=swapper/0 next_pid=0 next_prio=120
          <idle>-0     [000] dnh.  6528.000168: sched_wakeup: comm=kworker/0:1 pid=1261 prio=120 target_cpu=000
          <idle>-0     [000] d...  6528.000174: sched_switch: prev_comm=swapper/0 prev_pid=0 prev_prio=120 prev_state=R ==> next_comm=kworker/0:1 next_pid=1261 next_prio=120
     kworker/0:1-1261  [000] d...  6528.000190: sched_switch: prev_comm=kworker/0:1 prev_pid=1261 prev_prio=120 prev_state=D ==> next_comm=swapper/0 next_pid=0 next_prio=120
          <idle>-0     [000] dnh.  6528.000198: sched_wakeup: comm=kworker/0:1 pid=1261 prio=120 target_cpu=000
          <idle>-0     [000] d...  6528.000204: sched_switch: prev_comm=swapper/0 prev_pid=0 prev_prio=120 prev_state=R ==> next_comm=kworker/0:1 next_pid=1261 next_prio=120
     kworker/0:1-1261  [000] d...  6528.000219: sched_switch: prev_comm=kworker/0:1 prev_pid=1261 prev_prio=120 prev_state=D ==> next_comm=swapper/0 next_pid=0 next_prio=120
          <idle>-0     [000] dnh.  6528.000226: sched_wakeup: comm=kworker/0:1 pid=1261 prio=120 target_cpu=000
          <idle>-0     [000] d...  6528.000232: sched_switch: prev_comm=swapper/0 prev_pid=0 prev_prio=120 prev_state=R ==> next_comm=kworker/0:1 next_pid=1261 next_prio=120
     kworker/0:1-1261  [000] d...  6528.000248: sched_switch: prev_comm=kworker/0:1 prev_pid=1261 prev_prio=120 prev_state=D ==> next_comm=swapper/0 next_pid=0 next_prio=120
          <idle>-0     [000] dnh.  6528.000257: sched_wakeup: comm=kworker/0:1 pid=1261 prio=120 target_cpu=000
          <idle>-0     [000] d...  6528.000263: sched_switch: prev_comm=swapper/0 prev_pid=0 prev_prio=120 prev_state=R ==> next_comm=kworker/0:1 next_pid=1261 next_prio=120
     kworker/0:1-1261  [000] d...  6528.000278: sched_switch: prev_comm=kworker/0:1 prev_pid=1261 prev_prio=120 prev_state=D ==> next_comm=swapper/0 next_pid=0 next_prio=120
          <idle>-0     [000] dnh.  6528.000286: sched_wakeup: comm=kworker/0:1 pid=1261 prio=120 target_cpu=000
          <idle>-0     [000] d...  6528.000292: sched_switch: prev_comm=swapper/0 prev_pid=0 prev_prio=120 prev_state=R ==> next_comm=kworker/0:1 next_pid=1261 next_prio=120
     kworker/0:1-1261  [000] d...  6528.000307: sched_switch: prev_comm=kworker/0:1 prev_pid=1261 prev_prio=120 prev_state=I ==> next_comm=swapper/0 next_pid=0 next_prio=120
          <idle>-0     [000] dnH.  6528.080125: sched_wakeup: comm=kworker/0:1 pid=1261 prio=120 target_cpu=000
          <idle>-0     [000] d...  6528.080144: sched_switch: prev_comm=swapper/0 prev_pid=0 prev_prio=120 prev_state=R ==> next_comm=kworker/0:1 next_pid=1261 next_prio=120
     kworker/0:1-1261  [000] d...  6528.080161: sched_switch: prev_comm=kworker/0:1 prev_pid=1261 prev_prio=120 prev_state=I ==> next_comm=swapper/0 next_pid=0 next_prio=120
          <idle>-0     [000] dns.  6528.094168: sched_wakeup: comm=sshd pid=908 prio=120 target_cpu=000
          <idle>-0     [000] d...  6528.094189: sched_switch: prev_comm=swapper/0 prev_pid=0 prev_prio=120 prev_state=R ==> next_comm=sshd next_pid=908 next_prio=120
          <idle>-0     [001] dnh.  6528.094287: sched_wakeup: comm=kworker/u8:2 pid=119 prio=120 target_cpu=001
          <idle>-0     [001] d...  6528.094300: sched_switch: prev_comm=swapper/1 prev_pid=0 prev_prio=120 prev_state=R ==> next_comm=kworker/u8:2 next_pid=119 next_prio=120
            sshd-908   [000] d...  6528.094312: sched_switch: prev_comm=sshd prev_pid=908 prev_prio=120 prev_state=S ==> next_comm=swapper/0 next_pid=0 next_prio=120
    kworker/u8:2-119   [001] d...  6528.094315: sched_switch: prev_comm=kworker/u8:2 prev_pid=119 prev_prio=120 prev_state=I ==> next_comm=swapper/1 next_pid=0 next_prio=120
          <idle>-0     [003] dnh.  6528.094317: sched_wakeup: comm=bash pid=911 prio=120 target_cpu=003
          <idle>-0     [003] d...  6528.094330: sched_switch: prev_comm=swapper/3 prev_pid=0 prev_prio=120 prev_state=R ==> next_comm=bash next_pid=911 next_prio=120
            bash-911   [003] dns.  6528.100139: sched_wakeup: comm=kworker/3:1 pid=40 prio=120 target_cpu=003
          <idle>-0     [002] dnh.  6528.100189: sched_wakeup: comm=rcu_sched pid=10 prio=120 target_cpu=002
            bash-911   [003] d...  6528.100194: sched_switch: prev_comm=bash prev_pid=911 prev_prio=120 prev_state=R ==> next_comm=kworker/3:1 next_pid=40 next_prio=120
          <idle>-0     [002] d...  6528.100204: sched_switch: prev_comm=swapper/2 prev_pid=0 prev_prio=120 prev_state=R ==> next_comm=rcu_sched next_pid=10 next_prio=120
     kworker/3:1-40    [003] d...  6528.100226: sched_switch: prev_comm=kworker/3:1 prev_pid=40 prev_prio=120 prev_state=I ==> next_comm=bash next_pid=911 next_prio=120
       rcu_sched-10    [002] d...  6528.100287: sched_switch: prev_comm=rcu_sched prev_pid=10 prev_prio=120 prev_state=I ==> next_comm=swapper/2 next_pid=0 next_prio=120
            bash-911   [003] ....  6528.108564: sys_clone+0x14/0x3c <-ret_fast_syscall+0x0/0x28
            bash-911   [003] ....  6528.108585: <stack trace>
 => sys_clone+0x18/0x3c
 => ret_fast_syscall+0x0/0x28
 => 0xbea878e0
            bash-911   [003] ....  6528.108588: _do_fork+0x14/0x438 <-sys_clone+0x34/0x3c
            bash-911   [003] ....  6528.108598: <stack trace>
 => _do_fork+0x18/0x438
 => sys_clone+0x34/0x3c
 => ret_fast_syscall+0x0/0x28
 => 0xbea878e0
            bash-911   [003] ....  6528.108601: copy_process.part.5+0x14/0x1ad4 <-_do_fork+0xd8/0x438
            bash-911   [003] ....  6528.108612: <stack trace>
 => copy_process.part.5+0x18/0x1ad4
 => _do_fork+0xd8/0x438
 => sys_clone+0x34/0x3c
 => ret_fast_syscall+0x0/0x28
 => 0xbea878e0
            bash-911   [003] ....  6528.109191: sched_process_fork: comm=bash pid=911 child_comm=bash child_pid=1269
          <idle>-0     [000] d...  6528.109233: sched_switch: prev_comm=swapper/0 prev_pid=0 prev_prio=120 prev_state=R ==> next_comm=bash next_pid=1269 next_prio=120
            bash-911   [003] d...  6528.109442: sched_switch: prev_comm=bash prev_pid=911 prev_prio=120 prev_state=S ==> next_comm=swapper/3 next_pid=0 next_prio=120
          <idle>-0     [003] dnh.  6528.113440: sched_wakeup: comm=bash pid=911 prio=120 target_cpu=003
          <idle>-0     [003] d...  6528.113456: sched_switch: prev_comm=swapper/3 prev_pid=0 prev_prio=120 prev_state=R ==> next_comm=bash next_pid=911 next_prio=120
            bash-911   [003] d...  6528.113499: sched_switch: prev_comm=bash prev_pid=911 prev_prio=120 prev_state=S ==> next_comm=swapper/3 next_pid=0 next_prio=120
            bash-1269  [000] ....  6528.114111: do_exit+0x14/0xc18 <-do_group_exit+0x4c/0xe4
            bash-1269  [000] ....  6528.114132: <stack trace>
 => do_exit+0x18/0xc18
 => do_group_exit+0x4c/0xe4
 => __wake_up_parent+0x0/0x30
 => ret_fast_syscall+0x0/0x28
 => 0xbea87a08
            bash-1269  [000] ....  6528.114874: sched_process_exit: comm=bash pid=1269 prio=120
          <idle>-0     [003] dnh.  6528.114910: sched_wakeup: comm=bash pid=911 prio=120 target_cpu=003
          <idle>-0     [003] d...  6528.114921: sched_switch: prev_comm=swapper/3 prev_pid=0 prev_prio=120 prev_state=R ==> next_comm=bash next_pid=911 next_prio=120
            bash-1269  [000] d...  6528.114940: signal_generate: sig=17 errno=0 code=1 comm=bash pid=911 grp=1 res=0
            bash-1269  [000] d...  6528.114951: sched_switch: prev_comm=bash prev_pid=1269 prev_prio=120 prev_state=Z ==> next_comm=swapper/0 next_pid=0 next_prio=120
            bash-911   [003] d...  6528.114966: signal_deliver: sig=17 errno=0 code=1 sa_handler=55a6c sa_flags=14000000
          <idle>-0     [001] dnh.  6528.116158: sched_wakeup: comm=kworker/u8:2 pid=119 prio=120 target_cpu=001
          <idle>-0     [001] d...  6528.116177: sched_switch: prev_comm=swapper/1 prev_pid=0 prev_prio=120 prev_state=R ==> next_comm=kworker/u8:2 next_pid=119 next_prio=120
            bash-911   [003] d...  6528.116192: sched_switch: prev_comm=bash prev_pid=911 prev_prio=120 prev_state=S ==> next_comm=swapper/3 next_pid=0 next_prio=120
    kworker/u8:2-119   [001] d...  6528.116198: sched_switch: prev_comm=kworker/u8:2 prev_pid=119 prev_prio=120 prev_state=I ==> next_comm=swapper/1 next_pid=0 next_prio=120
          <idle>-0     [000] dnh.  6528.116201: sched_wakeup: comm=sshd pid=908 prio=120 target_cpu=000
          <idle>-0     [000] d...  6528.116211: sched_switch: prev_comm=swapper/0 prev_pid=0 prev_prio=120 prev_state=R ==> next_comm=sshd next_pid=908 next_prio=120
            sshd-908   [000] d...  6528.116453: sched_switch: prev_comm=sshd prev_pid=908 prev_prio=120 prev_state=S ==> next_comm=swapper/0 next_pid=0 next_prio=120
          <idle>-0     [002] dns.  6528.120119: sched_wakeup: comm=rcu_sched pid=10 prio=120 target_cpu=002
          <idle>-0     [002] d...  6528.120169: sched_switch: prev_comm=swapper/2 prev_pid=0 prev_prio=120 prev_state=R ==> next_comm=rcu_sched next_pid=10 next_prio=120
       rcu_sched-10    [002] d...  6528.120196: sched_switch: prev_comm=rcu_sched prev_pid=10 prev_prio=120 prev_state=I ==> next_comm=swapper/2 next_pid=0 next_prio=120
          <idle>-0     [002] dns.  6528.140109: sched_wakeup: comm=rcu_sched pid=10 prio=120 target_cpu=002
          <idle>-0     [002] d...  6528.140146: sched_switch: prev_comm=swapper/2 prev_pid=0 prev_prio=120 prev_state=R ==> next_comm=rcu_sched next_pid=10 next_prio=120
       rcu_sched-10    [002] d...  6528.140191: sched_switch: prev_comm=rcu_sched prev_pid=10 prev_prio=120 prev_state=I ==> next_comm=swapper/2 next_pid=0 next_prio=120
          <idle>-0     [002] dns.  6528.160109: sched_wakeup: comm=rcu_sched pid=10 prio=120 target_cpu=002
          <idle>-0     [002] d...  6528.160145: sched_switch: prev_comm=swapper/2 prev_pid=0 prev_prio=120 prev_state=R ==> next_comm=rcu_sched next_pid=10 next_prio=120
       rcu_sched-10    [002] d...  6528.160168: sched_switch: prev_comm=rcu_sched prev_pid=10 prev_prio=120 prev_state=I ==> next_comm=swapper/2 next_pid=0 next_prio=120
          <idle>-0     [002] dns.  6528.180110: sched_wakeup: comm=rcu_sched pid=10 prio=120 target_cpu=002
          <idle>-0     [002] dnH.  6528.180120: sched_wakeup: comm=kworker/2:0 pid=1188 prio=120 target_cpu=002
          <idle>-0     [002] d...  6528.180157: sched_switch: prev_comm=swapper/2 prev_pid=0 prev_prio=120 prev_state=R ==> next_comm=kworker/2:0 next_pid=1188 next_prio=120
     kworker/2:0-1188  [002] d...  6528.180176: sched_switch: prev_comm=kworker/2:0 prev_pid=1188 prev_prio=120 prev_state=I ==> next_comm=rcu_sched next_pid=10 next_prio=120
       rcu_sched-10    [002] d...  6528.180224: sched_switch: prev_comm=rcu_sched prev_pid=10 prev_prio=120 prev_state=I ==> next_comm=swapper/2 next_pid=0 next_prio=120
          <idle>-0     [002] dns.  6528.200109: sched_wakeup: comm=rcu_sched pid=10 prio=120 target_cpu=002
          <idle>-0     [002] d...  6528.200144: sched_switch: prev_comm=swapper/2 prev_pid=0 prev_prio=120 prev_state=R ==> next_comm=rcu_sched next_pid=10 next_prio=120
       rcu_sched-10    [002] d...  6528.200163: sched_switch: prev_comm=rcu_sched prev_pid=10 prev_prio=120 prev_state=I ==> next_comm=swapper/2 next_pid=0 next_prio=120
          <idle>-0     [000] dns.  6528.240112: sched_wakeup: comm=kworker/0:1 pid=1261 prio=120 target_cpu=000
          <idle>-0     [000] d...  6528.240157: sched_switch: prev_comm=swapper/0 prev_pid=0 prev_prio=120 prev_state=R ==> next_comm=kworker/0:1 next_pid=1261 next_prio=120
     kworker/0:1-1261  [000] d.s.  6528.240213: sched_wakeup: comm=kworker/0:1 pid=1261 prio=120 target_cpu=000
          <idle>-0     [003] dnh.  6528.240256: sched_wakeup: comm=kworker/3:1 pid=40 prio=120 target_cpu=003
          <idle>-0     [003] d...  6528.240272: sched_switch: prev_comm=swapper/3 prev_pid=0 prev_prio=120 prev_state=R ==> next_comm=kworker/3:1 next_pid=40 next_prio=120
     kworker/0:1-1261  [000] d...  6528.240296: sched_switch: prev_comm=kworker/0:1 prev_pid=1261 prev_prio=120 prev_state=I ==> next_comm=swapper/0 next_pid=0 next_prio=120
     kworker/3:1-40    [003] d...  6528.240302: sched_switch: prev_comm=kworker/3:1 prev_pid=40 prev_prio=120 prev_state=I ==> next_comm=swapper/3 next_pid=0 next_prio=120
          <idle>-0     [000] dnH.  6528.330130: sched_wakeup: comm=kworker/0:1 pid=1261 prio=120 target_cpu=000
          <idle>-0     [000] d...  6528.330149: sched_switch: prev_comm=swapper/0 prev_pid=0 prev_prio=120 prev_state=R ==> next_comm=kworker/0:1 next_pid=1261 next_prio=120
     kworker/0:1-1261  [000] d...  6528.330197: sched_switch: prev_comm=kworker/0:1 prev_pid=1261 prev_prio=120 prev_state=I ==> next_comm=swapper/0 next_pid=0 next_prio=120
          <idle>-0     [001] dnh.  6528.383956: sched_wakeup: comm=lxpanel pid=587 prio=120 target_cpu=001
          <idle>-0     [001] d...  6528.383972: sched_switch: prev_comm=swapper/1 prev_pid=0 prev_prio=120 prev_state=R ==> next_comm=lxpanel next_pid=587 next_prio=120
         lxpanel-587   [001] d...  6528.384093: sched_switch: prev_comm=lxpanel prev_pid=587 prev_prio=120 prev_state=S ==> next_comm=swapper/1 next_pid=0 next_prio=120
          <idle>-0     [000] dns.  6528.480235: sched_wakeup: comm=sshd pid=908 prio=120 target_cpu=000
          <idle>-0     [000] dnH.  6528.480243: sched_wakeup: comm=kworker/0:1 pid=1261 prio=120 target_cpu=000
          <idle>-0     [000] dns.  6528.480262: sched_wakeup: comm=ksoftirqd/0 pid=9 prio=120 target_cpu=000
          <idle>-0     [000] d...  6528.480278: sched_switch: prev_comm=swapper/0 prev_pid=0 prev_prio=120 prev_state=R ==> next_comm=ksoftirqd/0 next_pid=9 next_prio=120
     ksoftirqd/0-9     [000] d...  6528.480294: sched_switch: prev_comm=ksoftirqd/0 prev_pid=9 prev_prio=120 prev_state=S ==> next_comm=sshd next_pid=908 next_prio=120
          <idle>-0     [001] dnh.  6528.480409: sched_wakeup: comm=kworker/u8:2 pid=119 prio=120 target_cpu=001
          <idle>-0     [001] d...  6528.480422: sched_switch: prev_comm=swapper/1 prev_pid=0 prev_prio=120 prev_state=R ==> next_comm=kworker/u8:2 next_pid=119 next_prio=120
            sshd-908   [000] d...  6528.480433: sched_switch: prev_comm=sshd prev_pid=908 prev_prio=120 prev_state=S ==> next_comm=kworker/0:1 next_pid=1261 next_prio=120
          <idle>-0     [003] dnh.  6528.480441: sched_wakeup: comm=bash pid=911 prio=120 target_cpu=003
          <idle>-0     [003] d...  6528.480456: sched_switch: prev_comm=swapper/3 prev_pid=0 prev_prio=120 prev_state=R ==> next_comm=bash next_pid=911 next_prio=120
    kworker/u8:2-119   [001] d...  6528.480478: sched_switch: prev_comm=kworker/u8:2 prev_pid=119 prev_prio=120 prev_state=I ==> next_comm=swapper/1 next_pid=0 next_prio=120
     kworker/0:1-1261  [000] d...  6528.480488: sched_switch: prev_comm=kworker/0:1 prev_pid=1261 prev_prio=120 prev_state=I ==> next_comm=swapper/0 next_pid=0 next_prio=120
          <idle>-0     [001] dnh.  6528.480500: sched_wakeup: comm=kworker/u8:2 pid=119 prio=120 target_cpu=001
          <idle>-0     [001] d...  6528.480511: sched_switch: prev_comm=swapper/1 prev_pid=0 prev_prio=120 prev_state=R ==> next_comm=kworker/u8:2 next_pid=119 next_prio=120
          <idle>-0     [000] dnh.  6528.480531: sched_wakeup: comm=sshd pid=908 prio=120 target_cpu=000
          <idle>-0     [000] d...  6528.480546: sched_switch: prev_comm=swapper/0 prev_pid=0 prev_prio=120 prev_state=R ==> next_comm=sshd next_pid=908 next_prio=120
    kworker/u8:2-119   [001] d...  6528.480552: sched_switch: prev_comm=kworker/u8:2 prev_pid=119 prev_prio=120 prev_state=I ==> next_comm=swapper/1 next_pid=0 next_prio=120
            sshd-908   [000] d...  6528.480721: sched_switch: prev_comm=sshd prev_pid=908 prev_prio=120 prev_state=S ==> next_comm=swapper/0 next_pid=0 next_prio=120
            bash-911   [003] ....  6528.481314: sys_clone+0x14/0x3c <-ret_fast_syscall+0x0/0x28
            bash-911   [003] ....  6528.481333: <stack trace>
 => sys_clone+0x18/0x3c
 => ret_fast_syscall+0x0/0x28
 => 0xbea89780
            bash-911   [003] ....  6528.481336: _do_fork+0x14/0x438 <-sys_clone+0x34/0x3c
            bash-911   [003] ....  6528.481345: <stack trace>
 => _do_fork+0x18/0x438
 => sys_clone+0x34/0x3c
 => ret_fast_syscall+0x0/0x28
 => 0xbea89780
            bash-911   [003] ....  6528.481347: copy_process.part.5+0x14/0x1ad4 <-_do_fork+0xd8/0x438
            bash-911   [003] ....  6528.481357: <stack trace>
 => copy_process.part.5+0x18/0x1ad4
 => _do_fork+0xd8/0x438
 => sys_clone+0x34/0x3c
 => ret_fast_syscall+0x0/0x28
 => 0xbea89780
            bash-911   [003] ....  6528.481924: sched_process_fork: comm=bash pid=911 child_comm=bash child_pid=1270
          <idle>-0     [001] d...  6528.481960: sched_switch: prev_comm=swapper/1 prev_pid=0 prev_prio=120 prev_state=R ==> next_comm=bash next_pid=1270 next_prio=120
            bash-911   [003] d...  6528.482691: sched_switch: prev_comm=bash prev_pid=911 prev_prio=120 prev_state=S ==> next_comm=swapper/3 next_pid=0 next_prio=120
          <idle>-0     [002] dnh.  6528.490185: sched_wakeup: comm=rcu_sched pid=10 prio=120 target_cpu=002
          <idle>-0     [002] d...  6528.490206: sched_switch: prev_comm=swapper/2 prev_pid=0 prev_prio=120 prev_state=R ==> next_comm=rcu_sched next_pid=10 next_prio=120
       rcu_sched-10    [002] d...  6528.490226: sched_switch: prev_comm=rcu_sched prev_pid=10 prev_prio=120 prev_state=I ==> next_comm=swapper/2 next_pid=0 next_prio=120
            sudo-1270  [001] dn..  6528.505418: sched_wakeup: comm=kworker/u8:2 pid=119 prio=120 target_cpu=001
            sudo-1270  [001] d...  6528.505435: sched_switch: prev_comm=sudo prev_pid=1270 prev_prio=120 prev_state=R+ ==> next_comm=kworker/u8:2 next_pid=119 next_prio=120
    kworker/u8:2-119   [001] ....  6528.505447: _do_fork+0x14/0x438 <-kernel_thread+0x40/0x48
    kworker/u8:2-119   [001] ....  6528.505472: <stack trace>
 => _do_fork+0x18/0x438
 => kernel_thread+0x40/0x48
 => call_usermodehelper_exec_work+0x8c/0xe8
 => process_one_work+0x170/0x458
 => worker_thread+0x5c/0x5a4
 => kthread+0x138/0x168
 => ret_from_fork+0x14/0x28
 => 0
    kworker/u8:2-119   [001] ....  6528.505475: copy_process.part.5+0x14/0x1ad4 <-_do_fork+0xd8/0x438
    kworker/u8:2-119   [001] ....  6528.505491: <stack trace>
 => copy_process.part.5+0x18/0x1ad4
 => _do_fork+0xd8/0x438
 => kernel_thread+0x40/0x48
 => call_usermodehelper_exec_work+0x8c/0xe8
 => process_one_work+0x170/0x458
 => worker_thread+0x5c/0x5a4
 => kthread+0x138/0x168
 => ret_from_fork+0x14/0x28
 => 0
    kworker/u8:2-119   [001] ....  6528.505562: sched_process_fork: comm=kworker/u8:2 pid=119 child_comm=kworker/u8:2 child_pid=1271
    kworker/u8:2-119   [001] d...  6528.505589: sched_switch: prev_comm=kworker/u8:2 prev_pid=119 prev_prio=120 prev_state=S ==> next_comm=sudo next_pid=1270 next_prio=120
          <idle>-0     [002] d...  6528.505597: sched_switch: prev_comm=swapper/2 prev_pid=0 prev_prio=120 prev_state=R ==> next_comm=kworker/u8:2 next_pid=1271 next_prio=120
            sudo-1270  [001] d...  6528.505679: sched_switch: prev_comm=sudo prev_pid=1270 prev_prio=120 prev_state=D ==> next_comm=swapper/1 next_pid=0 next_prio=120
        modprobe-1271  [002] dns.  6528.510143: sched_wakeup: comm=rcu_sched pid=10 prio=120 target_cpu=002
        modprobe-1271  [002] d...  6528.510193: sched_switch: prev_comm=modprobe prev_pid=1271 prev_prio=120 prev_state=R ==> next_comm=rcu_sched next_pid=10 next_prio=120
       rcu_sched-10    [002] d...  6528.510225: sched_switch: prev_comm=rcu_sched prev_pid=10 prev_prio=120 prev_state=I ==> next_comm=modprobe next_pid=1271 next_prio=120
        modprobe-1271  [002] ....  6528.515999: do_exit+0x14/0xc18 <-do_group_exit+0x4c/0xe4
        modprobe-1271  [002] ....  6528.516022: <stack trace>
 => do_exit+0x18/0xc18
 => do_group_exit+0x4c/0xe4
 => __wake_up_parent+0x0/0x30
 => ret_fast_syscall+0x0/0x28
 => 0xbea6ed38
        modprobe-1271  [002] ....  6528.516576: sched_process_exit: comm=modprobe pid=1271 prio=120
        modprobe-1271  [002] d...  6528.516638: signal_generate: sig=17 errno=0 code=1 comm=kworker/u8:2 pid=119 grp=1 res=1
          <idle>-0     [001] dnh.  6528.516659: sched_wakeup: comm=kworker/u8:2 pid=119 prio=120 target_cpu=001
          <idle>-0     [001] d...  6528.516673: sched_switch: prev_comm=swapper/1 prev_pid=0 prev_prio=120 prev_state=R ==> next_comm=kworker/u8:2 next_pid=119 next_prio=120
        modprobe-1271  [002] d...  6528.516704: sched_switch: prev_comm=modprobe prev_pid=1271 prev_prio=120 prev_state=X ==> next_comm=swapper/2 next_pid=0 next_prio=120
    kworker/u8:2-119   [001] d...  6528.516752: sched_wakeup: comm=sudo pid=1270 prio=120 target_cpu=001
    kworker/u8:2-119   [001] d...  6528.516764: sched_switch: prev_comm=kworker/u8:2 prev_pid=119 prev_prio=120 prev_state=I ==> next_comm=sudo next_pid=1270 next_prio=120
          <idle>-0     [003] dnh.  6528.517048: sched_wakeup: comm=systemd-journal pid=110 prio=120 target_cpu=003
          <idle>-0     [003] d...  6528.517060: sched_switch: prev_comm=swapper/3 prev_pid=0 prev_prio=120 prev_state=R ==> next_comm=systemd-journal next_pid=110 next_prio=120
            sudo-1270  [001] dn..  6528.517180: sched_wakeup: comm=kworker/u8:2 pid=119 prio=120 target_cpu=001
            sudo-1270  [001] d...  6528.517192: sched_switch: prev_comm=sudo prev_pid=1270 prev_prio=120 prev_state=R+ ==> next_comm=kworker/u8:2 next_pid=119 next_prio=120
    kworker/u8:2-119   [001] ....  6528.517201: _do_fork+0x14/0x438 <-kernel_thread+0x40/0x48
    kworker/u8:2-119   [001] ....  6528.517220: <stack trace>
 => _do_fork+0x18/0x438
 => kernel_thread+0x40/0x48
 => call_usermodehelper_exec_work+0x8c/0xe8
 => process_one_work+0x170/0x458
 => worker_thread+0x5c/0x5a4
 => kthread+0x138/0x168
 => ret_from_fork+0x14/0x28
 => 0
    kworker/u8:2-119   [001] ....  6528.517223: copy_process.part.5+0x14/0x1ad4 <-_do_fork+0xd8/0x438
    kworker/u8:2-119   [001] ....  6528.517237: <stack trace>
 => copy_process.part.5+0x18/0x1ad4
 => _do_fork+0xd8/0x438
 => kernel_thread+0x40/0x48
 => call_usermodehelper_exec_work+0x8c/0xe8
 => process_one_work+0x170/0x458
 => worker_thread+0x5c/0x5a4
 => kthread+0x138/0x168
 => ret_from_fork+0x14/0x28
 => 0
    kworker/u8:2-119   [001] ....  6528.517298: sched_process_fork: comm=kworker/u8:2 pid=119 child_comm=kworker/u8:2 child_pid=1272
    kworker/u8:2-119   [001] d...  6528.517320: sched_switch: prev_comm=kworker/u8:2 prev_pid=119 prev_prio=120 prev_state=S ==> next_comm=sudo next_pid=1270 next_prio=120
            sudo-1270  [001] d...  6528.517368: sched_switch: prev_comm=sudo prev_pid=1270 prev_prio=120 prev_state=D ==> next_comm=kworker/u8:2 next_pid=1272 next_prio=120
        modprobe-1272  [001] dn..  6528.517412: sched_wakeup: comm=migration/1 pid=15 prio=0 target_cpu=001
        modprobe-1272  [001] d...  6528.517419: sched_switch: prev_comm=kworker/u8:2 prev_pid=1272 prev_prio=120 prev_state=R+ ==> next_comm=migration/1 next_pid=15 next_prio=0
          <idle>-0     [000] d...  6528.517457: sched_switch: prev_comm=swapper/0 prev_pid=0 prev_prio=120 prev_state=R ==> next_comm=kworker/u8:2 next_pid=1272 next_prio=120
     migration/1-15    [001] d...  6528.517460: sched_switch: prev_comm=migration/1 prev_pid=15 prev_prio=0 prev_state=S ==> next_comm=swapper/1 next_pid=0 next_prio=120
 systemd-journal-110   [003] d...  6528.518812: sched_wakeup: comm=in:imuxsock pid=428 prio=120 target_cpu=003
 systemd-journal-110   [003] d...  6528.519432: sched_switch: prev_comm=systemd-journal prev_pid=110 prev_prio=120 prev_state=S ==> next_comm=in:imuxsock next_pid=428 next_prio=120
     in:imuxsock-428   [003] d...  6528.519557: sched_wakeup: comm=rs:main Q:Reg pid=430 prio=120 target_cpu=003
     in:imuxsock-428   [003] d...  6528.519578: sched_switch: prev_comm=in:imuxsock prev_pid=428 prev_prio=120 prev_state=S ==> next_comm=rs:main Q:Reg next_pid=430 next_prio=120
   rs:main Q:Reg-430   [003] d...  6528.519747: sched_switch: prev_comm=rs:main Q:Reg prev_pid=430 prev_prio=120 prev_state=S ==> next_comm=swapper/3 next_pid=0 next_prio=120
        modprobe-1272  [000] ....  6528.527868: do_exit+0x14/0xc18 <-do_group_exit+0x4c/0xe4
        modprobe-1272  [000] ....  6528.527891: <stack trace>
 => do_exit+0x18/0xc18
 => do_group_exit+0x4c/0xe4
 => __wake_up_parent+0x0/0x30
 => ret_fast_syscall+0x0/0x28
 => 0xbec22d38
        modprobe-1272  [000] ....  6528.528439: sched_process_exit: comm=modprobe pid=1272 prio=120
        modprobe-1272  [000] d...  6528.528505: signal_generate: sig=17 errno=0 code=1 comm=kworker/u8:2 pid=119 grp=1 res=1
        modprobe-1272  [000] d...  6528.528525: sched_switch: prev_comm=modprobe prev_pid=1272 prev_prio=120 prev_state=Z ==> next_comm=swapper/0 next_pid=0 next_prio=120
          <idle>-0     [001] dnh.  6528.528528: sched_wakeup: comm=kworker/u8:2 pid=119 prio=120 target_cpu=001
          <idle>-0     [001] d...  6528.528541: sched_switch: prev_comm=swapper/1 prev_pid=0 prev_prio=120 prev_state=R ==> next_comm=kworker/u8:2 next_pid=119 next_prio=120
    kworker/u8:2-119   [001] d...  6528.528617: sched_wakeup: comm=sudo pid=1270 prio=120 target_cpu=001
    kworker/u8:2-119   [001] d...  6528.528630: sched_switch: prev_comm=kworker/u8:2 prev_pid=119 prev_prio=120 prev_state=I ==> next_comm=sudo next_pid=1270 next_prio=120
            sudo-1270  [001] dn..  6528.529250: sched_wakeup: comm=kworker/u8:2 pid=119 prio=120 target_cpu=001
            sudo-1270  [001] d...  6528.529261: sched_switch: prev_comm=sudo prev_pid=1270 prev_prio=120 prev_state=R+ ==> next_comm=kworker/u8:2 next_pid=119 next_prio=120
    kworker/u8:2-119   [001] ....  6528.529271: _do_fork+0x14/0x438 <-kernel_thread+0x40/0x48
    kworker/u8:2-119   [001] ....  6528.529289: <stack trace>
 => _do_fork+0x18/0x438
 => kernel_thread+0x40/0x48
 => call_usermodehelper_exec_work+0x8c/0xe8
 => process_one_work+0x170/0x458
 => worker_thread+0x5c/0x5a4
 => kthread+0x138/0x168
 => ret_from_fork+0x14/0x28
 => 0
    kworker/u8:2-119   [001] ....  6528.529291: copy_process.part.5+0x14/0x1ad4 <-_do_fork+0xd8/0x438
    kworker/u8:2-119   [001] ....  6528.529304: <stack trace>
 => copy_process.part.5+0x18/0x1ad4
 => _do_fork+0xd8/0x438
 => kernel_thread+0x40/0x48
 => call_usermodehelper_exec_work+0x8c/0xe8
 => process_one_work+0x170/0x458
 => worker_thread+0x5c/0x5a4
 => kthread+0x138/0x168
 => ret_from_fork+0x14/0x28
 => 0
    kworker/u8:2-119   [001] ....  6528.529365: sched_process_fork: comm=kworker/u8:2 pid=119 child_comm=kworker/u8:2 child_pid=1273
    kworker/u8:2-119   [001] d...  6528.529388: sched_switch: prev_comm=kworker/u8:2 prev_pid=119 prev_prio=120 prev_state=S ==> next_comm=sudo next_pid=1270 next_prio=120
          <idle>-0     [002] d...  6528.529391: sched_switch: prev_comm=swapper/2 prev_pid=0 prev_prio=120 prev_state=R ==> next_comm=kworker/u8:2 next_pid=1273 next_prio=120
            sudo-1270  [001] d...  6528.529432: sched_switch: prev_comm=sudo prev_pid=1270 prev_prio=120 prev_state=D ==> next_comm=swapper/1 next_pid=0 next_prio=120
        modprobe-1273  [002] dns.  6528.530135: sched_wakeup: comm=rcu_sched pid=10 prio=120 target_cpu=002
        modprobe-1273  [002] d...  6528.530170: sched_switch: prev_comm=modprobe prev_pid=1273 prev_prio=120 prev_state=R ==> next_comm=rcu_sched next_pid=10 next_prio=120
       rcu_sched-10    [002] d...  6528.530198: sched_switch: prev_comm=rcu_sched prev_pid=10 prev_prio=120 prev_state=I ==> next_comm=modprobe next_pid=1273 next_prio=120
        modprobe-1273  [002] ....  6528.539699: do_exit+0x14/0xc18 <-do_group_exit+0x4c/0xe4
        modprobe-1273  [002] ....  6528.539723: <stack trace>
 => do_exit+0x18/0xc18
 => do_group_exit+0x4c/0xe4
 => __wake_up_parent+0x0/0x30
 => ret_fast_syscall+0x0/0x28
 => 0xbed91d38
        modprobe-1273  [002] ....  6528.540330: sched_process_exit: comm=modprobe pid=1273 prio=120
        modprobe-1273  [002] d...  6528.540392: signal_generate: sig=17 errno=0 code=1 comm=kworker/u8:2 pid=119 grp=1 res=1
        modprobe-1273  [002] d...  6528.540410: sched_switch: prev_comm=modprobe prev_pid=1273 prev_prio=120 prev_state=Z ==> next_comm=swapper/2 next_pid=0 next_prio=120
          <idle>-0     [001] dnh.  6528.540410: sched_wakeup: comm=kworker/u8:2 pid=119 prio=120 target_cpu=001
          <idle>-0     [001] d...  6528.540422: sched_switch: prev_comm=swapper/1 prev_pid=0 prev_prio=120 prev_state=R ==> next_comm=kworker/u8:2 next_pid=119 next_prio=120
    kworker/u8:2-119   [001] d...  6528.540494: sched_wakeup: comm=sudo pid=1270 prio=120 target_cpu=001
    kworker/u8:2-119   [001] d...  6528.540506: sched_switch: prev_comm=kworker/u8:2 prev_pid=119 prev_prio=120 prev_state=I ==> next_comm=sudo next_pid=1270 next_prio=120
          <idle>-0     [003] dnh.  6528.541146: sched_wakeup: comm=systemd-journal pid=110 prio=120 target_cpu=003
          <idle>-0     [003] d...  6528.541158: sched_switch: prev_comm=swapper/3 prev_pid=0 prev_prio=120 prev_state=R ==> next_comm=systemd-journal next_pid=110 next_prio=120
            sudo-1270  [001] dn..  6528.541165: sched_wakeup: comm=kworker/u8:2 pid=119 prio=120 target_cpu=001
            sudo-1270  [001] d...  6528.541177: sched_switch: prev_comm=sudo prev_pid=1270 prev_prio=120 prev_state=R+ ==> next_comm=kworker/u8:2 next_pid=119 next_prio=120
    kworker/u8:2-119   [001] ....  6528.541185: _do_fork+0x14/0x438 <-kernel_thread+0x40/0x48
    kworker/u8:2-119   [001] ....  6528.541202: <stack trace>
 => _do_fork+0x18/0x438
 => kernel_thread+0x40/0x48
 => call_usermodehelper_exec_work+0x8c/0xe8
 => process_one_work+0x170/0x458
 => worker_thread+0x5c/0x5a4
 => kthread+0x138/0x168
 => ret_from_fork+0x14/0x28
 => 0
    kworker/u8:2-119   [001] ....  6528.541204: copy_process.part.5+0x14/0x1ad4 <-_do_fork+0xd8/0x438
    kworker/u8:2-119   [001] ....  6528.541217: <stack trace>
 => copy_process.part.5+0x18/0x1ad4
 => _do_fork+0xd8/0x438
 => kernel_thread+0x40/0x48
 => call_usermodehelper_exec_work+0x8c/0xe8
 => process_one_work+0x170/0x458
 => worker_thread+0x5c/0x5a4
 => kthread+0x138/0x168
 => ret_from_fork+0x14/0x28
 => 0
    kworker/u8:2-119   [001] ....  6528.541284: sched_process_fork: comm=kworker/u8:2 pid=119 child_comm=kworker/u8:2 child_pid=1274
    kworker/u8:2-119   [001] d...  6528.541307: sched_switch: prev_comm=kworker/u8:2 prev_pid=119 prev_prio=120 prev_state=S ==> next_comm=sudo next_pid=1270 next_prio=120
          <idle>-0     [000] d...  6528.541309: sched_switch: prev_comm=swapper/0 prev_pid=0 prev_prio=120 prev_state=R ==> next_comm=kworker/u8:2 next_pid=1274 next_prio=120
            sudo-1270  [001] d...  6528.541349: sched_switch: prev_comm=sudo prev_pid=1270 prev_prio=120 prev_state=D ==> next_comm=swapper/1 next_pid=0 next_prio=120
 systemd-journal-110   [003] dn..  6528.542599: sched_wakeup: comm=in:imuxsock pid=428 prio=120 target_cpu=003
 systemd-journal-110   [003] d...  6528.542616: sched_switch: prev_comm=systemd-journal prev_pid=110 prev_prio=120 prev_state=R ==> next_comm=in:imuxsock next_pid=428 next_prio=120
     in:imuxsock-428   [003] d...  6528.542720: sched_wakeup: comm=rs:main Q:Reg pid=430 prio=120 target_cpu=003
     in:imuxsock-428   [003] d...  6528.542740: sched_switch: prev_comm=in:imuxsock prev_pid=428 prev_prio=120 prev_state=S ==> next_comm=rs:main Q:Reg next_pid=430 next_prio=120
   rs:main Q:Reg-430   [003] d...  6528.542862: sched_switch: prev_comm=rs:main Q:Reg prev_pid=430 prev_prio=120 prev_state=S ==> next_comm=systemd-journal next_pid=110 next_prio=120
 systemd-journal-110   [003] d...  6528.543469: sched_switch: prev_comm=systemd-journal prev_pid=110 prev_prio=120 prev_state=S ==> next_comm=swapper/3 next_pid=0 next_prio=120
          <idle>-0     [002] dns.  6528.550141: sched_wakeup: comm=rcu_sched pid=10 prio=120 target_cpu=002
          <idle>-0     [002] d...  6528.550196: sched_switch: prev_comm=swapper/2 prev_pid=0 prev_prio=120 prev_state=R ==> next_comm=rcu_sched next_pid=10 next_prio=120
       rcu_sched-10    [002] d...  6528.550221: sched_switch: prev_comm=rcu_sched prev_pid=10 prev_prio=120 prev_state=I ==> next_comm=swapper/2 next_pid=0 next_prio=120
        modprobe-1274  [000] ....  6528.551762: do_exit+0x14/0xc18 <-do_group_exit+0x4c/0xe4
        modprobe-1274  [000] ....  6528.551785: <stack trace>
 => do_exit+0x18/0xc18
 => do_group_exit+0x4c/0xe4
 => __wake_up_parent+0x0/0x30
 => ret_fast_syscall+0x0/0x28
 => 0xbebadd38
        modprobe-1274  [000] ....  6528.552338: sched_process_exit: comm=modprobe pid=1274 prio=120
        modprobe-1274  [000] d...  6528.552396: signal_generate: sig=17 errno=0 code=1 comm=kworker/u8:2 pid=119 grp=1 res=1
        modprobe-1274  [000] d...  6528.552412: sched_switch: prev_comm=modprobe prev_pid=1274 prev_prio=120 prev_state=Z ==> next_comm=swapper/0 next_pid=0 next_prio=120
          <idle>-0     [001] dnh.  6528.552415: sched_wakeup: comm=kworker/u8:2 pid=119 prio=120 target_cpu=001
          <idle>-0     [001] d...  6528.552426: sched_switch: prev_comm=swapper/1 prev_pid=0 prev_prio=120 prev_state=R ==> next_comm=kworker/u8:2 next_pid=119 next_prio=120
    kworker/u8:2-119   [001] d...  6528.552499: sched_wakeup: comm=sudo pid=1270 prio=120 target_cpu=001
    kworker/u8:2-119   [001] d...  6528.552510: sched_switch: prev_comm=kworker/u8:2 prev_pid=119 prev_prio=120 prev_state=I ==> next_comm=sudo next_pid=1270 next_prio=120
            sudo-1270  [001] ....  6528.552598: sys_clone+0x14/0x3c <-ret_fast_syscall+0x0/0x28
            sudo-1270  [001] ....  6528.552608: <stack trace>
 => sys_clone+0x18/0x3c
 => ret_fast_syscall+0x0/0x28
 => 0xbe8820f0
            sudo-1270  [001] ....  6528.552611: _do_fork+0x14/0x438 <-sys_clone+0x34/0x3c
            sudo-1270  [001] ....  6528.552619: <stack trace>
 => _do_fork+0x18/0x438
 => sys_clone+0x34/0x3c
 => ret_fast_syscall+0x0/0x28
 => 0xbe8820f0
            sudo-1270  [001] ....  6528.552621: copy_process.part.5+0x14/0x1ad4 <-_do_fork+0xd8/0x438
            sudo-1270  [001] ....  6528.552630: <stack trace>
 => copy_process.part.5+0x18/0x1ad4
 => _do_fork+0xd8/0x438
 => sys_clone+0x34/0x3c
 => ret_fast_syscall+0x0/0x28
 => 0xbe8820f0
            sudo-1270  [001] ....  6528.553752: sched_process_fork: comm=sudo pid=1270 child_comm=sudo child_pid=1275
          <idle>-0     [002] d...  6528.553781: sched_switch: prev_comm=swapper/2 prev_pid=0 prev_prio=120 prev_state=R ==> next_comm=sudo next_pid=1275 next_prio=120
            sudo-1270  [001] d...  6528.554309: sched_switch: prev_comm=sudo prev_pid=1270 prev_prio=120 prev_state=S ==> next_comm=swapper/1 next_pid=0 next_prio=120
          <idle>-0     [001] dnh.  6528.556754: sched_wakeup: comm=sudo pid=1270 prio=120 target_cpu=001
          <idle>-0     [001] d...  6528.556769: sched_switch: prev_comm=swapper/1 prev_pid=0 prev_prio=120 prev_state=R ==> next_comm=sudo next_pid=1270 next_prio=120
