     kworker/0:1-1261  [000] d...  6512.275929: sched_switch: prev_comm=kworker/0:1 prev_pid=1261 prev_prio=120 prev_state=I ==> next_comm=swapper/0 next_pid=0 next_prio=120
    kworker/u8:2-119   [001] d...  6512.275930: sched_switch: prev_comm=kworker/u8:2 prev_pid=119 prev_prio=120 prev_state=I ==> next_comm=swapper/1 next_pid=0 next_prio=120
          <idle>-0     [001] dnh.  6512.275968: sched_wakeup: comm=kworker/u8:2 pid=119 prio=120 target_cpu=001
          <idle>-0     [001] d...  6512.275979: sched_switch: prev_comm=swapper/1 prev_pid=0 prev_prio=120 prev_state=R ==> next_comm=kworker/u8:2 next_pid=119 next_prio=120
    kworker/u8:2-119   [001] d...  6512.275994: sched_switch: prev_comm=kworker/u8:2 prev_pid=119 prev_prio=120 prev_state=I ==> next_comm=swapper/1 next_pid=0 next_prio=120
          <idle>-0     [000] dnh.  6512.275997: sched_wakeup: comm=sshd pid=908 prio=120 target_cpu=000
          <idle>-0     [000] d...  6512.276012: sched_switch: prev_comm=swapper/0 prev_pid=0 prev_prio=120 prev_state=R ==> next_comm=sshd next_pid=908 next_prio=120
            bash-911   [003] d...  6512.276014: sched_switch: prev_comm=bash prev_pid=911 prev_prio=120 prev_state=S ==> next_comm=swapper/3 next_pid=0 next_prio=120
            sshd-908   [000] d...  6512.276161: sched_switch: prev_comm=sshd prev_pid=908 prev_prio=120 prev_state=S ==> next_comm=swapper/0 next_pid=0 next_prio=120
          <idle>-0     [000] dns.  6512.399924: sched_wakeup: comm=kworker/0:1 pid=1261 prio=120 target_cpu=000
          <idle>-0     [000] d...  6512.399962: sched_switch: prev_comm=swapper/0 prev_pid=0 prev_prio=120 prev_state=R ==> next_comm=kworker/0:1 next_pid=1261 next_prio=120
     kworker/0:1-1261  [000] dn..  6512.399983: sched_wakeup: comm=kworker/0:0 pid=1059 prio=120 target_cpu=000
     kworker/0:1-1261  [000] d...  6512.399987: sched_switch: prev_comm=kworker/0:1 prev_pid=1261 prev_prio=120 prev_state=D ==> next_comm=kworker/0:0 next_pid=1059 next_prio=120
     kworker/0:0-1059  [000] d.h.  6512.399997: sched_wakeup: comm=kworker/0:1 pid=1261 prio=120 target_cpu=000
     kworker/0:0-1059  [000] d...  6512.400007: sched_switch: prev_comm=kworker/0:0 prev_pid=1059 prev_prio=120 prev_state=I ==> next_comm=kworker/0:1 next_pid=1261 next_prio=120
     kworker/0:1-1261  [000] dn..  6512.400023: sched_wakeup: comm=kworker/0:0 pid=1059 prio=120 target_cpu=000
     kworker/0:1-1261  [000] d...  6512.400026: sched_switch: prev_comm=kworker/0:1 prev_pid=1261 prev_prio=120 prev_state=D ==> next_comm=kworker/0:0 next_pid=1059 next_prio=120
     kworker/0:0-1059  [000] d.h.  6512.400035: sched_wakeup: comm=kworker/0:1 pid=1261 prio=120 target_cpu=000
     kworker/0:0-1059  [000] d...  6512.400044: sched_switch: prev_comm=kworker/0:0 prev_pid=1059 prev_prio=120 prev_state=I ==> next_comm=kworker/0:1 next_pid=1261 next_prio=120
     kworker/0:1-1261  [000] dn..  6512.400060: sched_wakeup: comm=kworker/0:0 pid=1059 prio=120 target_cpu=000
     kworker/0:1-1261  [000] d...  6512.400063: sched_switch: prev_comm=kworker/0:1 prev_pid=1261 prev_prio=120 prev_state=D ==> next_comm=kworker/0:0 next_pid=1059 next_prio=120
     kworker/0:0-1059  [000] d.h.  6512.400071: sched_wakeup: comm=kworker/0:1 pid=1261 prio=120 target_cpu=000
     kworker/0:0-1059  [000] d...  6512.400080: sched_switch: prev_comm=kworker/0:0 prev_pid=1059 prev_prio=120 prev_state=I ==> next_comm=kworker/0:1 next_pid=1261 next_prio=120
     kworker/0:1-1261  [000] dn..  6512.400096: sched_wakeup: comm=kworker/0:0 pid=1059 prio=120 target_cpu=000
     kworker/0:1-1261  [000] d...  6512.400099: sched_switch: prev_comm=kworker/0:1 prev_pid=1261 prev_prio=120 prev_state=D ==> next_comm=kworker/0:0 next_pid=1059 next_prio=120
     kworker/0:0-1059  [000] d.h.  6512.400106: sched_wakeup: comm=kworker/0:1 pid=1261 prio=120 target_cpu=000
     kworker/0:0-1059  [000] d...  6512.400115: sched_switch: prev_comm=kworker/0:0 prev_pid=1059 prev_prio=120 prev_state=I ==> next_comm=kworker/0:1 next_pid=1261 next_prio=120
     kworker/0:1-1261  [000] dn..  6512.400130: sched_wakeup: comm=kworker/0:0 pid=1059 prio=120 target_cpu=000
     kworker/0:1-1261  [000] d...  6512.400133: sched_switch: prev_comm=kworker/0:1 prev_pid=1261 prev_prio=120 prev_state=D ==> next_comm=kworker/0:0 next_pid=1059 next_prio=120
     kworker/0:0-1059  [000] d.h.  6512.400141: sched_wakeup: comm=kworker/0:1 pid=1261 prio=120 target_cpu=000
     kworker/0:0-1059  [000] d...  6512.400149: sched_switch: prev_comm=kworker/0:0 prev_pid=1059 prev_prio=120 prev_state=I ==> next_comm=kworker/0:1 next_pid=1261 next_prio=120
     kworker/0:1-1261  [000] d...  6512.400199: sched_switch: prev_comm=kworker/0:1 prev_pid=1261 prev_prio=120 prev_state=I ==> next_comm=swapper/0 next_pid=0 next_prio=120
          <idle>-0     [001] dnh.  6512.479929: sched_wakeup: comm=kworker/u8:2 pid=119 prio=120 target_cpu=001
          <idle>-0     [001] d...  6512.479942: sched_switch: prev_comm=swapper/1 prev_pid=0 prev_prio=120 prev_state=R ==> next_comm=kworker/u8:2 next_pid=119 next_prio=120
    kworker/u8:2-119   [001] d...  6512.479989: sched_switch: prev_comm=kworker/u8:2 prev_pid=119 prev_prio=120 prev_state=I ==> next_comm=swapper/1 next_pid=0 next_prio=120
          <idle>-0     [000] dns.  6512.486890: sched_wakeup: comm=sshd pid=908 prio=120 target_cpu=000
          <idle>-0     [000] d...  6512.486912: sched_switch: prev_comm=swapper/0 prev_pid=0 prev_prio=120 prev_state=R ==> next_comm=sshd next_pid=908 next_prio=120
          <idle>-0     [001] dnh.  6512.487016: sched_wakeup: comm=kworker/u8:2 pid=119 prio=120 target_cpu=001
          <idle>-0     [001] d...  6512.487027: sched_switch: prev_comm=swapper/1 prev_pid=0 prev_prio=120 prev_state=R ==> next_comm=kworker/u8:2 next_pid=119 next_prio=120
            sshd-908   [000] d...  6512.487039: sched_switch: prev_comm=sshd prev_pid=908 prev_prio=120 prev_state=S ==> next_comm=swapper/0 next_pid=0 next_prio=120
    kworker/u8:2-119   [001] d...  6512.487043: sched_switch: prev_comm=kworker/u8:2 prev_pid=119 prev_prio=120 prev_state=I ==> next_comm=swapper/1 next_pid=0 next_prio=120
          <idle>-0     [003] dnh.  6512.487045: sched_wakeup: comm=bash pid=911 prio=120 target_cpu=003
          <idle>-0     [003] d...  6512.487059: sched_switch: prev_comm=swapper/3 prev_pid=0 prev_prio=120 prev_state=R ==> next_comm=bash next_pid=911 next_prio=120
          <idle>-0     [001] dnh.  6512.487117: sched_wakeup: comm=kworker/u8:2 pid=119 prio=120 target_cpu=001
          <idle>-0     [001] d...  6512.487129: sched_switch: prev_comm=swapper/1 prev_pid=0 prev_prio=120 prev_state=R ==> next_comm=kworker/u8:2 next_pid=119 next_prio=120
            bash-911   [003] d...  6512.487132: sched_switch: prev_comm=bash prev_pid=911 prev_prio=120 prev_state=S ==> next_comm=swapper/3 next_pid=0 next_prio=120
    kworker/u8:2-119   [001] d...  6512.487144: sched_switch: prev_comm=kworker/u8:2 prev_pid=119 prev_prio=120 prev_state=I ==> next_comm=swapper/1 next_pid=0 next_prio=120
          <idle>-0     [000] dnh.  6512.487145: sched_wakeup: comm=sshd pid=908 prio=120 target_cpu=000
          <idle>-0     [000] d...  6512.487154: sched_switch: prev_comm=swapper/0 prev_pid=0 prev_prio=120 prev_state=R ==> next_comm=sshd next_pid=908 next_prio=120
            sshd-908   [000] d...  6512.487298: sched_switch: prev_comm=sshd prev_pid=908 prev_prio=120 prev_state=S ==> next_comm=swapper/0 next_pid=0 next_prio=120
          <idle>-0     [000] dnH.  6512.529955: sched_wakeup: comm=kworker/0:1 pid=1261 prio=120 target_cpu=000
          <idle>-0     [000] d...  6512.529975: sched_switch: prev_comm=swapper/0 prev_pid=0 prev_prio=120 prev_state=R ==> next_comm=kworker/0:1 next_pid=1261 next_prio=120
     kworker/0:1-1261  [000] d...  6512.530027: sched_switch: prev_comm=kworker/0:1 prev_pid=1261 prev_prio=120 prev_state=I ==> next_comm=swapper/0 next_pid=0 next_prio=120
          <idle>-0     [000] dns.  6512.639927: sched_wakeup: comm=kworker/0:1 pid=1261 prio=120 target_cpu=000
          <idle>-0     [002] dns.  6512.639928: sched_wakeup: comm=kworker/2:0 pid=1188 prio=120 target_cpu=002
          <idle>-0     [002] d...  6512.639964: sched_switch: prev_comm=swapper/2 prev_pid=0 prev_prio=120 prev_state=R ==> next_comm=kworker/2:0 next_pid=1188 next_prio=120
          <idle>-0     [000] d...  6512.639965: sched_switch: prev_comm=swapper/0 prev_pid=0 prev_prio=120 prev_state=R ==> next_comm=kworker/0:1 next_pid=1261 next_prio=120
     kworker/2:0-1188  [002] d.h.  6512.639994: sched_wakeup: comm=kworker/2:0 pid=1188 prio=120 target_cpu=002
     kworker/0:1-1261  [000] dn..  6512.640000: sched_wakeup: comm=kworker/0:0 pid=1059 prio=120 target_cpu=000
     kworker/0:1-1261  [000] d...  6512.640004: sched_switch: prev_comm=kworker/0:1 prev_pid=1261 prev_prio=120 prev_state=D ==> next_comm=kworker/0:0 next_pid=1059 next_prio=120
     kworker/2:0-1188  [002] d...  6512.640016: sched_switch: prev_comm=kworker/2:0 prev_pid=1188 prev_prio=120 prev_state=D ==> next_comm=swapper/2 next_pid=0 next_prio=120
          <idle>-0     [002] dnh.  6512.640025: sched_wakeup: comm=kworker/2:0 pid=1188 prio=120 target_cpu=002
          <idle>-0     [002] d...  6512.640031: sched_switch: prev_comm=swapper/2 prev_pid=0 prev_prio=120 prev_state=R ==> next_comm=kworker/2:0 next_pid=1188 next_prio=120
     kworker/0:0-1059  [000] d.s.  6512.640041: sched_wakeup: comm=kworker/0:1 pid=1261 prio=120 target_cpu=000
     kworker/0:0-1059  [000] d...  6512.640052: sched_switch: prev_comm=kworker/0:0 prev_pid=1059 prev_prio=120 prev_state=I ==> next_comm=kworker/0:1 next_pid=1261 next_prio=120
     kworker/2:0-1188  [002] d...  6512.640060: sched_switch: prev_comm=kworker/2:0 prev_pid=1188 prev_prio=120 prev_state=I ==> next_comm=swapper/2 next_pid=0 next_prio=120
     kworker/0:1-1261  [000] d...  6512.640080: sched_switch: prev_comm=kworker/0:1 prev_pid=1261 prev_prio=120 prev_state=I ==> next_comm=swapper/0 next_pid=0 next_prio=120
          <idle>-0     [001] dnh.  6512.766080: sched_wakeup: comm=lxpanel pid=587 prio=120 target_cpu=001
          <idle>-0     [001] dnh.  6512.766091: sched_wakeup: comm=kworker/1:0 pid=1258 prio=120 target_cpu=001
          <idle>-0     [001] d...  6512.766106: sched_switch: prev_comm=swapper/1 prev_pid=0 prev_prio=120 prev_state=R ==> next_comm=kworker/1:0 next_pid=1258 next_prio=120
     kworker/1:0-1258  [001] d...  6512.766121: sched_switch: prev_comm=kworker/1:0 prev_pid=1258 prev_prio=120 prev_state=I ==> next_comm=lxpanel next_pid=587 next_prio=120
         lxpanel-587   [001] d...  6512.766238: sched_switch: prev_comm=lxpanel prev_pid=587 prev_prio=120 prev_state=S ==> next_comm=swapper/1 next_pid=0 next_prio=120
          <idle>-0     [000] dns.  6512.828525: sched_wakeup: comm=sshd pid=908 prio=120 target_cpu=000
          <idle>-0     [000] d...  6512.828549: sched_switch: prev_comm=swapper/0 prev_pid=0 prev_prio=120 prev_state=R ==> next_comm=sshd next_pid=908 next_prio=120
          <idle>-0     [001] dnh.  6512.828652: sched_wakeup: comm=kworker/u8:2 pid=119 prio=120 target_cpu=001
          <idle>-0     [001] d...  6512.828665: sched_switch: prev_comm=swapper/1 prev_pid=0 prev_prio=120 prev_state=R ==> next_comm=kworker/u8:2 next_pid=119 next_prio=120
            sshd-908   [000] d...  6512.828678: sched_switch: prev_comm=sshd prev_pid=908 prev_prio=120 prev_state=S ==> next_comm=swapper/0 next_pid=0 next_prio=120
    kworker/u8:2-119   [001] d...  6512.828682: sched_switch: prev_comm=kworker/u8:2 prev_pid=119 prev_prio=120 prev_state=I ==> next_comm=swapper/1 next_pid=0 next_prio=120
          <idle>-0     [003] dnh.  6512.828683: sched_wakeup: comm=bash pid=911 prio=120 target_cpu=003
          <idle>-0     [003] d...  6512.828697: sched_switch: prev_comm=swapper/3 prev_pid=0 prev_prio=120 prev_state=R ==> next_comm=bash next_pid=911 next_prio=120
          <idle>-0     [001] dnh.  6512.828762: sched_wakeup: comm=kworker/u8:2 pid=119 prio=120 target_cpu=001
          <idle>-0     [001] d...  6512.828773: sched_switch: prev_comm=swapper/1 prev_pid=0 prev_prio=120 prev_state=R ==> next_comm=kworker/u8:2 next_pid=119 next_prio=120
            bash-911   [003] d...  6512.828777: sched_switch: prev_comm=bash prev_pid=911 prev_prio=120 prev_state=S ==> next_comm=swapper/3 next_pid=0 next_prio=120
    kworker/u8:2-119   [001] d...  6512.828789: sched_switch: prev_comm=kworker/u8:2 prev_pid=119 prev_prio=120 prev_state=I ==> next_comm=swapper/1 next_pid=0 next_prio=120
          <idle>-0     [000] dnh.  6512.828791: sched_wakeup: comm=sshd pid=908 prio=120 target_cpu=000
          <idle>-0     [000] d...  6512.828804: sched_switch: prev_comm=swapper/0 prev_pid=0 prev_prio=120 prev_state=R ==> next_comm=sshd next_pid=908 next_prio=120
            sshd-908   [000] d...  6512.828952: sched_switch: prev_comm=sshd prev_pid=908 prev_prio=120 prev_state=S ==> next_comm=swapper/0 next_pid=0 next_prio=120
          <idle>-0     [000] dnh.  6512.829942: sched_wakeup: comm=rngd pid=383 prio=120 target_cpu=000
          <idle>-0     [000] d...  6512.829960: sched_switch: prev_comm=swapper/0 prev_pid=0 prev_prio=120 prev_state=R ==> next_comm=rngd next_pid=383 next_prio=120
            rngd-383   [000] d...  6512.829975: sched_switch: prev_comm=rngd prev_pid=383 prev_prio=120 prev_state=S ==> next_comm=swapper/0 next_pid=0 next_prio=120
          <idle>-0     [000] dnH.  6512.869948: sched_wakeup: comm=kworker/0:1 pid=1261 prio=120 target_cpu=000
          <idle>-0     [000] d...  6512.869966: sched_switch: prev_comm=swapper/0 prev_pid=0 prev_prio=120 prev_state=R ==> next_comm=kworker/0:1 next_pid=1261 next_prio=120
     kworker/0:1-1261  [000] d...  6512.870018: sched_switch: prev_comm=kworker/0:1 prev_pid=1261 prev_prio=120 prev_state=I ==> next_comm=swapper/0 next_pid=0 next_prio=120
          <idle>-0     [003] dnh.  6512.920686: sched_wakeup: comm=wpa_supplicant pid=472 prio=120 target_cpu=003
          <idle>-0     [003] d...  6512.920703: sched_switch: prev_comm=swapper/3 prev_pid=0 prev_prio=120 prev_state=R ==> next_comm=wpa_supplicant next_pid=472 next_prio=120
  wpa_supplicant-472   [003] d...  6512.920824: sched_switch: prev_comm=wpa_supplicant prev_pid=472 prev_prio=120 prev_state=S ==> next_comm=swapper/3 next_pid=0 next_prio=120
          <idle>-0     [000] dnh.  6512.960951: sched_wakeup: comm=thd pid=378 prio=120 target_cpu=000
          <idle>-0     [000] d...  6512.960967: sched_switch: prev_comm=swapper/0 prev_pid=0 prev_prio=120 prev_state=R ==> next_comm=thd next_pid=378 next_prio=120
             thd-378   [000] d...  6512.961019: sched_switch: prev_comm=thd prev_pid=378 prev_prio=120 prev_state=S ==> next_comm=swapper/0 next_pid=0 next_prio=120
          <idle>-0     [000] dnH.  6513.039954: sched_wakeup: comm=kworker/0:1 pid=1261 prio=120 target_cpu=000
          <idle>-0     [000] d...  6513.039972: sched_switch: prev_comm=swapper/0 prev_pid=0 prev_prio=120 prev_state=R ==> next_comm=kworker/0:1 next_pid=1261 next_prio=120
     kworker/0:1-1261  [000] d...  6513.040005: sched_switch: prev_comm=kworker/0:1 prev_pid=1261 prev_prio=120 prev_state=I ==> next_comm=swapper/0 next_pid=0 next_prio=120
          <idle>-0     [000] dns.  6513.061062: sched_wakeup: comm=sshd pid=908 prio=120 target_cpu=000
          <idle>-0     [000] d...  6513.061086: sched_switch: prev_comm=swapper/0 prev_pid=0 prev_prio=120 prev_state=R ==> next_comm=sshd next_pid=908 next_prio=120
          <idle>-0     [001] dnh.  6513.061188: sched_wakeup: comm=kworker/u8:2 pid=119 prio=120 target_cpu=001
          <idle>-0     [001] d...  6513.061201: sched_switch: prev_comm=swapper/1 prev_pid=0 prev_prio=120 prev_state=R ==> next_comm=kworker/u8:2 next_pid=119 next_prio=120
            sshd-908   [000] d...  6513.061212: sched_switch: prev_comm=sshd prev_pid=908 prev_prio=120 prev_state=S ==> next_comm=swapper/0 next_pid=0 next_prio=120
    kworker/u8:2-119   [001] d...  6513.061215: sched_switch: prev_comm=kworker/u8:2 prev_pid=119 prev_prio=120 prev_state=I ==> next_comm=swapper/1 next_pid=0 next_prio=120
          <idle>-0     [003] dnh.  6513.061218: sched_wakeup: comm=bash pid=911 prio=120 target_cpu=003
          <idle>-0     [003] d...  6513.061232: sched_switch: prev_comm=swapper/3 prev_pid=0 prev_prio=120 prev_state=R ==> next_comm=bash next_pid=911 next_prio=120
          <idle>-0     [001] dnh.  6513.061300: sched_wakeup: comm=kworker/u8:2 pid=119 prio=120 target_cpu=001
          <idle>-0     [001] d...  6513.061311: sched_switch: prev_comm=swapper/1 prev_pid=0 prev_prio=120 prev_state=R ==> next_comm=kworker/u8:2 next_pid=119 next_prio=120
            bash-911   [003] d...  6513.061315: sched_switch: prev_comm=bash prev_pid=911 prev_prio=120 prev_state=S ==> next_comm=swapper/3 next_pid=0 next_prio=120
    kworker/u8:2-119   [001] d...  6513.061326: sched_switch: prev_comm=kworker/u8:2 prev_pid=119 prev_prio=120 prev_state=I ==> next_comm=swapper/1 next_pid=0 next_prio=120
          <idle>-0     [000] dnh.  6513.061328: sched_wakeup: comm=sshd pid=908 prio=120 target_cpu=000
          <idle>-0     [000] d...  6513.061341: sched_switch: prev_comm=swapper/0 prev_pid=0 prev_prio=120 prev_state=R ==> next_comm=sshd next_pid=908 next_prio=120
            sshd-908   [000] d...  6513.061487: sched_switch: prev_comm=sshd prev_pid=908 prev_prio=120 prev_state=S ==> next_comm=swapper/0 next_pid=0 next_prio=120
          <idle>-0     [001] dnh.  6513.120094: sched_wakeup: comm=wpa_supplicant pid=400 prio=120 target_cpu=001
          <idle>-0     [001] d...  6513.120110: sched_switch: prev_comm=swapper/1 prev_pid=0 prev_prio=120 prev_state=R ==> next_comm=wpa_supplicant next_pid=400 next_prio=120
  wpa_supplicant-400   [001] d...  6513.120188: sched_switch: prev_comm=wpa_supplicant prev_pid=400 prev_prio=120 prev_state=S ==> next_comm=swapper/1 next_pid=0 next_prio=120
          <idle>-0     [000] dns.  6513.199935: sched_wakeup: comm=kworker/0:2H pid=97 prio=100 target_cpu=000
          <idle>-0     [000] dnH.  6513.199945: sched_wakeup: comm=kworker/0:1 pid=1261 prio=120 target_cpu=000
          <idle>-0     [000] d...  6513.199988: sched_switch: prev_comm=swapper/0 prev_pid=0 prev_prio=120 prev_state=R ==> next_comm=kworker/0:2H next_pid=97 next_prio=100
    kworker/0:2H-97    [000] d...  6513.200005: sched_switch: prev_comm=kworker/0:2H prev_pid=97 prev_prio=100 prev_state=I ==> next_comm=kworker/0:1 next_pid=1261 next_prio=120
          <idle>-0     [002] dnh.  6513.200047: sched_wakeup: comm=kworker/2:0 pid=1188 prio=120 target_cpu=002
          <idle>-0     [002] d...  6513.200061: sched_switch: prev_comm=swapper/2 prev_pid=0 prev_prio=120 prev_state=R ==> next_comm=kworker/2:0 next_pid=1188 next_prio=120
     kworker/0:1-1261  [000] d...  6513.200083: sched_switch: prev_comm=kworker/0:1 prev_pid=1261 prev_prio=120 prev_state=I ==> next_comm=swapper/0 next_pid=0 next_prio=120
     kworker/2:0-1188  [002] d...  6513.200092: sched_switch: prev_comm=kworker/2:0 prev_pid=1188 prev_prio=120 prev_state=I ==> next_comm=swapper/2 next_pid=0 next_prio=120
          <idle>-0     [000] dns.  6513.228967: sched_wakeup: comm=sshd pid=908 prio=120 target_cpu=000
          <idle>-0     [000] d...  6513.228991: sched_switch: prev_comm=swapper/0 prev_pid=0 prev_prio=120 prev_state=R ==> next_comm=sshd next_pid=908 next_prio=120
          <idle>-0     [001] dnh.  6513.229088: sched_wakeup: comm=kworker/u8:2 pid=119 prio=120 target_cpu=001
          <idle>-0     [001] d...  6513.229100: sched_switch: prev_comm=swapper/1 prev_pid=0 prev_prio=120 prev_state=R ==> next_comm=kworker/u8:2 next_pid=119 next_prio=120
            sshd-908   [000] d...  6513.229113: sched_switch: prev_comm=sshd prev_pid=908 prev_prio=120 prev_state=S ==> next_comm=swapper/0 next_pid=0 next_prio=120
    kworker/u8:2-119   [001] d...  6513.229118: sched_switch: prev_comm=kworker/u8:2 prev_pid=119 prev_prio=120 prev_state=I ==> next_comm=swapper/1 next_pid=0 next_prio=120
          <idle>-0     [003] dnh.  6513.229119: sched_wakeup: comm=bash pid=911 prio=120 target_cpu=003
          <idle>-0     [003] d...  6513.229134: sched_switch: prev_comm=swapper/3 prev_pid=0 prev_prio=120 prev_state=R ==> next_comm=bash next_pid=911 next_prio=120
          <idle>-0     [001] dnh.  6513.229194: sched_wakeup: comm=kworker/u8:2 pid=119 prio=120 target_cpu=001
          <idle>-0     [001] d...  6513.229205: sched_switch: prev_comm=swapper/1 prev_pid=0 prev_prio=120 prev_state=R ==> next_comm=kworker/u8:2 next_pid=119 next_prio=120
            bash-911   [003] d...  6513.229209: sched_switch: prev_comm=bash prev_pid=911 prev_prio=120 prev_state=S ==> next_comm=swapper/3 next_pid=0 next_prio=120
    kworker/u8:2-119   [001] d...  6513.229220: sched_switch: prev_comm=kworker/u8:2 prev_pid=119 prev_prio=120 prev_state=I ==> next_comm=swapper/1 next_pid=0 next_prio=120
          <idle>-0     [000] dnh.  6513.229222: sched_wakeup: comm=sshd pid=908 prio=120 target_cpu=000
          <idle>-0     [000] d...  6513.229235: sched_switch: prev_comm=swapper/0 prev_pid=0 prev_prio=120 prev_state=R ==> next_comm=sshd next_pid=908 next_prio=120
            sshd-908   [000] d...  6513.229380: sched_switch: prev_comm=sshd prev_pid=908 prev_prio=120 prev_state=S ==> next_comm=swapper/0 next_pid=0 next_prio=120
          <idle>-0     [000] dnH.  6513.339957: sched_wakeup: comm=kworker/0:1 pid=1261 prio=120 target_cpu=000
          <idle>-0     [000] d...  6513.339976: sched_switch: prev_comm=swapper/0 prev_pid=0 prev_prio=120 prev_state=R ==> next_comm=kworker/0:1 next_pid=1261 next_prio=120
     kworker/0:1-1261  [000] d...  6513.340042: sched_switch: prev_comm=kworker/0:1 prev_pid=1261 prev_prio=120 prev_state=I ==> next_comm=swapper/0 next_pid=0 next_prio=120
          <idle>-0     [000] dns.  6513.355315: sched_wakeup: comm=sshd pid=908 prio=120 target_cpu=000
          <idle>-0     [000] d...  6513.355338: sched_switch: prev_comm=swapper/0 prev_pid=0 prev_prio=120 prev_state=R ==> next_comm=sshd next_pid=908 next_prio=120
          <idle>-0     [001] dnh.  6513.355434: sched_wakeup: comm=kworker/u8:2 pid=119 prio=120 target_cpu=001
          <idle>-0     [001] d...  6513.355446: sched_switch: prev_comm=swapper/1 prev_pid=0 prev_prio=120 prev_state=R ==> next_comm=kworker/u8:2 next_pid=119 next_prio=120
            sshd-908   [000] d...  6513.355457: sched_switch: prev_comm=sshd prev_pid=908 prev_prio=120 prev_state=S ==> next_comm=swapper/0 next_pid=0 next_prio=120
    kworker/u8:2-119   [001] d...  6513.355461: sched_switch: prev_comm=kworker/u8:2 prev_pid=119 prev_prio=120 prev_state=I ==> next_comm=swapper/1 next_pid=0 next_prio=120
          <idle>-0     [003] dnh.  6513.355464: sched_wakeup: comm=bash pid=911 prio=120 target_cpu=003
          <idle>-0     [003] d...  6513.355478: sched_switch: prev_comm=swapper/3 prev_pid=0 prev_prio=120 prev_state=R ==> next_comm=bash next_pid=911 next_prio=120
          <idle>-0     [001] dnh.  6513.356271: sched_wakeup: comm=kworker/u8:2 pid=119 prio=120 target_cpu=001
          <idle>-0     [001] d...  6513.356282: sched_switch: prev_comm=swapper/1 prev_pid=0 prev_prio=120 prev_state=R ==> next_comm=kworker/u8:2 next_pid=119 next_prio=120
            bash-911   [003] d...  6513.356292: sched_switch: prev_comm=bash prev_pid=911 prev_prio=120 prev_state=S ==> next_comm=swapper/3 next_pid=0 next_prio=120
    kworker/u8:2-119   [001] d...  6513.356297: sched_switch: prev_comm=kworker/u8:2 prev_pid=119 prev_prio=120 prev_state=I ==> next_comm=swapper/1 next_pid=0 next_prio=120
          <idle>-0     [000] dnh.  6513.356300: sched_wakeup: comm=sshd pid=908 prio=120 target_cpu=000
          <idle>-0     [000] d...  6513.356314: sched_switch: prev_comm=swapper/0 prev_pid=0 prev_prio=120 prev_state=R ==> next_comm=sshd next_pid=908 next_prio=120
            sshd-908   [000] d...  6513.356468: sched_switch: prev_comm=sshd prev_pid=908 prev_prio=120 prev_state=S ==> next_comm=swapper/0 next_pid=0 next_prio=120
          <idle>-0     [003] dns.  6513.359948: sched_wakeup: comm=kworker/3:1 pid=40 prio=120 target_cpu=003
          <idle>-0     [002] dnh.  6513.359990: sched_wakeup: comm=rcu_sched pid=10 prio=120 target_cpu=002
          <idle>-0     [003] d...  6513.359996: sched_switch: prev_comm=swapper/3 prev_pid=0 prev_prio=120 prev_state=R ==> next_comm=kworker/3:1 next_pid=40 next_prio=120
          <idle>-0     [002] d...  6513.360004: sched_switch: prev_comm=swapper/2 prev_pid=0 prev_prio=120 prev_state=R ==> next_comm=rcu_sched next_pid=10 next_prio=120
       rcu_sched-10    [002] d...  6513.360023: sched_switch: prev_comm=rcu_sched prev_pid=10 prev_prio=120 prev_state=I ==> next_comm=swapper/2 next_pid=0 next_prio=120
     kworker/3:1-40    [003] d...  6513.360027: sched_switch: prev_comm=kworker/3:1 prev_pid=40 prev_prio=120 prev_state=I ==> next_comm=swapper/3 next_pid=0 next_prio=120
          <idle>-0     [001] dnh.  6513.366787: sched_wakeup: comm=lxpanel pid=587 prio=120 target_cpu=001
          <idle>-0     [001] d...  6513.366803: sched_switch: prev_comm=swapper/1 prev_pid=0 prev_prio=120 prev_state=R ==> next_comm=lxpanel next_pid=587 next_prio=120
         lxpanel-587   [001] d...  6513.366881: sched_switch: prev_comm=lxpanel prev_pid=587 prev_prio=120 prev_state=S ==> next_comm=swapper/1 next_pid=0 next_prio=120
          <idle>-0     [002] dns.  6513.379938: sched_wakeup: comm=rcu_sched pid=10 prio=120 target_cpu=002
          <idle>-0     [002] d...  6513.379983: sched_switch: prev_comm=swapper/2 prev_pid=0 prev_prio=120 prev_state=R ==> next_comm=rcu_sched next_pid=10 next_prio=120
       rcu_sched-10    [002] d...  6513.380050: sched_switch: prev_comm=rcu_sched prev_pid=10 prev_prio=120 prev_state=I ==> next_comm=swapper/2 next_pid=0 next_prio=120
          <idle>-0     [002] dns.  6513.399935: sched_wakeup: comm=rcu_sched pid=10 prio=120 target_cpu=002
          <idle>-0     [002] d...  6513.399974: sched_switch: prev_comm=swapper/2 prev_pid=0 prev_prio=120 prev_state=R ==> next_comm=rcu_sched next_pid=10 next_prio=120
       rcu_sched-10    [002] d...  6513.399993: sched_switch: prev_comm=rcu_sched prev_pid=10 prev_prio=120 prev_state=I ==> next_comm=swapper/2 next_pid=0 next_prio=120
          <idle>-0     [000] dns.  6513.439937: sched_wakeup: comm=kworker/0:1 pid=1261 prio=120 target_cpu=000
          <idle>-0     [000] d...  6513.439978: sched_switch: prev_comm=swapper/0 prev_pid=0 prev_prio=120 prev_state=R ==> next_comm=kworker/0:1 next_pid=1261 next_prio=120
     kworker/0:1-1261  [000] d...  6513.440050: sched_switch: prev_comm=kworker/0:1 prev_pid=1261 prev_prio=120 prev_state=D ==> next_comm=swapper/0 next_pid=0 next_prio=120
          <idle>-0     [000] dnh.  6513.440059: sched_wakeup: comm=kworker/0:0 pid=1059 prio=120 target_cpu=000
          <idle>-0     [000] dnh.  6513.440068: sched_wakeup: comm=kworker/0:1 pid=1261 prio=120 target_cpu=000
          <idle>-0     [000] d...  6513.440076: sched_switch: prev_comm=swapper/0 prev_pid=0 prev_prio=120 prev_state=R ==> next_comm=kworker/0:0 next_pid=1059 next_prio=120
     kworker/0:0-1059  [000] d...  6513.440085: sched_switch: prev_comm=kworker/0:0 prev_pid=1059 prev_prio=120 prev_state=I ==> next_comm=kworker/0:1 next_pid=1261 next_prio=120
     kworker/0:1-1261  [000] dn..  6513.440102: sched_wakeup: comm=kworker/0:0 pid=1059 prio=120 target_cpu=000
     kworker/0:1-1261  [000] d...  6513.440106: sched_switch: prev_comm=kworker/0:1 prev_pid=1261 prev_prio=120 prev_state=D ==> next_comm=kworker/0:0 next_pid=1059 next_prio=120
     kworker/0:0-1059  [000] d.h.  6513.440115: sched_wakeup: comm=kworker/0:1 pid=1261 prio=120 target_cpu=000
     kworker/0:0-1059  [000] d...  6513.440124: sched_switch: prev_comm=kworker/0:0 prev_pid=1059 prev_prio=120 prev_state=I ==> next_comm=kworker/0:1 next_pid=1261 next_prio=120
     kworker/0:1-1261  [000] dn..  6513.440140: sched_wakeup: comm=kworker/0:0 pid=1059 prio=120 target_cpu=000
     kworker/0:1-1261  [000] d...  6513.440143: sched_switch: prev_comm=kworker/0:1 prev_pid=1261 prev_prio=120 prev_state=D ==> next_comm=kworker/0:0 next_pid=1059 next_prio=120
     kworker/0:0-1059  [000] d.h.  6513.440150: sched_wakeup: comm=kworker/0:1 pid=1261 prio=120 target_cpu=000
     kworker/0:0-1059  [000] d...  6513.440159: sched_switch: prev_comm=kworker/0:0 prev_pid=1059 prev_prio=120 prev_state=I ==> next_comm=kworker/0:1 next_pid=1261 next_prio=120
     kworker/0:1-1261  [000] dn..  6513.440175: sched_wakeup: comm=kworker/0:0 pid=1059 prio=120 target_cpu=000
     kworker/0:1-1261  [000] d...  6513.440178: sched_switch: prev_comm=kworker/0:1 prev_pid=1261 prev_prio=120 prev_state=D ==> next_comm=kworker/0:0 next_pid=1059 next_prio=120
     kworker/0:0-1059  [000] d.h.  6513.440185: sched_wakeup: comm=kworker/0:1 pid=1261 prio=120 target_cpu=000
     kworker/0:0-1059  [000] d...  6513.440194: sched_switch: prev_comm=kworker/0:0 prev_pid=1059 prev_prio=120 prev_state=I ==> next_comm=kworker/0:1 next_pid=1261 next_prio=120
     kworker/0:1-1261  [000] dn..  6513.440210: sched_wakeup: comm=kworker/0:0 pid=1059 prio=120 target_cpu=000
     kworker/0:1-1261  [000] d...  6513.440213: sched_switch: prev_comm=kworker/0:1 prev_pid=1261 prev_prio=120 prev_state=D ==> next_comm=kworker/0:0 next_pid=1059 next_prio=120
     kworker/0:0-1059  [000] d.h.  6513.440220: sched_wakeup: comm=kworker/0:1 pid=1261 prio=120 target_cpu=000
     kworker/0:0-1059  [000] d...  6513.440229: sched_switch: prev_comm=kworker/0:0 prev_pid=1059 prev_prio=120 prev_state=I ==> next_comm=kworker/0:1 next_pid=1261 next_prio=120
     kworker/0:1-1261  [000] d...  6513.440265: sched_switch: prev_comm=kworker/0:1 prev_pid=1261 prev_prio=120 prev_state=I ==> next_comm=swapper/0 next_pid=0 next_prio=120
          <idle>-0     [000] dnH.  6513.569958: sched_wakeup: comm=kworker/0:1 pid=1261 prio=120 target_cpu=000
          <idle>-0     [000] d...  6513.569981: sched_switch: prev_comm=swapper/0 prev_pid=0 prev_prio=120 prev_state=R ==> next_comm=kworker/0:1 next_pid=1261 next_prio=120
     kworker/0:1-1261  [000] d...  6513.570027: sched_switch: prev_comm=kworker/0:1 prev_pid=1261 prev_prio=120 prev_state=I ==> next_comm=swapper/0 next_pid=0 next_prio=120
          <idle>-0     [000] dnh.  6513.663276: sched_wakeup: comm=rngd pid=383 prio=120 target_cpu=000
          <idle>-0     [000] d...  6513.663293: sched_switch: prev_comm=swapper/0 prev_pid=0 prev_prio=120 prev_state=R ==> next_comm=rngd next_pid=383 next_prio=120
            rngd-383   [000] d...  6513.663313: sched_switch: prev_comm=rngd prev_pid=383 prev_prio=120 prev_state=S ==> next_comm=swapper/0 next_pid=0 next_prio=120
          <idle>-0     [000] dns.  6513.679946: sched_wakeup: comm=kworker/0:1 pid=1261 prio=120 target_cpu=000
          <idle>-0     [000] d...  6513.679988: sched_switch: prev_comm=swapper/0 prev_pid=0 prev_prio=120 prev_state=R ==> next_comm=kworker/0:1 next_pid=1261 next_prio=120
     kworker/0:1-1261  [000] dn..  6513.680024: sched_wakeup: comm=kworker/0:0 pid=1059 prio=120 target_cpu=000
     kworker/0:1-1261  [000] d...  6513.680027: sched_switch: prev_comm=kworker/0:1 prev_pid=1261 prev_prio=120 prev_state=D ==> next_comm=kworker/0:0 next_pid=1059 next_prio=120
     kworker/0:0-1059  [000] d.s.  6513.680050: sched_wakeup: comm=kworker/0:1 pid=1261 prio=120 target_cpu=000
     kworker/0:0-1059  [000] d...  6513.680061: sched_switch: prev_comm=kworker/0:0 prev_pid=1059 prev_prio=120 prev_state=I ==> next_comm=kworker/0:1 next_pid=1261 next_prio=120
     kworker/0:1-1261  [000] d...  6513.680100: sched_switch: prev_comm=kworker/0:1 prev_pid=1261 prev_prio=120 prev_state=I ==> next_comm=swapper/0 next_pid=0 next_prio=120
          <idle>-0     [000] dns.  6513.740753: sched_wakeup: comm=sshd pid=908 prio=120 target_cpu=000
          <idle>-0     [000] d...  6513.740776: sched_switch: prev_comm=swapper/0 prev_pid=0 prev_prio=120 prev_state=R ==> next_comm=sshd next_pid=908 next_prio=120
          <idle>-0     [001] dnh.  6513.740886: sched_wakeup: comm=kworker/u8:2 pid=119 prio=120 target_cpu=001
          <idle>-0     [001] d...  6513.740899: sched_switch: prev_comm=swapper/1 prev_pid=0 prev_prio=120 prev_state=R ==> next_comm=kworker/u8:2 next_pid=119 next_prio=120
            sshd-908   [000] d...  6513.740909: sched_switch: prev_comm=sshd prev_pid=908 prev_prio=120 prev_state=S ==> next_comm=swapper/0 next_pid=0 next_prio=120
    kworker/u8:2-119   [001] d...  6513.740917: sched_switch: prev_comm=kworker/u8:2 prev_pid=119 prev_prio=120 prev_state=I ==> next_comm=swapper/1 next_pid=0 next_prio=120
          <idle>-0     [003] dnh.  6513.740920: sched_wakeup: comm=bash pid=911 prio=120 target_cpu=003
          <idle>-0     [003] d...  6513.740935: sched_switch: prev_comm=swapper/3 prev_pid=0 prev_prio=120 prev_state=R ==> next_comm=bash next_pid=911 next_prio=120
          <idle>-0     [001] dnh.  6513.740974: sched_wakeup: comm=kworker/u8:2 pid=119 prio=120 target_cpu=001
          <idle>-0     [001] d...  6513.740985: sched_switch: prev_comm=swapper/1 prev_pid=0 prev_prio=120 prev_state=R ==> next_comm=kworker/u8:2 next_pid=119 next_prio=120
    kworker/u8:2-119   [001] d...  6513.741001: sched_switch: prev_comm=kworker/u8:2 prev_pid=119 prev_prio=120 prev_state=I ==> next_comm=swapper/1 next_pid=0 next_prio=120
          <idle>-0     [000] dnh.  6513.741004: sched_wakeup: comm=sshd pid=908 prio=120 target_cpu=000
          <idle>-0     [000] d...  6513.741017: sched_switch: prev_comm=swapper/0 prev_pid=0 prev_prio=120 prev_state=R ==> next_comm=sshd next_pid=908 next_prio=120
            sshd-908   [000] d...  6513.741181: sched_switch: prev_comm=sshd prev_pid=908 prev_prio=120 prev_state=S ==> next_comm=swapper/0 next_pid=0 next_prio=120
            bash-911   [003] ....  6513.741195: sys_clone+0x14/0x3c <-ret_fast_syscall+0x0/0x28
            bash-911   [003] ....  6513.741214: <stack trace>
 => sys_clone+0x18/0x3c
 => ret_fast_syscall+0x0/0x28
 => 0xbea89780
            bash-911   [003] ....  6513.741217: _do_fork+0x14/0x438 <-sys_clone+0x34/0x3c
            bash-911   [003] ....  6513.741227: <stack trace>
 => _do_fork+0x18/0x438
 => sys_clone+0x34/0x3c
 => ret_fast_syscall+0x0/0x28
 => 0xbea89780
            bash-911   [003] ....  6513.741230: copy_process.part.5+0x14/0x1ad4 <-_do_fork+0xd8/0x438
            bash-911   [003] ....  6513.741240: <stack trace>
 => copy_process.part.5+0x18/0x1ad4
 => _do_fork+0xd8/0x438
 => sys_clone+0x34/0x3c
 => ret_fast_syscall+0x0/0x28
 => 0xbea89780
            bash-911   [003] ....  6513.741813: sched_process_fork: comm=bash pid=911 child_comm=bash child_pid=1267
          <idle>-0     [000] d...  6513.741848: sched_switch: prev_comm=swapper/0 prev_pid=0 prev_prio=120 prev_state=R ==> next_comm=bash next_pid=1267 next_prio=120
            bash-911   [003] d...  6513.742523: sched_switch: prev_comm=bash prev_pid=911 prev_prio=120 prev_state=S ==> next_comm=swapper/3 next_pid=0 next_prio=120
          <idle>-0     [001] dnh.  6513.746705: sched_wakeup: comm=kworker/u8:2 pid=119 prio=120 target_cpu=001
          <idle>-0     [001] d...  6513.746729: sched_switch: prev_comm=swapper/1 prev_pid=0 prev_prio=120 prev_state=R ==> next_comm=kworker/u8:2 next_pid=119 next_prio=120
    kworker/u8:2-119   [001] d...  6513.746755: sched_wakeup: comm=sshd pid=908 prio=120 target_cpu=001
    kworker/u8:2-119   [001] d...  6513.746769: sched_switch: prev_comm=kworker/u8:2 prev_pid=119 prev_prio=120 prev_state=I ==> next_comm=sshd next_pid=908 next_prio=120
      rpi_return-1267  [000] d...  6513.746851: sched_switch: prev_comm=rpi_return prev_pid=1267 prev_prio=120 prev_state=S ==> next_comm=swapper/0 next_pid=0 next_prio=120
            sshd-908   [001] d...  6513.746987: sched_switch: prev_comm=sshd prev_pid=908 prev_prio=120 prev_state=S ==> next_comm=swapper/1 next_pid=0 next_prio=120
          <idle>-0     [002] dnh.  6513.749987: sched_wakeup: comm=rcu_sched pid=10 prio=120 target_cpu=002
          <idle>-0     [002] d...  6513.750003: sched_switch: prev_comm=swapper/2 prev_pid=0 prev_prio=120 prev_state=R ==> next_comm=rcu_sched next_pid=10 next_prio=120
       rcu_sched-10    [002] d...  6513.750021: sched_switch: prev_comm=rcu_sched prev_pid=10 prev_prio=120 prev_state=I ==> next_comm=swapper/2 next_pid=0 next_prio=120
          <idle>-0     [002] dns.  6513.769945: sched_wakeup: comm=rcu_sched pid=10 prio=120 target_cpu=002
          <idle>-0     [002] d...  6513.769990: sched_switch: prev_comm=swapper/2 prev_pid=0 prev_prio=120 prev_state=R ==> next_comm=rcu_sched next_pid=10 next_prio=120
       rcu_sched-10    [002] d...  6513.770014: sched_switch: prev_comm=rcu_sched prev_pid=10 prev_prio=120 prev_state=I ==> next_comm=swapper/2 next_pid=0 next_prio=120
          <idle>-0     [000] dnH.  6513.779966: sched_wakeup: comm=kworker/0:1 pid=1261 prio=120 target_cpu=000
          <idle>-0     [000] d...  6513.780010: sched_switch: prev_comm=swapper/0 prev_pid=0 prev_prio=120 prev_state=R ==> next_comm=kworker/0:1 next_pid=1261 next_prio=120
     kworker/0:1-1261  [000] d...  6513.780081: sched_switch: prev_comm=kworker/0:1 prev_pid=1261 prev_prio=120 prev_state=I ==> next_comm=swapper/0 next_pid=0 next_prio=120
          <idle>-0     [002] dns.  6513.789941: sched_wakeup: comm=rcu_sched pid=10 prio=120 target_cpu=002
          <idle>-0     [002] d...  6513.789979: sched_switch: prev_comm=swapper/2 prev_pid=0 prev_prio=120 prev_state=R ==> next_comm=rcu_sched next_pid=10 next_prio=120
       rcu_sched-10    [002] d...  6513.789997: sched_switch: prev_comm=rcu_sched prev_pid=10 prev_prio=120 prev_state=I ==> next_comm=swapper/2 next_pid=0 next_prio=120
          <idle>-0     [000] dnH.  6513.959963: sched_wakeup: comm=kworker/0:1 pid=1261 prio=120 target_cpu=000
          <idle>-0     [000] d...  6513.959982: sched_switch: prev_comm=swapper/0 prev_pid=0 prev_prio=120 prev_state=R ==> next_comm=kworker/0:1 next_pid=1261 next_prio=120
     kworker/0:1-1261  [000] d...  6513.960045: sched_switch: prev_comm=kworker/0:1 prev_pid=1261 prev_prio=120 prev_state=I ==> next_comm=swapper/0 next_pid=0 next_prio=120
          <idle>-0     [001] dnh.  6513.967479: sched_wakeup: comm=lxpanel pid=587 prio=120 target_cpu=001
          <idle>-0     [001] d...  6513.967496: sched_switch: prev_comm=swapper/1 prev_pid=0 prev_prio=120 prev_state=R ==> next_comm=lxpanel next_pid=587 next_prio=120
         lxpanel-587   [001] d...  6513.967584: sched_switch: prev_comm=lxpanel prev_pid=587 prev_prio=120 prev_state=S ==> next_comm=swapper/1 next_pid=0 next_prio=120
          <idle>-0     [000] dnH.  6514.089966: sched_wakeup: comm=kworker/0:1 pid=1261 prio=120 target_cpu=000
          <idle>-0     [000] d...  6514.089984: sched_switch: prev_comm=swapper/0 prev_pid=0 prev_prio=120 prev_state=R ==> next_comm=kworker/0:1 next_pid=1261 next_prio=120
     kworker/0:1-1261  [000] d...  6514.090018: sched_switch: prev_comm=kworker/0:1 prev_pid=1261 prev_prio=120 prev_state=I ==> next_comm=swapper/0 next_pid=0 next_prio=120
          <idle>-0     [000] dns.  6514.339952: sched_wakeup: comm=kworker/0:1 pid=1261 prio=120 target_cpu=000
          <idle>-0     [000] d...  6514.339991: sched_switch: prev_comm=swapper/0 prev_pid=0 prev_prio=120 prev_state=R ==> next_comm=kworker/0:1 next_pid=1261 next_prio=120
     kworker/0:1-1261  [000] d...  6514.340032: sched_switch: prev_comm=kworker/0:1 prev_pid=1261 prev_prio=120 prev_state=I ==> next_comm=swapper/0 next_pid=0 next_prio=120
          <idle>-0     [000] dns.  6514.479951: sched_wakeup: comm=kworker/0:1 pid=1261 prio=120 target_cpu=000
          <idle>-0     [000] d...  6514.479990: sched_switch: prev_comm=swapper/0 prev_pid=0 prev_prio=120 prev_state=R ==> next_comm=kworker/0:1 next_pid=1261 next_prio=120
     kworker/0:1-1261  [000] dn..  6514.480011: sched_wakeup: comm=kworker/0:0 pid=1059 prio=120 target_cpu=000
     kworker/0:1-1261  [000] d...  6514.480015: sched_switch: prev_comm=kworker/0:1 prev_pid=1261 prev_prio=120 prev_state=D ==> next_comm=kworker/0:0 next_pid=1059 next_prio=120
     kworker/0:0-1059  [000] d.h.  6514.480025: sched_wakeup: comm=kworker/0:1 pid=1261 prio=120 target_cpu=000
     kworker/0:0-1059  [000] d...  6514.480035: sched_switch: prev_comm=kworker/0:0 prev_pid=1059 prev_prio=120 prev_state=I ==> next_comm=kworker/0:1 next_pid=1261 next_prio=120
     kworker/0:1-1261  [000] dn..  6514.480052: sched_wakeup: comm=kworker/0:0 pid=1059 prio=120 target_cpu=000
     kworker/0:1-1261  [000] d...  6514.480054: sched_switch: prev_comm=kworker/0:1 prev_pid=1261 prev_prio=120 prev_state=D ==> next_comm=kworker/0:0 next_pid=1059 next_prio=120
     kworker/0:0-1059  [000] d.h.  6514.480062: sched_wakeup: comm=kworker/0:1 pid=1261 prio=120 target_cpu=000
     kworker/0:0-1059  [000] d...  6514.480071: sched_switch: prev_comm=kworker/0:0 prev_pid=1059 prev_prio=120 prev_state=I ==> next_comm=kworker/0:1 next_pid=1261 next_prio=120
     kworker/0:1-1261  [000] dn..  6514.480087: sched_wakeup: comm=kworker/0:0 pid=1059 prio=120 target_cpu=000
     kworker/0:1-1261  [000] d...  6514.480090: sched_switch: prev_comm=kworker/0:1 prev_pid=1261 prev_prio=120 prev_state=D ==> next_comm=kworker/0:0 next_pid=1059 next_prio=120
     kworker/0:0-1059  [000] d.h.  6514.480098: sched_wakeup: comm=kworker/0:1 pid=1261 prio=120 target_cpu=000
     kworker/0:0-1059  [000] d...  6514.480106: sched_switch: prev_comm=kworker/0:0 prev_pid=1059 prev_prio=120 prev_state=I ==> next_comm=kworker/0:1 next_pid=1261 next_prio=120
     kworker/0:1-1261  [000] dn..  6514.480122: sched_wakeup: comm=kworker/0:0 pid=1059 prio=120 target_cpu=000
     kworker/0:1-1261  [000] d...  6514.480125: sched_switch: prev_comm=kworker/0:1 prev_pid=1261 prev_prio=120 prev_state=D ==> next_comm=kworker/0:0 next_pid=1059 next_prio=120
     kworker/0:0-1059  [000] d.h.  6514.480132: sched_wakeup: comm=kworker/0:1 pid=1261 prio=120 target_cpu=000
     kworker/0:0-1059  [000] d...  6514.480141: sched_switch: prev_comm=kworker/0:0 prev_pid=1059 prev_prio=120 prev_state=I ==> next_comm=kworker/0:1 next_pid=1261 next_prio=120
     kworker/0:1-1261  [000] dn..  6514.480157: sched_wakeup: comm=kworker/0:0 pid=1059 prio=120 target_cpu=000
     kworker/0:1-1261  [000] d...  6514.480160: sched_switch: prev_comm=kworker/0:1 prev_pid=1261 prev_prio=120 prev_state=D ==> next_comm=kworker/0:0 next_pid=1059 next_prio=120
     kworker/0:0-1059  [000] d.h.  6514.480167: sched_wakeup: comm=kworker/0:1 pid=1261 prio=120 target_cpu=000
     kworker/0:0-1059  [000] d...  6514.480176: sched_switch: prev_comm=kworker/0:0 prev_pid=1059 prev_prio=120 prev_state=I ==> next_comm=kworker/0:1 next_pid=1261 next_prio=120
     kworker/0:1-1261  [000] d...  6514.480208: sched_switch: prev_comm=kworker/0:1 prev_pid=1261 prev_prio=120 prev_state=I ==> next_comm=swapper/0 next_pid=0 next_prio=120
          <idle>-0     [000] dnh.  6514.529942: sched_wakeup: comm=rngd pid=383 prio=120 target_cpu=000
          <idle>-0     [000] d...  6514.529961: sched_switch: prev_comm=swapper/0 prev_pid=0 prev_prio=120 prev_state=R ==> next_comm=rngd next_pid=383 next_prio=120
            rngd-383   [000] d...  6514.529982: sched_switch: prev_comm=rngd prev_pid=383 prev_prio=120 prev_state=S ==> next_comm=swapper/0 next_pid=0 next_prio=120
          <idle>-0     [001] dnh.  6514.568175: sched_wakeup: comm=lxpanel pid=587 prio=120 target_cpu=001
          <idle>-0     [001] d...  6514.568193: sched_switch: prev_comm=swapper/1 prev_pid=0 prev_prio=120 prev_state=R ==> next_comm=lxpanel next_pid=587 next_prio=120
         lxpanel-587   [001] d...  6514.568246: sched_switch: prev_comm=lxpanel prev_pid=587 prev_prio=120 prev_state=S ==> next_comm=swapper/1 next_pid=0 next_prio=120
          <idle>-0     [000] dnH.  6514.589972: sched_wakeup: comm=kworker/0:1 pid=1261 prio=120 target_cpu=000
          <idle>-0     [000] d...  6514.589991: sched_switch: prev_comm=swapper/0 prev_pid=0 prev_prio=120 prev_state=R ==> next_comm=kworker/0:1 next_pid=1261 next_prio=120
     kworker/0:1-1261  [000] d...  6514.590025: sched_switch: prev_comm=kworker/0:1 prev_pid=1261 prev_prio=120 prev_state=I ==> next_comm=swapper/0 next_pid=0 next_prio=120
          <idle>-0     [000] dns.  6514.719951: sched_wakeup: comm=kworker/0:1 pid=1261 prio=120 target_cpu=000
          <idle>-0     [002] dns.  6514.719952: sched_wakeup: comm=kworker/2:0 pid=1188 prio=120 target_cpu=002
          <idle>-0     [000] d...  6514.719989: sched_switch: prev_comm=swapper/0 prev_pid=0 prev_prio=120 prev_state=R ==> next_comm=kworker/0:1 next_pid=1261 next_prio=120
          <idle>-0     [002] d...  6514.719990: sched_switch: prev_comm=swapper/2 prev_pid=0 prev_prio=120 prev_state=R ==> next_comm=kworker/2:0 next_pid=1188 next_prio=120
     kworker/2:0-1188  [002] d.h.  6514.720020: sched_wakeup: comm=kworker/2:0 pid=1188 prio=120 target_cpu=002
     kworker/0:1-1261  [000] dn..  6514.720030: sched_wakeup: comm=kworker/0:0 pid=1059 prio=120 target_cpu=000
     kworker/0:1-1261  [000] d...  6514.720034: sched_switch: prev_comm=kworker/0:1 prev_pid=1261 prev_prio=120 prev_state=D ==> next_comm=kworker/0:0 next_pid=1059 next_prio=120
     kworker/2:0-1188  [002] d...  6514.720041: sched_wakeup: comm=kworker/2:2 pid=1087 prio=120 target_cpu=002
     kworker/2:0-1188  [002] d...  6514.720045: sched_switch: prev_comm=kworker/2:0 prev_pid=1188 prev_prio=120 prev_state=D ==> next_comm=kworker/2:2 next_pid=1087 next_prio=120
     kworker/2:2-1087  [002] d.h.  6514.720056: sched_wakeup: comm=kworker/2:0 pid=1188 prio=120 target_cpu=002
     kworker/0:0-1059  [000] d.s.  6514.720072: sched_wakeup: comm=kworker/0:1 pid=1261 prio=120 target_cpu=000
     kworker/2:2-1087  [002] d...  6514.720079: sched_switch: prev_comm=kworker/2:2 prev_pid=1087 prev_prio=120 prev_state=I ==> next_comm=kworker/2:0 next_pid=1188 next_prio=120
     kworker/0:0-1059  [000] d...  6514.720084: sched_switch: prev_comm=kworker/0:0 prev_pid=1059 prev_prio=120 prev_state=I ==> next_comm=kworker/0:1 next_pid=1261 next_prio=120
     kworker/2:0-1188  [002] d...  6514.720107: sched_switch: prev_comm=kworker/2:0 prev_pid=1188 prev_prio=120 prev_state=I ==> next_comm=swapper/2 next_pid=0 next_prio=120
     kworker/0:1-1261  [000] d...  6514.720117: sched_switch: prev_comm=kworker/0:1 prev_pid=1261 prev_prio=120 prev_state=I ==> next_comm=swapper/0 next_pid=0 next_prio=120
          <idle>-0     [000] dnH.  6514.839975: sched_wakeup: comm=kworker/0:1 pid=1261 prio=120 target_cpu=000
          <idle>-0     [000] d...  6514.839993: sched_switch: prev_comm=swapper/0 prev_pid=0 prev_prio=120 prev_state=R ==> next_comm=kworker/0:1 next_pid=1261 next_prio=120
     kworker/0:1-1261  [000] d...  6514.840027: sched_switch: prev_comm=kworker/0:1 prev_pid=1261 prev_prio=120 prev_state=I ==> next_comm=swapper/0 next_pid=0 next_prio=120
          <idle>-0     [000] dnh.  6515.034693: sched_wakeup: comm=gmain pid=564 prio=120 target_cpu=000
          <idle>-0     [000] dnh.  6515.034703: sched_wakeup: comm=kworker/0:1 pid=1261 prio=120 target_cpu=000
          <idle>-0     [000] d...  6515.034719: sched_switch: prev_comm=swapper/0 prev_pid=0 prev_prio=120 prev_state=R ==> next_comm=gmain next_pid=564 next_prio=120
           gmain-564   [000] d...  6515.034793: sched_switch: prev_comm=gmain prev_pid=564 prev_prio=120 prev_state=S ==> next_comm=kworker/0:1 next_pid=1261 next_prio=120
     kworker/0:1-1261  [000] d...  6515.034826: sched_switch: prev_comm=kworker/0:1 prev_pid=1261 prev_prio=120 prev_state=I ==> next_comm=swapper/0 next_pid=0 next_prio=120
          <idle>-0     [000] dnh.  6515.039963: sched_wakeup: comm=jbd2/mmcblk0p2- pid=78 prio=120 target_cpu=000
          <idle>-0     [003] dns.  6515.039968: sched_wakeup: comm=kworker/3:1 pid=40 prio=120 target_cpu=003
          <idle>-0     [000] d...  6515.039978: sched_switch: prev_comm=swapper/0 prev_pid=0 prev_prio=120 prev_state=R ==> next_comm=jbd2/mmcblk0p2- next_pid=78 next_prio=120
          <idle>-0     [003] d...  6515.040014: sched_switch: prev_comm=swapper/3 prev_pid=0 prev_prio=120 prev_state=R ==> next_comm=kworker/3:1 next_pid=40 next_prio=120
     kworker/3:1-40    [003] d...  6515.040044: sched_switch: prev_comm=kworker/3:1 prev_pid=40 prev_prio=120 prev_state=I ==> next_comm=swapper/3 next_pid=0 next_prio=120
 jbd2/mmcblk0p2--78    [000] dn..  6515.040109: sched_wakeup: comm=kworker/0:2H pid=97 prio=100 target_cpu=000
 jbd2/mmcblk0p2--78    [000] d...  6515.040118: sched_switch: prev_comm=jbd2/mmcblk0p2- prev_pid=78 prev_prio=120 prev_state=R+ ==> next_comm=kworker/0:2H next_pid=97 next_prio=100
    kworker/0:2H-97    [000] d...  6515.040175: sched_switch: prev_comm=kworker/0:2H prev_pid=97 prev_prio=100 prev_state=I ==> next_comm=jbd2/mmcblk0p2- next_pid=78 next_prio=120
 jbd2/mmcblk0p2--78    [000] d...  6515.040212: sched_switch: prev_comm=jbd2/mmcblk0p2- prev_pid=78 prev_prio=120 prev_state=D ==> next_comm=swapper/0 next_pid=0 next_prio=120
          <idle>-0     [000] dns.  6515.042962: sched_wakeup: comm=kworker/0:2H pid=97 prio=100 target_cpu=000
          <idle>-0     [000] d...  6515.042978: sched_switch: prev_comm=swapper/0 prev_pid=0 prev_prio=120 prev_state=R ==> next_comm=kworker/0:2H next_pid=97 next_prio=100
    kworker/0:2H-97    [000] d.s.  6515.043009: sched_wakeup: comm=kworker/0:2H pid=97 prio=100 target_cpu=000
    kworker/0:2H-97    [000] d...  6515.043035: sched_wakeup: comm=jbd2/mmcblk0p2- pid=78 prio=120 target_cpu=000
    kworker/0:2H-97    [000] d...  6515.043060: sched_switch: prev_comm=kworker/0:2H prev_pid=97 prev_prio=100 prev_state=I ==> next_comm=jbd2/mmcblk0p2- next_pid=78 next_prio=120
 jbd2/mmcblk0p2--78    [000] dn..  6515.043113: sched_wakeup: comm=kworker/0:2H pid=97 prio=100 target_cpu=000
