# tracer: function
#
# entries-in-buffer/entries-written: 2015/2015   #P:4
#
#                              _-----=> irqs-off
#                             / _----=> need-resched
#                            | / _---=> hardirq/softirq
#                            || / _--=> preempt-depth
#                            ||| /     delay
#           TASK-PID   CPU#  ||||    TIMESTAMP  FUNCTION
#              | |       |   ||||       |         |
          <idle>-0     [001] dnh.  6509.970090: sched_wakeup: comm=kworker/u8:2 pid=119 prio=120 target_cpu=001
          <idle>-0     [001] d...  6509.970109: sched_switch: prev_comm=swapper/1 prev_pid=0 prev_prio=120 prev_state=R ==> next_comm=kworker/u8:2 next_pid=119 next_prio=120
    kworker/u8:2-119   [001] d...  6509.970131: sched_switch: prev_comm=kworker/u8:2 prev_pid=119 prev_prio=120 prev_state=I ==> next_comm=swapper/1 next_pid=0 next_prio=120
          <idle>-0     [000] dnh.  6509.970133: sched_wakeup: comm=sshd pid=908 prio=120 target_cpu=000
          <idle>-0     [000] d...  6509.970151: sched_switch: prev_comm=swapper/0 prev_pid=0 prev_prio=120 prev_state=R ==> next_comm=sshd next_pid=908 next_prio=120
            bash-1255  [003] ....  6509.970243: do_exit+0x14/0xc18 <-do_group_exit+0x4c/0xe4
            bash-1255  [003] ....  6509.970266: <stack trace>
 => do_exit+0x18/0xc18
 => do_group_exit+0x4c/0xe4
 => __wake_up_parent+0x0/0x30
 => ret_fast_syscall+0x0/0x28
 => 0xbef834c8
            sshd-908   [000] d...  6509.970342: sched_switch: prev_comm=sshd prev_pid=908 prev_prio=120 prev_state=S ==> next_comm=swapper/0 next_pid=0 next_prio=120
            bash-1255  [003] ....  6509.970975: sched_process_exit: comm=bash pid=1255 prio=120
            bash-1255  [003] d...  6509.971058: signal_generate: sig=17 errno=0 code=1 comm=sudo pid=1250 grp=1 res=0
          <idle>-0     [000] dnh.  6509.971066: sched_wakeup: comm=sudo pid=1250 prio=120 target_cpu=000
            bash-1255  [003] d...  6509.971069: sched_switch: prev_comm=bash prev_pid=1255 prev_prio=120 prev_state=Z ==> next_comm=swapper/3 next_pid=0 next_prio=120
          <idle>-0     [000] dns.  6509.971128: sched_wakeup: comm=ksoftirqd/0 pid=9 prio=120 target_cpu=000
          <idle>-0     [000] d...  6509.971144: sched_switch: prev_comm=swapper/0 prev_pid=0 prev_prio=120 prev_state=R ==> next_comm=ksoftirqd/0 next_pid=9 next_prio=120
     ksoftirqd/0-9     [000] d...  6509.971160: sched_switch: prev_comm=ksoftirqd/0 prev_pid=9 prev_prio=120 prev_state=S ==> next_comm=sudo next_pid=1250 next_prio=120
            sudo-1250  [000] d...  6509.971177: signal_deliver: sig=17 errno=0 code=1 sa_handler=b6eb000c sa_flags=14000004
          <idle>-0     [003] dnh.  6509.972008: sched_wakeup: comm=systemd-journal pid=110 prio=120 target_cpu=003
          <idle>-0     [003] d...  6509.972019: sched_switch: prev_comm=swapper/3 prev_pid=0 prev_prio=120 prev_state=R ==> next_comm=systemd-journal next_pid=110 next_prio=120
          <idle>-0     [001] dnh.  6509.972034: sched_wakeup: comm=kworker/u8:2 pid=119 prio=120 target_cpu=001
          <idle>-0     [001] d...  6509.972046: sched_switch: prev_comm=swapper/1 prev_pid=0 prev_prio=120 prev_state=R ==> next_comm=kworker/u8:2 next_pid=119 next_prio=120
    kworker/u8:2-119   [001] ....  6509.972054: _do_fork+0x14/0x438 <-kernel_thread+0x40/0x48
    kworker/u8:2-119   [001] ....  6509.972078: <stack trace>
 => _do_fork+0x18/0x438
 => kernel_thread+0x40/0x48
 => call_usermodehelper_exec_work+0x8c/0xe8
 => process_one_work+0x170/0x458
 => worker_thread+0x5c/0x5a4
 => kthread+0x138/0x168
 => ret_from_fork+0x14/0x28
 => 0
    kworker/u8:2-119   [001] ....  6509.972080: copy_process.part.5+0x14/0x1ad4 <-_do_fork+0xd8/0x438
    kworker/u8:2-119   [001] ....  6509.972095: <stack trace>
 => copy_process.part.5+0x18/0x1ad4
 => _do_fork+0xd8/0x438
 => kernel_thread+0x40/0x48
 => call_usermodehelper_exec_work+0x8c/0xe8
 => process_one_work+0x170/0x458
 => worker_thread+0x5c/0x5a4
 => kthread+0x138/0x168
 => ret_from_fork+0x14/0x28
 => 0
            sudo-1250  [000] d...  6509.972114: sched_switch: prev_comm=sudo prev_pid=1250 prev_prio=120 prev_state=D ==> next_comm=swapper/0 next_pid=0 next_prio=120
    kworker/u8:2-119   [001] ....  6509.972170: sched_process_fork: comm=kworker/u8:2 pid=119 child_comm=kworker/u8:2 child_pid=1264
    kworker/u8:2-119   [001] d...  6509.972217: sched_switch: prev_comm=kworker/u8:2 prev_pid=119 prev_prio=120 prev_state=S ==> next_comm=kworker/u8:2 next_pid=1264 next_prio=120
 systemd-journal-110   [003] d...  6509.973561: sched_wakeup: comm=in:imuxsock pid=428 prio=120 target_cpu=003
 systemd-journal-110   [003] d...  6509.974140: sched_switch: prev_comm=systemd-journal prev_pid=110 prev_prio=120 prev_state=S ==> next_comm=in:imuxsock next_pid=428 next_prio=120
     in:imuxsock-428   [003] d...  6509.974264: sched_wakeup: comm=rs:main Q:Reg pid=430 prio=120 target_cpu=003
     in:imuxsock-428   [003] d...  6509.974286: sched_switch: prev_comm=in:imuxsock prev_pid=428 prev_prio=120 prev_state=S ==> next_comm=rs:main Q:Reg next_pid=430 next_prio=120
   rs:main Q:Reg-430   [003] d...  6509.974464: sched_switch: prev_comm=rs:main Q:Reg prev_pid=430 prev_prio=120 prev_state=S ==> next_comm=swapper/3 next_pid=0 next_prio=120
          <idle>-0     [002] dns.  6509.979923: sched_wakeup: comm=rcu_sched pid=10 prio=120 target_cpu=002
          <idle>-0     [002] d...  6509.979980: sched_switch: prev_comm=swapper/2 prev_pid=0 prev_prio=120 prev_state=R ==> next_comm=rcu_sched next_pid=10 next_prio=120
       rcu_sched-10    [002] d...  6509.980000: sched_switch: prev_comm=rcu_sched prev_pid=10 prev_prio=120 prev_state=I ==> next_comm=swapper/2 next_pid=0 next_prio=120
        modprobe-1264  [001] ....  6509.982552: do_exit+0x14/0xc18 <-do_group_exit+0x4c/0xe4
        modprobe-1264  [001] ....  6509.982574: <stack trace>
 => do_exit+0x18/0xc18
 => do_group_exit+0x4c/0xe4
 => __wake_up_parent+0x0/0x30
 => ret_fast_syscall+0x0/0x28
 => 0xbea6dd38
        modprobe-1264  [001] ....  6509.983114: sched_process_exit: comm=modprobe pid=1264 prio=120
        modprobe-1264  [001] d...  6509.983173: signal_generate: sig=17 errno=0 code=1 comm=kworker/u8:2 pid=119 grp=1 res=1
        modprobe-1264  [001] dn..  6509.983187: sched_wakeup: comm=kworker/u8:2 pid=119 prio=120 target_cpu=001
        modprobe-1264  [001] d...  6509.983198: sched_switch: prev_comm=modprobe prev_pid=1264 prev_prio=120 prev_state=Z ==> next_comm=kworker/u8:2 next_pid=119 next_prio=120
          <idle>-0     [000] dnh.  6509.983284: sched_wakeup: comm=sudo pid=1250 prio=120 target_cpu=000
          <idle>-0     [000] d...  6509.983296: sched_switch: prev_comm=swapper/0 prev_pid=0 prev_prio=120 prev_state=R ==> next_comm=sudo next_pid=1250 next_prio=120
    kworker/u8:2-119   [001] d...  6509.983309: sched_switch: prev_comm=kworker/u8:2 prev_pid=119 prev_prio=120 prev_state=I ==> next_comm=swapper/1 next_pid=0 next_prio=120
          <idle>-0     [001] dnh.  6509.983619: sched_wakeup: comm=kworker/u8:2 pid=119 prio=120 target_cpu=001
            sudo-1250  [000] d...  6509.983623: sched_switch: prev_comm=sudo prev_pid=1250 prev_prio=120 prev_state=D ==> next_comm=swapper/0 next_pid=0 next_prio=120
          <idle>-0     [001] d...  6509.983628: sched_switch: prev_comm=swapper/1 prev_pid=0 prev_prio=120 prev_state=R ==> next_comm=kworker/u8:2 next_pid=119 next_prio=120
    kworker/u8:2-119   [001] ....  6509.983635: _do_fork+0x14/0x438 <-kernel_thread+0x40/0x48
    kworker/u8:2-119   [001] ....  6509.983653: <stack trace>
 => _do_fork+0x18/0x438
 => kernel_thread+0x40/0x48
 => call_usermodehelper_exec_work+0x8c/0xe8
 => process_one_work+0x170/0x458
 => worker_thread+0x5c/0x5a4
 => kthread+0x138/0x168
 => ret_from_fork+0x14/0x28
 => 0
    kworker/u8:2-119   [001] ....  6509.983656: copy_process.part.5+0x14/0x1ad4 <-_do_fork+0xd8/0x438
    kworker/u8:2-119   [001] ....  6509.983670: <stack trace>
 => copy_process.part.5+0x18/0x1ad4
 => _do_fork+0xd8/0x438
 => kernel_thread+0x40/0x48
 => call_usermodehelper_exec_work+0x8c/0xe8
 => process_one_work+0x170/0x458
 => worker_thread+0x5c/0x5a4
 => kthread+0x138/0x168
 => ret_from_fork+0x14/0x28
 => 0
    kworker/u8:2-119   [001] ....  6509.983733: sched_process_fork: comm=kworker/u8:2 pid=119 child_comm=kworker/u8:2 child_pid=1265
    kworker/u8:2-119   [001] d...  6509.983754: sched_switch: prev_comm=kworker/u8:2 prev_pid=119 prev_prio=120 prev_state=S ==> next_comm=swapper/1 next_pid=0 next_prio=120
          <idle>-0     [002] d...  6509.983764: sched_switch: prev_comm=swapper/2 prev_pid=0 prev_prio=120 prev_state=R ==> next_comm=kworker/u8:2 next_pid=1265 next_prio=120
        modprobe-1265  [002] dnh.  6509.989969: sched_wakeup: comm=rcu_sched pid=10 prio=120 target_cpu=002
        modprobe-1265  [002] d...  6509.989982: sched_switch: prev_comm=modprobe prev_pid=1265 prev_prio=120 prev_state=R ==> next_comm=rcu_sched next_pid=10 next_prio=120
       rcu_sched-10    [002] d...  6509.990012: sched_switch: prev_comm=rcu_sched prev_pid=10 prev_prio=120 prev_state=I ==> next_comm=modprobe next_pid=1265 next_prio=120
        modprobe-1265  [002] ....  6509.994169: do_exit+0x14/0xc18 <-do_group_exit+0x4c/0xe4
        modprobe-1265  [002] ....  6509.994191: <stack trace>
 => do_exit+0x18/0xc18
 => do_group_exit+0x4c/0xe4
 => __wake_up_parent+0x0/0x30
 => ret_fast_syscall+0x0/0x28
 => 0xbefe6d38
        modprobe-1265  [002] ....  6509.994755: sched_process_exit: comm=modprobe pid=1265 prio=120
        modprobe-1265  [002] d...  6509.994816: signal_generate: sig=17 errno=0 code=1 comm=kworker/u8:2 pid=119 grp=1 res=1
          <idle>-0     [001] dnh.  6509.994836: sched_wakeup: comm=kworker/u8:2 pid=119 prio=120 target_cpu=001
          <idle>-0     [001] d...  6509.994849: sched_switch: prev_comm=swapper/1 prev_pid=0 prev_prio=120 prev_state=R ==> next_comm=kworker/u8:2 next_pid=119 next_prio=120
        modprobe-1265  [002] d...  6509.994860: sched_switch: prev_comm=modprobe prev_pid=1265 prev_prio=120 prev_state=X ==> next_comm=swapper/2 next_pid=0 next_prio=120
    kworker/u8:2-119   [001] d...  6509.994930: sched_switch: prev_comm=kworker/u8:2 prev_pid=119 prev_prio=120 prev_state=I ==> next_comm=swapper/1 next_pid=0 next_prio=120
          <idle>-0     [000] dnh.  6509.994932: sched_wakeup: comm=sudo pid=1250 prio=120 target_cpu=000
          <idle>-0     [000] d...  6509.994942: sched_switch: prev_comm=swapper/0 prev_pid=0 prev_prio=120 prev_state=R ==> next_comm=sudo next_pid=1250 next_prio=120
          <idle>-0     [001] dnh.  6509.994992: sched_wakeup: comm=kworker/u8:2 pid=119 prio=120 target_cpu=001
            sudo-1250  [000] d...  6509.994996: sched_switch: prev_comm=sudo prev_pid=1250 prev_prio=120 prev_state=D ==> next_comm=swapper/0 next_pid=0 next_prio=120
          <idle>-0     [001] d...  6509.995000: sched_switch: prev_comm=swapper/1 prev_pid=0 prev_prio=120 prev_state=R ==> next_comm=kworker/u8:2 next_pid=119 next_prio=120
    kworker/u8:2-119   [001] ....  6509.995007: _do_fork+0x14/0x438 <-kernel_thread+0x40/0x48
    kworker/u8:2-119   [001] ....  6509.995023: <stack trace>
 => _do_fork+0x18/0x438
 => kernel_thread+0x40/0x48
 => call_usermodehelper_exec_work+0x8c/0xe8
 => process_one_work+0x170/0x458
 => worker_thread+0x5c/0x5a4
 => kthread+0x138/0x168
 => ret_from_fork+0x14/0x28
 => 0
    kworker/u8:2-119   [001] ....  6509.995026: copy_process.part.5+0x14/0x1ad4 <-_do_fork+0xd8/0x438
    kworker/u8:2-119   [001] ....  6509.995038: <stack trace>
 => copy_process.part.5+0x18/0x1ad4
 => _do_fork+0xd8/0x438
 => kernel_thread+0x40/0x48
 => call_usermodehelper_exec_work+0x8c/0xe8
 => process_one_work+0x170/0x458
 => worker_thread+0x5c/0x5a4
 => kthread+0x138/0x168
 => ret_from_fork+0x14/0x28
 => 0
    kworker/u8:2-119   [001] ....  6509.995098: sched_process_fork: comm=kworker/u8:2 pid=119 child_comm=kworker/u8:2 child_pid=1266
    kworker/u8:2-119   [001] d...  6509.995118: sched_switch: prev_comm=kworker/u8:2 prev_pid=119 prev_prio=120 prev_state=S ==> next_comm=kworker/u8:2 next_pid=1266 next_prio=120
          <idle>-0     [003] dns.  6509.999927: sched_wakeup: comm=kworker/3:1 pid=40 prio=120 target_cpu=003
          <idle>-0     [003] d...  6509.999974: sched_switch: prev_comm=swapper/3 prev_pid=0 prev_prio=120 prev_state=R ==> next_comm=kworker/3:1 next_pid=40 next_prio=120
     kworker/3:1-40    [003] d...  6510.000010: sched_switch: prev_comm=kworker/3:1 prev_pid=40 prev_prio=120 prev_state=I ==> next_comm=swapper/3 next_pid=0 next_prio=120
        modprobe-1266  [001] ....  6510.005455: do_exit+0x14/0xc18 <-do_group_exit+0x4c/0xe4
        modprobe-1266  [001] ....  6510.005476: <stack trace>
 => do_exit+0x18/0xc18
 => do_group_exit+0x4c/0xe4
 => __wake_up_parent+0x0/0x30
 => ret_fast_syscall+0x0/0x28
 => 0xbe908d38
        modprobe-1266  [001] ....  6510.006038: sched_process_exit: comm=modprobe pid=1266 prio=120
        modprobe-1266  [001] d...  6510.006098: signal_generate: sig=17 errno=0 code=1 comm=kworker/u8:2 pid=119 grp=1 res=1
        modprobe-1266  [001] dn..  6510.006112: sched_wakeup: comm=kworker/u8:2 pid=119 prio=120 target_cpu=001
        modprobe-1266  [001] d...  6510.006124: sched_switch: prev_comm=modprobe prev_pid=1266 prev_prio=120 prev_state=Z ==> next_comm=kworker/u8:2 next_pid=119 next_prio=120
          <idle>-0     [000] dnh.  6510.006209: sched_wakeup: comm=sudo pid=1250 prio=120 target_cpu=000
          <idle>-0     [000] d...  6510.006220: sched_switch: prev_comm=swapper/0 prev_pid=0 prev_prio=120 prev_state=R ==> next_comm=sudo next_pid=1250 next_prio=120
    kworker/u8:2-119   [001] d...  6510.006237: sched_switch: prev_comm=kworker/u8:2 prev_pid=119 prev_prio=120 prev_state=I ==> next_comm=swapper/1 next_pid=0 next_prio=120
            sudo-1250  [000] ....  6510.007360: do_exit+0x14/0xc18 <-do_group_exit+0x4c/0xe4
            sudo-1250  [000] ....  6510.007376: <stack trace>
 => do_exit+0x18/0xc18
 => do_group_exit+0x4c/0xe4
 => __wake_up_parent+0x0/0x30
 => ret_fast_syscall+0x0/0x28
 => 0xbe8ec2f0
            sudo-1250  [000] ....  6510.008403: sched_process_exit: comm=sudo pid=1250 prio=120
            sudo-1250  [000] d...  6510.008526: signal_generate: sig=17 errno=0 code=1 comm=bash pid=911 grp=1 res=0
            sudo-1250  [000] d...  6510.008542: sched_switch: prev_comm=sudo prev_pid=1250 prev_prio=120 prev_state=Z ==> next_comm=swapper/0 next_pid=0 next_prio=120
          <idle>-0     [003] dnh.  6510.008545: sched_wakeup: comm=bash pid=911 prio=120 target_cpu=003
          <idle>-0     [003] d...  6510.008556: sched_switch: prev_comm=swapper/3 prev_pid=0 prev_prio=120 prev_state=R ==> next_comm=bash next_pid=911 next_prio=120
            bash-911   [003] d...  6510.008789: signal_deliver: sig=17 errno=0 code=1 sa_handler=55a6c sa_flags=14000000
          <idle>-0     [001] dnh.  6510.009732: sched_wakeup: comm=kworker/u8:2 pid=119 prio=120 target_cpu=001
          <idle>-0     [001] d...  6510.009743: sched_switch: prev_comm=swapper/1 prev_pid=0 prev_prio=120 prev_state=R ==> next_comm=kworker/u8:2 next_pid=119 next_prio=120
            bash-911   [003] d...  6510.009755: sched_switch: prev_comm=bash prev_pid=911 prev_prio=120 prev_state=S ==> next_comm=swapper/3 next_pid=0 next_prio=120
    kworker/u8:2-119   [001] d...  6510.009769: sched_switch: prev_comm=kworker/u8:2 prev_pid=119 prev_prio=120 prev_state=I ==> next_comm=swapper/1 next_pid=0 next_prio=120
          <idle>-0     [000] dnh.  6510.009771: sched_wakeup: comm=sshd pid=908 prio=120 target_cpu=000
          <idle>-0     [000] d...  6510.009780: sched_switch: prev_comm=swapper/0 prev_pid=0 prev_prio=120 prev_state=R ==> next_comm=sshd next_pid=908 next_prio=120
          <idle>-0     [002] dns.  6510.009909: sched_wakeup: comm=rcu_sched pid=10 prio=120 target_cpu=002
          <idle>-0     [002] d...  6510.009950: sched_switch: prev_comm=swapper/2 prev_pid=0 prev_prio=120 prev_state=R ==> next_comm=rcu_sched next_pid=10 next_prio=120
       rcu_sched-10    [002] d...  6510.009981: sched_switch: prev_comm=rcu_sched prev_pid=10 prev_prio=120 prev_state=I ==> next_comm=swapper/2 next_pid=0 next_prio=120
            sshd-908   [000] d...  6510.010100: sched_switch: prev_comm=sshd prev_pid=908 prev_prio=120 prev_state=S ==> next_comm=swapper/0 next_pid=0 next_prio=120
          <idle>-0     [002] dns.  6510.029895: sched_wakeup: comm=rcu_sched pid=10 prio=120 target_cpu=002
          <idle>-0     [002] d...  6510.029926: sched_switch: prev_comm=swapper/2 prev_pid=0 prev_prio=120 prev_state=R ==> next_comm=rcu_sched next_pid=10 next_prio=120
       rcu_sched-10    [002] d...  6510.029947: sched_switch: prev_comm=rcu_sched prev_pid=10 prev_prio=120 prev_state=I ==> next_comm=swapper/2 next_pid=0 next_prio=120
          <idle>-0     [002] dns.  6510.049895: sched_wakeup: comm=rcu_sched pid=10 prio=120 target_cpu=002
          <idle>-0     [002] d...  6510.049924: sched_switch: prev_comm=swapper/2 prev_pid=0 prev_prio=120 prev_state=R ==> next_comm=rcu_sched next_pid=10 next_prio=120
       rcu_sched-10    [002] d...  6510.049947: sched_switch: prev_comm=rcu_sched prev_pid=10 prev_prio=120 prev_state=I ==> next_comm=swapper/2 next_pid=0 next_prio=120
          <idle>-0     [003] dnH.  6510.059920: sched_wakeup: comm=kworker/3:1 pid=40 prio=120 target_cpu=003
          <idle>-0     [003] d...  6510.059947: sched_switch: prev_comm=swapper/3 prev_pid=0 prev_prio=120 prev_state=R ==> next_comm=kworker/3:1 next_pid=40 next_prio=120
     kworker/3:1-40    [003] d...  6510.059968: sched_switch: prev_comm=kworker/3:1 prev_pid=40 prev_prio=120 prev_state=I ==> next_comm=swapper/3 next_pid=0 next_prio=120
          <idle>-0     [002] dns.  6510.069894: sched_wakeup: comm=rcu_sched pid=10 prio=120 target_cpu=002
          <idle>-0     [002] d...  6510.069922: sched_switch: prev_comm=swapper/2 prev_pid=0 prev_prio=120 prev_state=R ==> next_comm=rcu_sched next_pid=10 next_prio=120
       rcu_sched-10    [002] d...  6510.069946: sched_switch: prev_comm=rcu_sched prev_pid=10 prev_prio=120 prev_state=I ==> next_comm=swapper/2 next_pid=0 next_prio=120
          <idle>-0     [002] dns.  6510.079898: sched_wakeup: comm=kworker/2:0 pid=1188 prio=120 target_cpu=002
          <idle>-0     [002] d...  6510.079935: sched_switch: prev_comm=swapper/2 prev_pid=0 prev_prio=120 prev_state=R ==> next_comm=kworker/2:0 next_pid=1188 next_prio=120
     kworker/2:0-1188  [002] d...  6510.079964: sched_switch: prev_comm=kworker/2:0 prev_pid=1188 prev_prio=120 prev_state=I ==> next_comm=swapper/2 next_pid=0 next_prio=120
          <idle>-0     [002] dns.  6510.089895: sched_wakeup: comm=rcu_sched pid=10 prio=120 target_cpu=002
          <idle>-0     [001] dns.  6510.089899: sched_wakeup: comm=kworker/1:0 pid=1258 prio=120 target_cpu=001
          <idle>-0     [002] d...  6510.089925: sched_switch: prev_comm=swapper/2 prev_pid=0 prev_prio=120 prev_state=R ==> next_comm=rcu_sched next_pid=10 next_prio=120
          <idle>-0     [001] d...  6510.089934: sched_switch: prev_comm=swapper/1 prev_pid=0 prev_prio=120 prev_state=R ==> next_comm=kworker/1:0 next_pid=1258 next_prio=120
       rcu_sched-10    [002] d...  6510.089991: sched_switch: prev_comm=rcu_sched prev_pid=10 prev_prio=120 prev_state=I ==> next_comm=swapper/2 next_pid=0 next_prio=120
     kworker/1:0-1258  [001] d...  6510.089992: sched_switch: prev_comm=kworker/1:0 prev_pid=1258 prev_prio=120 prev_state=I ==> next_comm=swapper/1 next_pid=0 next_prio=120
          <idle>-0     [002] dns.  6510.109900: sched_wakeup: comm=rcu_sched pid=10 prio=120 target_cpu=002
          <idle>-0     [002] d...  6510.109937: sched_switch: prev_comm=swapper/2 prev_pid=0 prev_prio=120 prev_state=R ==> next_comm=rcu_sched next_pid=10 next_prio=120
       rcu_sched-10    [002] d...  6510.109956: sched_switch: prev_comm=rcu_sched prev_pid=10 prev_prio=120 prev_state=I ==> next_comm=swapper/2 next_pid=0 next_prio=120
          <idle>-0     [000] dns.  6510.229907: sched_wakeup: comm=kworker/0:1 pid=1261 prio=120 target_cpu=000
          <idle>-0     [000] d...  6510.229959: sched_switch: prev_comm=swapper/0 prev_pid=0 prev_prio=120 prev_state=R ==> next_comm=kworker/0:1 next_pid=1261 next_prio=120
     kworker/0:1-1261  [000] d...  6510.230052: sched_switch: prev_comm=kworker/0:1 prev_pid=1261 prev_prio=120 prev_state=I ==> next_comm=swapper/0 next_pid=0 next_prio=120
          <idle>-0     [003] dnh.  6510.288936: sched_wakeup: comm=systemd-journal pid=110 prio=120 target_cpu=003
          <idle>-0     [003] d...  6510.288955: sched_switch: prev_comm=swapper/3 prev_pid=0 prev_prio=120 prev_state=R ==> next_comm=systemd-journal next_pid=110 next_prio=120
 systemd-journal-110   [003] d...  6510.289177: sched_switch: prev_comm=systemd-journal prev_pid=110 prev_prio=120 prev_state=S ==> next_comm=swapper/3 next_pid=0 next_prio=120
          <idle>-0     [000] dns.  6510.319900: sched_wakeup: comm=kworker/0:1 pid=1261 prio=120 target_cpu=000
          <idle>-0     [000] d...  6510.319935: sched_switch: prev_comm=swapper/0 prev_pid=0 prev_prio=120 prev_state=R ==> next_comm=kworker/0:1 next_pid=1261 next_prio=120
     kworker/0:1-1261  [000] d...  6510.319973: sched_switch: prev_comm=kworker/0:1 prev_pid=1261 prev_prio=120 prev_state=D ==> next_comm=swapper/0 next_pid=0 next_prio=120
          <idle>-0     [000] dnh.  6510.319983: sched_wakeup: comm=kworker/0:1 pid=1261 prio=120 target_cpu=000
          <idle>-0     [000] d...  6510.319989: sched_switch: prev_comm=swapper/0 prev_pid=0 prev_prio=120 prev_state=R ==> next_comm=kworker/0:1 next_pid=1261 next_prio=120
     kworker/0:1-1261  [000] d...  6510.320005: sched_switch: prev_comm=kworker/0:1 prev_pid=1261 prev_prio=120 prev_state=D ==> next_comm=swapper/0 next_pid=0 next_prio=120
          <idle>-0     [000] dnh.  6510.320013: sched_wakeup: comm=kworker/0:1 pid=1261 prio=120 target_cpu=000
          <idle>-0     [000] d...  6510.320019: sched_switch: prev_comm=swapper/0 prev_pid=0 prev_prio=120 prev_state=R ==> next_comm=kworker/0:1 next_pid=1261 next_prio=120
     kworker/0:1-1261  [000] d...  6510.320035: sched_switch: prev_comm=kworker/0:1 prev_pid=1261 prev_prio=120 prev_state=D ==> next_comm=swapper/0 next_pid=0 next_prio=120
          <idle>-0     [000] dnh.  6510.320043: sched_wakeup: comm=kworker/0:1 pid=1261 prio=120 target_cpu=000
          <idle>-0     [000] d...  6510.320049: sched_switch: prev_comm=swapper/0 prev_pid=0 prev_prio=120 prev_state=R ==> next_comm=kworker/0:1 next_pid=1261 next_prio=120
     kworker/0:1-1261  [000] d...  6510.320064: sched_switch: prev_comm=kworker/0:1 prev_pid=1261 prev_prio=120 prev_state=D ==> next_comm=swapper/0 next_pid=0 next_prio=120
          <idle>-0     [000] dnh.  6510.320071: sched_wakeup: comm=kworker/0:1 pid=1261 prio=120 target_cpu=000
          <idle>-0     [000] d...  6510.320077: sched_switch: prev_comm=swapper/0 prev_pid=0 prev_prio=120 prev_state=R ==> next_comm=kworker/0:1 next_pid=1261 next_prio=120
     kworker/0:1-1261  [000] d...  6510.320092: sched_switch: prev_comm=kworker/0:1 prev_pid=1261 prev_prio=120 prev_state=D ==> next_comm=swapper/0 next_pid=0 next_prio=120
          <idle>-0     [000] dnh.  6510.320100: sched_wakeup: comm=kworker/0:1 pid=1261 prio=120 target_cpu=000
          <idle>-0     [000] d...  6510.320106: sched_switch: prev_comm=swapper/0 prev_pid=0 prev_prio=120 prev_state=R ==> next_comm=kworker/0:1 next_pid=1261 next_prio=120
     kworker/0:1-1261  [000] d...  6510.320121: sched_switch: prev_comm=kworker/0:1 prev_pid=1261 prev_prio=120 prev_state=I ==> next_comm=swapper/0 next_pid=0 next_prio=120
          <idle>-0     [000] dnH.  6510.339921: sched_wakeup: comm=kworker/0:1 pid=1261 prio=120 target_cpu=000
          <idle>-0     [000] d...  6510.339940: sched_switch: prev_comm=swapper/0 prev_pid=0 prev_prio=120 prev_state=R ==> next_comm=kworker/0:1 next_pid=1261 next_prio=120
     kworker/0:1-1261  [000] d...  6510.339954: sched_switch: prev_comm=kworker/0:1 prev_pid=1261 prev_prio=120 prev_state=I ==> next_comm=swapper/0 next_pid=0 next_prio=120
          <idle>-0     [000] dnh.  6510.363276: sched_wakeup: comm=rngd pid=383 prio=120 target_cpu=000
          <idle>-0     [000] d...  6510.363293: sched_switch: prev_comm=swapper/0 prev_pid=0 prev_prio=120 prev_state=R ==> next_comm=rngd next_pid=383 next_prio=120
          <idle>-0     [001] dnh.  6510.363297: sched_wakeup: comm=lxpanel pid=587 prio=120 target_cpu=001
          <idle>-0     [001] d...  6510.363315: sched_switch: prev_comm=swapper/1 prev_pid=0 prev_prio=120 prev_state=R ==> next_comm=lxpanel next_pid=587 next_prio=120
            rngd-383   [000] d...  6510.363329: sched_switch: prev_comm=rngd prev_pid=383 prev_prio=120 prev_state=S ==> next_comm=swapper/0 next_pid=0 next_prio=120
         lxpanel-587   [001] d...  6510.363423: sched_switch: prev_comm=lxpanel prev_pid=587 prev_prio=120 prev_state=S ==> next_comm=swapper/1 next_pid=0 next_prio=120
          <idle>-0     [002] dns.  6510.559902: sched_wakeup: comm=kworker/2:0 pid=1188 prio=120 target_cpu=002
          <idle>-0     [000] dns.  6510.559903: sched_wakeup: comm=kworker/0:1 pid=1261 prio=120 target_cpu=000
          <idle>-0     [002] d...  6510.559938: sched_switch: prev_comm=swapper/2 prev_pid=0 prev_prio=120 prev_state=R ==> next_comm=kworker/2:0 next_pid=1188 next_prio=120
          <idle>-0     [000] d...  6510.559943: sched_switch: prev_comm=swapper/0 prev_pid=0 prev_prio=120 prev_state=R ==> next_comm=kworker/0:1 next_pid=1261 next_prio=120
     kworker/2:0-1188  [002] d.h.  6510.559970: sched_wakeup: comm=kworker/2:0 pid=1188 prio=120 target_cpu=002
     kworker/0:1-1261  [000] d...  6510.560030: sched_switch: prev_comm=kworker/0:1 prev_pid=1261 prev_prio=120 prev_state=I ==> next_comm=swapper/0 next_pid=0 next_prio=120
     kworker/2:0-1188  [002] d...  6510.560033: sched_switch: prev_comm=kworker/2:0 prev_pid=1188 prev_prio=120 prev_state=I ==> next_comm=swapper/2 next_pid=0 next_prio=120
          <idle>-0     [002] dns.  6510.639907: sched_wakeup: comm=khungtaskd pid=34 prio=120 target_cpu=002
          <idle>-0     [002] d...  6510.639942: sched_switch: prev_comm=swapper/2 prev_pid=0 prev_prio=120 prev_state=R ==> next_comm=khungtaskd next_pid=34 next_prio=120
      khungtaskd-34    [002] d...  6510.640018: sched_switch: prev_comm=khungtaskd prev_pid=34 prev_prio=120 prev_state=S ==> next_comm=swapper/2 next_pid=0 next_prio=120
          <idle>-0     [000] dns.  6510.692054: sched_wakeup: comm=sshd pid=908 prio=120 target_cpu=000
          <idle>-0     [000] dnH.  6510.692063: sched_wakeup: comm=kworker/0:1 pid=1261 prio=120 target_cpu=000
          <idle>-0     [000] dns.  6510.692083: sched_wakeup: comm=ksoftirqd/0 pid=9 prio=120 target_cpu=000
          <idle>-0     [000] d...  6510.692099: sched_switch: prev_comm=swapper/0 prev_pid=0 prev_prio=120 prev_state=R ==> next_comm=ksoftirqd/0 next_pid=9 next_prio=120
     ksoftirqd/0-9     [000] d...  6510.692115: sched_switch: prev_comm=ksoftirqd/0 prev_pid=9 prev_prio=120 prev_state=S ==> next_comm=sshd next_pid=908 next_prio=120
          <idle>-0     [001] dnh.  6510.692247: sched_wakeup: comm=kworker/u8:2 pid=119 prio=120 target_cpu=001
          <idle>-0     [001] d...  6510.692262: sched_switch: prev_comm=swapper/1 prev_pid=0 prev_prio=120 prev_state=R ==> next_comm=kworker/u8:2 next_pid=119 next_prio=120
            sshd-908   [000] d...  6510.692276: sched_switch: prev_comm=sshd prev_pid=908 prev_prio=120 prev_state=S ==> next_comm=kworker/0:1 next_pid=1261 next_prio=120
          <idle>-0     [003] dnh.  6510.692285: sched_wakeup: comm=bash pid=911 prio=120 target_cpu=003
          <idle>-0     [003] d...  6510.692301: sched_switch: prev_comm=swapper/3 prev_pid=0 prev_prio=120 prev_state=R ==> next_comm=bash next_pid=911 next_prio=120
    kworker/u8:2-119   [001] d...  6510.692324: sched_switch: prev_comm=kworker/u8:2 prev_pid=119 prev_prio=120 prev_state=I ==> next_comm=swapper/1 next_pid=0 next_prio=120
     kworker/0:1-1261  [000] d...  6510.692333: sched_switch: prev_comm=kworker/0:1 prev_pid=1261 prev_prio=120 prev_state=I ==> next_comm=swapper/0 next_pid=0 next_prio=120
          <idle>-0     [001] dnh.  6510.692386: sched_wakeup: comm=kworker/u8:2 pid=119 prio=120 target_cpu=001
          <idle>-0     [001] d...  6510.692398: sched_switch: prev_comm=swapper/1 prev_pid=0 prev_prio=120 prev_state=R ==> next_comm=kworker/u8:2 next_pid=119 next_prio=120
    kworker/u8:2-119   [001] d...  6510.692414: sched_switch: prev_comm=kworker/u8:2 prev_pid=119 prev_prio=120 prev_state=I ==> next_comm=swapper/1 next_pid=0 next_prio=120
          <idle>-0     [000] dnh.  6510.692417: sched_wakeup: comm=sshd pid=908 prio=120 target_cpu=000
          <idle>-0     [000] d...  6510.692432: sched_switch: prev_comm=swapper/0 prev_pid=0 prev_prio=120 prev_state=R ==> next_comm=sshd next_pid=908 next_prio=120
            bash-911   [003] d...  6510.692434: sched_switch: prev_comm=bash prev_pid=911 prev_prio=120 prev_state=S ==> next_comm=swapper/3 next_pid=0 next_prio=120
            sshd-908   [000] d...  6510.692602: sched_switch: prev_comm=sshd prev_pid=908 prev_prio=120 prev_state=S ==> next_comm=swapper/0 next_pid=0 next_prio=120
          <idle>-0     [000] dns.  6510.817521: sched_wakeup: comm=sshd pid=908 prio=120 target_cpu=000
          <idle>-0     [000] dnH.  6510.817530: sched_wakeup: comm=kworker/0:1 pid=1261 prio=120 target_cpu=000
          <idle>-0     [000] d...  6510.817555: sched_switch: prev_comm=swapper/0 prev_pid=0 prev_prio=120 prev_state=R ==> next_comm=sshd next_pid=908 next_prio=120
          <idle>-0     [001] dnh.  6510.817655: sched_wakeup: comm=kworker/u8:2 pid=119 prio=120 target_cpu=001
          <idle>-0     [001] d...  6510.817668: sched_switch: prev_comm=swapper/1 prev_pid=0 prev_prio=120 prev_state=R ==> next_comm=kworker/u8:2 next_pid=119 next_prio=120
            sshd-908   [000] d...  6510.817682: sched_switch: prev_comm=sshd prev_pid=908 prev_prio=120 prev_state=S ==> next_comm=kworker/0:1 next_pid=1261 next_prio=120
          <idle>-0     [003] dnh.  6510.817687: sched_wakeup: comm=bash pid=911 prio=120 target_cpu=003
          <idle>-0     [003] d...  6510.817702: sched_switch: prev_comm=swapper/3 prev_pid=0 prev_prio=120 prev_state=R ==> next_comm=bash next_pid=911 next_prio=120
    kworker/u8:2-119   [001] d...  6510.817725: sched_switch: prev_comm=kworker/u8:2 prev_pid=119 prev_prio=120 prev_state=I ==> next_comm=swapper/1 next_pid=0 next_prio=120
     kworker/0:1-1261  [000] d...  6510.817735: sched_switch: prev_comm=kworker/0:1 prev_pid=1261 prev_prio=120 prev_state=I ==> next_comm=swapper/0 next_pid=0 next_prio=120
          <idle>-0     [001] dnh.  6510.817766: sched_wakeup: comm=kworker/u8:2 pid=119 prio=120 target_cpu=001
          <idle>-0     [001] d...  6510.817778: sched_switch: prev_comm=swapper/1 prev_pid=0 prev_prio=120 prev_state=R ==> next_comm=kworker/u8:2 next_pid=119 next_prio=120
            bash-911   [003] d...  6510.817782: sched_switch: prev_comm=bash prev_pid=911 prev_prio=120 prev_state=S ==> next_comm=swapper/3 next_pid=0 next_prio=120
    kworker/u8:2-119   [001] d...  6510.817793: sched_switch: prev_comm=kworker/u8:2 prev_pid=119 prev_prio=120 prev_state=I ==> next_comm=swapper/1 next_pid=0 next_prio=120
          <idle>-0     [000] dnh.  6510.817795: sched_wakeup: comm=sshd pid=908 prio=120 target_cpu=000
          <idle>-0     [000] d...  6510.817808: sched_switch: prev_comm=swapper/0 prev_pid=0 prev_prio=120 prev_state=R ==> next_comm=sshd next_pid=908 next_prio=120
            sshd-908   [000] d...  6510.817958: sched_switch: prev_comm=sshd prev_pid=908 prev_prio=120 prev_state=S ==> next_comm=swapper/0 next_pid=0 next_prio=120
          <idle>-0     [001] dnh.  6510.964020: sched_wakeup: comm=lxpanel pid=587 prio=120 target_cpu=001
          <idle>-0     [001] dnh.  6510.964031: sched_wakeup: comm=kworker/1:0 pid=1258 prio=120 target_cpu=001
          <idle>-0     [001] d...  6510.964045: sched_switch: prev_comm=swapper/1 prev_pid=0 prev_prio=120 prev_state=R ==> next_comm=kworker/1:0 next_pid=1258 next_prio=120
     kworker/1:0-1258  [001] d...  6510.964062: sched_switch: prev_comm=kworker/1:0 prev_pid=1258 prev_prio=120 prev_state=I ==> next_comm=lxpanel next_pid=587 next_prio=120
         lxpanel-587   [001] d...  6510.964182: sched_switch: prev_comm=lxpanel prev_pid=587 prev_prio=120 prev_state=S ==> next_comm=swapper/1 next_pid=0 next_prio=120
          <idle>-0     [000] dnh.  6511.034558: sched_wakeup: comm=gmain pid=564 prio=120 target_cpu=000
          <idle>-0     [000] d...  6511.034575: sched_switch: prev_comm=swapper/0 prev_pid=0 prev_prio=120 prev_state=R ==> next_comm=gmain next_pid=564 next_prio=120
           gmain-564   [000] d...  6511.034676: sched_switch: prev_comm=gmain prev_pid=564 prev_prio=120 prev_state=S ==> next_comm=swapper/0 next_pid=0 next_prio=120
          <idle>-0     [002] dns.  6511.039925: sched_wakeup: comm=kworker/2:0 pid=1188 prio=120 target_cpu=002
          <idle>-0     [002] dns.  6511.039954: sched_wakeup: comm=ksoftirqd/2 pid=21 prio=120 target_cpu=002
          <idle>-0     [002] d...  6511.039966: sched_switch: prev_comm=swapper/2 prev_pid=0 prev_prio=120 prev_state=R ==> next_comm=ksoftirqd/2 next_pid=21 next_prio=120
     ksoftirqd/2-21    [002] d...  6511.039987: sched_switch: prev_comm=ksoftirqd/2 prev_pid=21 prev_prio=120 prev_state=S ==> next_comm=kworker/2:0 next_pid=1188 next_prio=120
     kworker/2:0-1188  [002] d...  6511.040036: sched_switch: prev_comm=kworker/2:0 prev_pid=1188 prev_prio=120 prev_state=I ==> next_comm=swapper/2 next_pid=0 next_prio=120
          <idle>-0     [000] dnH.  6511.089933: sched_wakeup: comm=kworker/0:1 pid=1261 prio=120 target_cpu=000
          <idle>-0     [000] d...  6511.089952: sched_switch: prev_comm=swapper/0 prev_pid=0 prev_prio=120 prev_state=R ==> next_comm=kworker/0:1 next_pid=1261 next_prio=120
     kworker/0:1-1261  [000] d...  6511.089987: sched_switch: prev_comm=kworker/0:1 prev_pid=1261 prev_prio=120 prev_state=I ==> next_comm=swapper/0 next_pid=0 next_prio=120
          <idle>-0     [000] dnh.  6511.279941: sched_wakeup: comm=rngd pid=383 prio=120 target_cpu=000
          <idle>-0     [000] dnh.  6511.279952: sched_wakeup: comm=kworker/0:1 pid=1261 prio=120 target_cpu=000
          <idle>-0     [000] d...  6511.279968: sched_switch: prev_comm=swapper/0 prev_pid=0 prev_prio=120 prev_state=R ==> next_comm=rngd next_pid=383 next_prio=120
            rngd-383   [000] d...  6511.279984: sched_switch: prev_comm=rngd prev_pid=383 prev_prio=120 prev_state=S ==> next_comm=kworker/0:1 next_pid=1261 next_prio=120
     kworker/0:1-1261  [000] d...  6511.280015: sched_switch: prev_comm=kworker/0:1 prev_pid=1261 prev_prio=120 prev_state=I ==> next_comm=swapper/0 next_pid=0 next_prio=120
          <idle>-0     [000] dns.  6511.339918: sched_wakeup: comm=kworker/0:1 pid=1261 prio=120 target_cpu=000
          <idle>-0     [000] d...  6511.339949: sched_switch: prev_comm=swapper/0 prev_pid=0 prev_prio=120 prev_state=R ==> next_comm=kworker/0:1 next_pid=1261 next_prio=120
     kworker/0:1-1261  [000] d...  6511.339989: sched_switch: prev_comm=kworker/0:1 prev_pid=1261 prev_prio=120 prev_state=I ==> next_comm=swapper/0 next_pid=0 next_prio=120
          <idle>-0     [000] dns.  6511.359912: sched_wakeup: comm=kworker/0:1 pid=1261 prio=120 target_cpu=000
          <idle>-0     [000] d...  6511.359944: sched_switch: prev_comm=swapper/0 prev_pid=0 prev_prio=120 prev_state=R ==> next_comm=kworker/0:1 next_pid=1261 next_prio=120
     kworker/0:1-1261  [000] d...  6511.359961: sched_switch: prev_comm=kworker/0:1 prev_pid=1261 prev_prio=120 prev_state=D ==> next_comm=swapper/0 next_pid=0 next_prio=120
          <idle>-0     [000] dnh.  6511.359970: sched_wakeup: comm=kworker/0:1 pid=1261 prio=120 target_cpu=000
          <idle>-0     [000] d...  6511.359977: sched_switch: prev_comm=swapper/0 prev_pid=0 prev_prio=120 prev_state=R ==> next_comm=kworker/0:1 next_pid=1261 next_prio=120
     kworker/0:1-1261  [000] d...  6511.359992: sched_switch: prev_comm=kworker/0:1 prev_pid=1261 prev_prio=120 prev_state=D ==> next_comm=swapper/0 next_pid=0 next_prio=120
          <idle>-0     [000] dnh.  6511.360000: sched_wakeup: comm=kworker/0:1 pid=1261 prio=120 target_cpu=000
          <idle>-0     [000] d...  6511.360006: sched_switch: prev_comm=swapper/0 prev_pid=0 prev_prio=120 prev_state=R ==> next_comm=kworker/0:1 next_pid=1261 next_prio=120
     kworker/0:1-1261  [000] d...  6511.360021: sched_switch: prev_comm=kworker/0:1 prev_pid=1261 prev_prio=120 prev_state=D ==> next_comm=swapper/0 next_pid=0 next_prio=120
          <idle>-0     [000] dnh.  6511.360029: sched_wakeup: comm=kworker/0:1 pid=1261 prio=120 target_cpu=000
          <idle>-0     [000] d...  6511.360035: sched_switch: prev_comm=swapper/0 prev_pid=0 prev_prio=120 prev_state=R ==> next_comm=kworker/0:1 next_pid=1261 next_prio=120
     kworker/0:1-1261  [000] d...  6511.360050: sched_switch: prev_comm=kworker/0:1 prev_pid=1261 prev_prio=120 prev_state=D ==> next_comm=swapper/0 next_pid=0 next_prio=120
          <idle>-0     [000] dnh.  6511.360057: sched_wakeup: comm=kworker/0:1 pid=1261 prio=120 target_cpu=000
          <idle>-0     [000] d...  6511.360063: sched_switch: prev_comm=swapper/0 prev_pid=0 prev_prio=120 prev_state=R ==> next_comm=kworker/0:1 next_pid=1261 next_prio=120
     kworker/0:1-1261  [000] d...  6511.360078: sched_switch: prev_comm=kworker/0:1 prev_pid=1261 prev_prio=120 prev_state=D ==> next_comm=swapper/0 next_pid=0 next_prio=120
          <idle>-0     [000] dnh.  6511.360086: sched_wakeup: comm=kworker/0:1 pid=1261 prio=120 target_cpu=000
          <idle>-0     [000] d...  6511.360092: sched_switch: prev_comm=swapper/0 prev_pid=0 prev_prio=120 prev_state=R ==> next_comm=kworker/0:1 next_pid=1261 next_prio=120
     kworker/0:1-1261  [000] d...  6511.360107: sched_switch: prev_comm=kworker/0:1 prev_pid=1261 prev_prio=120 prev_state=I ==> next_comm=swapper/0 next_pid=0 next_prio=120
          <idle>-0     [002] dnh.  6511.445501: sched_wakeup: comm=avahi-daemon pid=402 prio=120 target_cpu=002
          <idle>-0     [002] dnh.  6511.445511: sched_wakeup: comm=kworker/2:0 pid=1188 prio=120 target_cpu=002
          <idle>-0     [002] d...  6511.445527: sched_switch: prev_comm=swapper/2 prev_pid=0 prev_prio=120 prev_state=R ==> next_comm=avahi-daemon next_pid=402 next_prio=120
    avahi-daemon-402   [002] d...  6511.445781: sched_switch: prev_comm=avahi-daemon prev_pid=402 prev_prio=120 prev_state=S ==> next_comm=kworker/2:0 next_pid=1188 next_prio=120
     kworker/2:0-1188  [002] d...  6511.445834: sched_switch: prev_comm=kworker/2:0 prev_pid=1188 prev_prio=120 prev_state=I ==> next_comm=swapper/2 next_pid=0 next_prio=120
          <idle>-0     [002] dnh.  6511.445843: sched_wakeup: comm=avahi-daemon pid=402 prio=120 target_cpu=002
          <idle>-0     [002] d...  6511.445849: sched_switch: prev_comm=swapper/2 prev_pid=0 prev_prio=120 prev_state=R ==> next_comm=avahi-daemon next_pid=402 next_prio=120
    avahi-daemon-402   [002] d...  6511.446030: sched_switch: prev_comm=avahi-daemon prev_pid=402 prev_prio=120 prev_state=S ==> next_comm=swapper/2 next_pid=0 next_prio=120
          <idle>-0     [002] dnh.  6511.546117: sched_wakeup: comm=avahi-daemon pid=402 prio=120 target_cpu=002
          <idle>-0     [002] dnh.  6511.546127: sched_wakeup: comm=kworker/2:0 pid=1188 prio=120 target_cpu=002
          <idle>-0     [002] d...  6511.546143: sched_switch: prev_comm=swapper/2 prev_pid=0 prev_prio=120 prev_state=R ==> next_comm=kworker/2:0 next_pid=1188 next_prio=120
     kworker/2:0-1188  [002] d...  6511.546159: sched_switch: prev_comm=kworker/2:0 prev_pid=1188 prev_prio=120 prev_state=I ==> next_comm=avahi-daemon next_pid=402 next_prio=120
    avahi-daemon-402   [002] d...  6511.546288: sched_switch: prev_comm=avahi-daemon prev_pid=402 prev_prio=120 prev_state=S ==> next_comm=swapper/2 next_pid=0 next_prio=120
          <idle>-0     [001] dnh.  6511.564725: sched_wakeup: comm=lxpanel pid=587 prio=120 target_cpu=001
          <idle>-0     [001] d...  6511.564742: sched_switch: prev_comm=swapper/1 prev_pid=0 prev_prio=120 prev_state=R ==> next_comm=lxpanel next_pid=587 next_prio=120
         lxpanel-587   [001] d...  6511.564803: sched_switch: prev_comm=lxpanel prev_pid=587 prev_prio=120 prev_state=S ==> next_comm=swapper/1 next_pid=0 next_prio=120
          <idle>-0     [000] dns.  6511.599915: sched_wakeup: comm=kworker/0:1 pid=1261 prio=120 target_cpu=000
          <idle>-0     [000] d...  6511.599947: sched_switch: prev_comm=swapper/0 prev_pid=0 prev_prio=120 prev_state=R ==> next_comm=kworker/0:1 next_pid=1261 next_prio=120
     kworker/0:1-1261  [000] d...  6511.600020: sched_switch: prev_comm=kworker/0:1 prev_pid=1261 prev_prio=120 prev_state=D ==> next_comm=swapper/0 next_pid=0 next_prio=120
          <idle>-0     [000] dns.  6511.600043: sched_wakeup: comm=kworker/0:1 pid=1261 prio=120 target_cpu=000
          <idle>-0     [000] d...  6511.600052: sched_switch: prev_comm=swapper/0 prev_pid=0 prev_prio=120 prev_state=R ==> next_comm=kworker/0:1 next_pid=1261 next_prio=120
     kworker/0:1-1261  [000] d...  6511.600073: sched_switch: prev_comm=kworker/0:1 prev_pid=1261 prev_prio=120 prev_state=I ==> next_comm=swapper/0 next_pid=0 next_prio=120
          <idle>-0     [000] dnH.  6511.839939: sched_wakeup: comm=kworker/0:1 pid=1261 prio=120 target_cpu=000
          <idle>-0     [000] d...  6511.839958: sched_switch: prev_comm=swapper/0 prev_pid=0 prev_prio=120 prev_state=R ==> next_comm=kworker/0:1 next_pid=1261 next_prio=120
     kworker/0:1-1261  [000] d...  6511.839991: sched_switch: prev_comm=kworker/0:1 prev_pid=1261 prev_prio=120 prev_state=I ==> next_comm=swapper/0 next_pid=0 next_prio=120
          <idle>-0     [000] dns.  6512.019695: sched_wakeup: comm=sshd pid=908 prio=120 target_cpu=000
          <idle>-0     [000] dnH.  6512.019704: sched_wakeup: comm=kworker/0:1 pid=1261 prio=120 target_cpu=000
          <idle>-0     [000] dns.  6512.019724: sched_wakeup: comm=ksoftirqd/0 pid=9 prio=120 target_cpu=000
          <idle>-0     [000] d...  6512.019739: sched_switch: prev_comm=swapper/0 prev_pid=0 prev_prio=120 prev_state=R ==> next_comm=ksoftirqd/0 next_pid=9 next_prio=120
     ksoftirqd/0-9     [000] d...  6512.019753: sched_switch: prev_comm=ksoftirqd/0 prev_pid=9 prev_prio=120 prev_state=S ==> next_comm=sshd next_pid=908 next_prio=120
          <idle>-0     [001] dnh.  6512.019872: sched_wakeup: comm=kworker/u8:2 pid=119 prio=120 target_cpu=001
          <idle>-0     [001] d...  6512.019886: sched_switch: prev_comm=swapper/1 prev_pid=0 prev_prio=120 prev_state=R ==> next_comm=kworker/u8:2 next_pid=119 next_prio=120
            sshd-908   [000] d...  6512.019901: sched_switch: prev_comm=sshd prev_pid=908 prev_prio=120 prev_state=S ==> next_comm=kworker/0:1 next_pid=1261 next_prio=120
          <idle>-0     [003] dnh.  6512.019906: sched_wakeup: comm=bash pid=911 prio=120 target_cpu=003
          <idle>-0     [003] d...  6512.019921: sched_switch: prev_comm=swapper/3 prev_pid=0 prev_prio=120 prev_state=R ==> next_comm=bash next_pid=911 next_prio=120
    kworker/u8:2-119   [001] d...  6512.019927: sched_switch: prev_comm=kworker/u8:2 prev_pid=119 prev_prio=120 prev_state=I ==> next_comm=swapper/1 next_pid=0 next_prio=120
          <idle>-0     [001] dns.  6512.019955: sched_wakeup: comm=kworker/1:0 pid=1258 prio=120 target_cpu=001
     kworker/0:1-1261  [000] d...  6512.019964: sched_switch: prev_comm=kworker/0:1 prev_pid=1261 prev_prio=120 prev_state=I ==> next_comm=swapper/0 next_pid=0 next_prio=120
          <idle>-0     [001] d...  6512.019986: sched_switch: prev_comm=swapper/1 prev_pid=0 prev_prio=120 prev_state=R ==> next_comm=kworker/1:0 next_pid=1258 next_prio=120
     kworker/1:0-1258  [001] d.h.  6512.019995: sched_wakeup: comm=kworker/u8:2 pid=119 prio=120 target_cpu=001
     kworker/1:0-1258  [001] d...  6512.020020: sched_switch: prev_comm=kworker/1:0 prev_pid=1258 prev_prio=120 prev_state=I ==> next_comm=kworker/u8:2 next_pid=119 next_prio=120
            bash-911   [003] d...  6512.020031: sched_switch: prev_comm=bash prev_pid=911 prev_prio=120 prev_state=S ==> next_comm=swapper/3 next_pid=0 next_prio=120
    kworker/u8:2-119   [001] d...  6512.020035: sched_switch: prev_comm=kworker/u8:2 prev_pid=119 prev_prio=120 prev_state=I ==> next_comm=swapper/1 next_pid=0 next_prio=120
          <idle>-0     [000] dnh.  6512.020037: sched_wakeup: comm=sshd pid=908 prio=120 target_cpu=000
          <idle>-0     [000] d...  6512.020050: sched_switch: prev_comm=swapper/0 prev_pid=0 prev_prio=120 prev_state=R ==> next_comm=sshd next_pid=908 next_prio=120
            sshd-908   [000] d...  6512.020218: sched_switch: prev_comm=sshd prev_pid=908 prev_prio=120 prev_state=S ==> next_comm=swapper/0 next_pid=0 next_prio=120
          <idle>-0     [000] dnh.  6512.096607: sched_wakeup: comm=rngd pid=383 prio=120 target_cpu=000
          <idle>-0     [000] d...  6512.096624: sched_switch: prev_comm=swapper/0 prev_pid=0 prev_prio=120 prev_state=R ==> next_comm=rngd next_pid=383 next_prio=120
            rngd-383   [000] d...  6512.096678: sched_switch: prev_comm=rngd prev_pid=383 prev_prio=120 prev_state=S ==> next_comm=swapper/0 next_pid=0 next_prio=120
          <idle>-0     [000] dns.  6512.106756: sched_wakeup: comm=sshd pid=908 prio=120 target_cpu=000
          <idle>-0     [000] d...  6512.106779: sched_switch: prev_comm=swapper/0 prev_pid=0 prev_prio=120 prev_state=R ==> next_comm=sshd next_pid=908 next_prio=120
          <idle>-0     [001] dnh.  6512.106878: sched_wakeup: comm=kworker/u8:2 pid=119 prio=120 target_cpu=001
          <idle>-0     [001] d...  6512.106891: sched_switch: prev_comm=swapper/1 prev_pid=0 prev_prio=120 prev_state=R ==> next_comm=kworker/u8:2 next_pid=119 next_prio=120
            sshd-908   [000] d...  6512.106904: sched_switch: prev_comm=sshd prev_pid=908 prev_prio=120 prev_state=S ==> next_comm=swapper/0 next_pid=0 next_prio=120
    kworker/u8:2-119   [001] d...  6512.106906: sched_switch: prev_comm=kworker/u8:2 prev_pid=119 prev_prio=120 prev_state=I ==> next_comm=swapper/1 next_pid=0 next_prio=120
          <idle>-0     [003] dnh.  6512.106909: sched_wakeup: comm=bash pid=911 prio=120 target_cpu=003
          <idle>-0     [003] d...  6512.106923: sched_switch: prev_comm=swapper/3 prev_pid=0 prev_prio=120 prev_state=R ==> next_comm=bash next_pid=911 next_prio=120
          <idle>-0     [001] dnh.  6512.106983: sched_wakeup: comm=kworker/u8:2 pid=119 prio=120 target_cpu=001
          <idle>-0     [001] d...  6512.106994: sched_switch: prev_comm=swapper/1 prev_pid=0 prev_prio=120 prev_state=R ==> next_comm=kworker/u8:2 next_pid=119 next_prio=120
            bash-911   [003] d...  6512.106998: sched_switch: prev_comm=bash prev_pid=911 prev_prio=120 prev_state=S ==> next_comm=swapper/3 next_pid=0 next_prio=120
    kworker/u8:2-119   [001] d...  6512.107009: sched_switch: prev_comm=kworker/u8:2 prev_pid=119 prev_prio=120 prev_state=I ==> next_comm=swapper/1 next_pid=0 next_prio=120
          <idle>-0     [000] dnh.  6512.107011: sched_wakeup: comm=sshd pid=908 prio=120 target_cpu=000
          <idle>-0     [000] d...  6512.107024: sched_switch: prev_comm=swapper/0 prev_pid=0 prev_prio=120 prev_state=R ==> next_comm=sshd next_pid=908 next_prio=120
            sshd-908   [000] d...  6512.107169: sched_switch: prev_comm=sshd prev_pid=908 prev_prio=120 prev_state=S ==> next_comm=swapper/0 next_pid=0 next_prio=120
          <idle>-0     [000] dnH.  6512.149945: sched_wakeup: comm=kworker/0:1 pid=1261 prio=120 target_cpu=000
          <idle>-0     [000] d...  6512.149965: sched_switch: prev_comm=swapper/0 prev_pid=0 prev_prio=120 prev_state=R ==> next_comm=kworker/0:1 next_pid=1261 next_prio=120
     kworker/0:1-1261  [000] d...  6512.150016: sched_switch: prev_comm=kworker/0:1 prev_pid=1261 prev_prio=120 prev_state=I ==> next_comm=swapper/0 next_pid=0 next_prio=120
          <idle>-0     [001] dnh.  6512.165402: sched_wakeup: comm=lxpanel pid=587 prio=120 target_cpu=001
          <idle>-0     [001] d...  6512.165417: sched_switch: prev_comm=swapper/1 prev_pid=0 prev_prio=120 prev_state=R ==> next_comm=lxpanel next_pid=587 next_prio=120
         lxpanel-587   [001] d...  6512.165483: sched_switch: prev_comm=lxpanel prev_pid=587 prev_prio=120 prev_state=S ==> next_comm=swapper/1 next_pid=0 next_prio=120
          <idle>-0     [000] dns.  6512.275707: sched_wakeup: comm=sshd pid=908 prio=120 target_cpu=000
          <idle>-0     [000] dnH.  6512.275716: sched_wakeup: comm=kworker/0:1 pid=1261 prio=120 target_cpu=000
          <idle>-0     [000] dns.  6512.275733: sched_wakeup: comm=ksoftirqd/0 pid=9 prio=120 target_cpu=000
          <idle>-0     [000] d...  6512.275749: sched_switch: prev_comm=swapper/0 prev_pid=0 prev_prio=120 prev_state=R ==> next_comm=ksoftirqd/0 next_pid=9 next_prio=120
     ksoftirqd/0-9     [000] d...  6512.275762: sched_switch: prev_comm=ksoftirqd/0 prev_pid=9 prev_prio=120 prev_state=S ==> next_comm=sshd next_pid=908 next_prio=120
          <idle>-0     [001] dnh.  6512.275862: sched_wakeup: comm=kworker/u8:2 pid=119 prio=120 target_cpu=001
          <idle>-0     [001] d...  6512.275875: sched_switch: prev_comm=swapper/1 prev_pid=0 prev_prio=120 prev_state=R ==> next_comm=kworker/u8:2 next_pid=119 next_prio=120
            sshd-908   [000] d...  6512.275886: sched_switch: prev_comm=sshd prev_pid=908 prev_prio=120 prev_state=S ==> next_comm=kworker/0:1 next_pid=1261 next_prio=120
          <idle>-0     [003] dnh.  6512.275892: sched_wakeup: comm=bash pid=911 prio=120 target_cpu=003
          <idle>-0     [003] d...  6512.275906: sched_switch: prev_comm=swapper/3 prev_pid=0 prev_prio=120 prev_state=R ==> next_comm=bash next_pid=911 next_prio=120
